Archive member included because of file (symbol)

f:\C++\VSCODE\data\user-data\User\globalStorage\vexrobotics.vexcode\sdk\cpp\IQ2\IQ2_20231003_10_00_00/vexiq2\libviq2rt.a(iq2_startup.c.o)
                              (vexStartup)
f:\C++\VSCODE\data\user-data\User\globalStorage\vexrobotics.vexcode\sdk\cpp\IQ2\IQ2_20231003_10_00_00/vexiq2\libviq2rt.a(iq2_apijump.c.o)
                              f:\C++\VSCODE\data\user-data\User\globalStorage\vexrobotics.vexcode\sdk\cpp\IQ2\IQ2_20231003_10_00_00/vexiq2\libviq2rt.a(iq2_startup.c.o) (vexTaskAdd)
f:\C++\VSCODE\data\user-data\User\globalStorage\vexrobotics.vexcode\sdk\cpp\IQ2\IQ2_20231003_10_00_00/vexiq2\libviq2rt.a(iq2_apiversions.c.o)
                              f:\C++\VSCODE\data\user-data\User\globalStorage\vexrobotics.vexcode\sdk\cpp\IQ2\IQ2_20231003_10_00_00/vexiq2\libviq2rt.a(iq2_apijump.c.o) (vexSystemVersion)
f:\C++\VSCODE\data\user-data\User\globalStorage\vexrobotics.vexcode\sdk\cpp\IQ2\IQ2_20231003_10_00_00/vexiq2\libviq2rt.a(vex_global.cpp.o)
                              build/src/main.o (vex::wait(double, vex::timeUnits))
f:\C++\VSCODE\data\user-data\User\globalStorage\vexrobotics.vexcode\sdk\cpp\IQ2\IQ2_20231003_10_00_00/vexiq2\libviq2rt.a(vex_color.cpp.o)
                              build/src/main.o (vex::color::~color())
f:\C++\VSCODE\data\user-data\User\globalStorage\vexrobotics.vexcode\sdk\cpp\IQ2\IQ2_20231003_10_00_00/vexiq2\libviq2rt.a(vex_task.cpp.o)
                              build/src/main.o (vex::task::task(int (*)()))
f:\C++\VSCODE\data\user-data\User\globalStorage\vexrobotics.vexcode\sdk\cpp\IQ2\IQ2_20231003_10_00_00/vexiq2\libviq2rt.a(vex_thread.cpp.o)
                              build/src/main.o (vex::thread::thread(int (*)()))
f:\C++\VSCODE\data\user-data\User\globalStorage\vexrobotics.vexcode\sdk\cpp\IQ2\IQ2_20231003_10_00_00/vexiq2\libviq2rt.a(vex_brain.cpp.o)
                              build/src/main.o (vex::brain::~brain())
f:\C++\VSCODE\data\user-data\User\globalStorage\vexrobotics.vexcode\sdk\cpp\IQ2\IQ2_20231003_10_00_00/vexiq2\libviq2rt.a(vex_timer.cpp.o)
                              f:\C++\VSCODE\data\user-data\User\globalStorage\vexrobotics.vexcode\sdk\cpp\IQ2\IQ2_20231003_10_00_00/vexiq2\libviq2rt.a(vex_brain.cpp.o) (vex::timer::~timer())
f:\C++\VSCODE\data\user-data\User\globalStorage\vexrobotics.vexcode\sdk\cpp\IQ2\IQ2_20231003_10_00_00/vexiq2\libviq2rt.a(vex_motor.cpp.o)
                              build/src/main.o (vex::motor::~motor())
f:\C++\VSCODE\data\user-data\User\globalStorage\vexrobotics.vexcode\sdk\cpp\IQ2\IQ2_20231003_10_00_00/vexiq2\libviq2rt.a(vex_touchled.cpp.o)
                              build/src/main.o (vex::touchled::touchled(long))
f:\C++\VSCODE\data\user-data\User\globalStorage\vexrobotics.vexcode\sdk\cpp\IQ2\IQ2_20231003_10_00_00/vexiq2\libviq2rt.a(vex_imu.cpp.o)
                              build/src/main.o (vex::inertial::~inertial())
f:\C++\VSCODE\data\user-data\User\globalStorage\vexrobotics.vexcode\sdk\cpp\IQ2\IQ2_20231003_10_00_00/vexiq2\libviq2rt.a(vex_optical.cpp.o)
                              build/src/main.o (vex::optical::~optical())
f:\C++\VSCODE\data\user-data\User\globalStorage\vexrobotics.vexcode\sdk\cpp\IQ2\IQ2_20231003_10_00_00/vexiq2\libviq2rt.a(vex_event.cpp.o)
                              f:\C++\VSCODE\data\user-data\User\globalStorage\vexrobotics.vexcode\sdk\cpp\IQ2\IQ2_20231003_10_00_00/vexiq2\libviq2rt.a(vex_brain.cpp.o) (vex::event::init(unsigned long, unsigned long, void (*)()))
f:\C++\VSCODE\data\user-data\User\globalStorage\vexrobotics.vexcode\sdk\cpp\IQ2\IQ2_20231003_10_00_00/vexiq2\libviq2rt.a(vex_device.cpp.o)
                              f:\C++\VSCODE\data\user-data\User\globalStorage\vexrobotics.vexcode\sdk\cpp\IQ2\IQ2_20231003_10_00_00/vexiq2\libviq2rt.a(vex_motor.cpp.o) (vex::device::~device())
f:\C++\VSCODE\data\user-data\User\globalStorage\vexrobotics.vexcode\sdk\cpp\IQ2\IQ2_20231003_10_00_00/vexiq2/gcc/libs\libc_nano.a(lib_a-aeabi_atexit.o)
                              f:\C++\VSCODE\data\user-data\User\globalStorage\vexrobotics.vexcode\sdk\cpp\IQ2\IQ2_20231003_10_00_00/vexiq2\libviq2rt.a(vex_color.cpp.o) (__aeabi_atexit)
f:\C++\VSCODE\data\user-data\User\globalStorage\vexrobotics.vexcode\sdk\cpp\IQ2\IQ2_20231003_10_00_00/vexiq2/gcc/libs\libc_nano.a(lib_a-fclose.o)
                              f:\C++\VSCODE\data\user-data\User\globalStorage\vexrobotics.vexcode\sdk\cpp\IQ2\IQ2_20231003_10_00_00/vexiq2\libviq2rt.a(vex_brain.cpp.o) (fclose)
f:\C++\VSCODE\data\user-data\User\globalStorage\vexrobotics.vexcode\sdk\cpp\IQ2\IQ2_20231003_10_00_00/vexiq2/gcc/libs\libc_nano.a(lib_a-fflush.o)
                              f:\C++\VSCODE\data\user-data\User\globalStorage\vexrobotics.vexcode\sdk\cpp\IQ2\IQ2_20231003_10_00_00/vexiq2/gcc/libs\libc_nano.a(lib_a-fclose.o) (__sflush_r)
f:\C++\VSCODE\data\user-data\User\globalStorage\vexrobotics.vexcode\sdk\cpp\IQ2\IQ2_20231003_10_00_00/vexiq2/gcc/libs\libc_nano.a(lib_a-findfp.o)
[...]
Memory Configuration

Name             Origin             Length             Attributes
SRAM_1_2_3       0x20010000         0x00018000         xrw
*default*        0x00000000         0xffffffff

Linker script and memory map

                0x00000020                _STACK_SIZE = DEFINED (_STACK_SIZE)?_STACK_SIZE:0x20
                0x00001000                _HEAP_SIZE = DEFINED (_HEAP_SIZE)?_HEAP_SIZE:0x1000

.text           0x20010000     0x5364
 *(.vectors)
 *(.boot_data)
 .boot_data     0x20010000       0x10 f:\C++\VSCODE\data\user-data\User\globalStorage\vexrobotics.vexcode\sdk\cpp\IQ2\IQ2_20231003_10_00_00/vexiq2\libviq2rt.a(iq2_startup.c.o)
                0x20010000                vexCodeSig
                0x00000020                . = 0x20
 *fill*         0x20010010       0x10 
 *(.boot)
 .boot          0x20010020       0x64 f:\C++\VSCODE\data\user-data\User\globalStorage\vexrobotics.vexcode\sdk\cpp\IQ2\IQ2_20231003_10_00_00/vexiq2\libviq2rt.a(iq2_startup.c.o)
                0x20010020                vexStartup
                0x200100c0                . = ALIGN (0x40)
 *fill*         0x20010084       0x3c 
 *(.freertos_vectors)
 *(.text)
 .text          0x200100c0      0x378 f:\C++\VSCODE\data\user-data\User\globalStorage\vexrobotics.vexcode\sdk\cpp\IQ2\IQ2_20231003_10_00_00/vexiq2/gcc/libs\libgcc.a(_arm_addsubdf3.o)
                0x200100c0                __aeabi_drsub
                0x200100c8                __aeabi_dsub
                0x200100c8                __subdf3
                0x200100cc                __aeabi_dadd
                0x200100cc                __adddf3
                0x20010344                __floatunsidf
                0x20010344                __aeabi_ui2d
                0x20010364                __floatsidf
                0x20010364                __aeabi_i2d
                0x20010388                __aeabi_f2d
                0x20010388                __extendsfdf2
                0x200103cc                __floatundidf
                0x200103cc                __aeabi_ul2d
                0x200103dc                __floatdidf
                0x200103dc                __aeabi_l2d
 .text          0x20010438      0x424 f:\C++\VSCODE\data\user-data\User\globalStorage\vexrobotics.vexcode\sdk\cpp\IQ2\IQ2_20231003_10_00_00/vexiq2/gcc/libs\libgcc.a(_arm_muldivdf3.o)
                0x20010438                __aeabi_dmul
                0x20010438                __muldf3
                0x2001068c                __divdf3
                0x2001068c                __aeabi_ddiv
 .text          0x2001085c      0x110 f:\C++\VSCODE\data\user-data\User\globalStorage\vexrobotics.vexcode\sdk\cpp\IQ2\IQ2_20231003_10_00_00/vexiq2/gcc/libs\libgcc.a(_arm_cmpdf2.o)
                0x2001085c                __gtdf2
                0x2001085c                __gedf2
                0x20010864                __ltdf2
                0x20010864                __ledf2
                0x2001086c                __nedf2
                0x2001086c                __eqdf2
                0x2001086c                __cmpdf2
                0x200108e8                __aeabi_cdrcmple
                0x200108f8                __aeabi_cdcmpeq
                0x200108f8                __aeabi_cdcmple
                0x20010908                __aeabi_dcmpeq
                0x2001091c                __aeabi_dcmplt
                0x20010930                __aeabi_dcmple
                0x20010944                __aeabi_dcmpge
                0x20010958                __aeabi_dcmpgt
 .text          0x2001096c       0x2c f:\C++\VSCODE\data\user-data\User\globalStorage\vexrobotics.vexcode\sdk\cpp\IQ2\IQ2_20231003_10_00_00/vexiq2/gcc/libs\libgcc.a(_arm_unorddf2.o)
                0x2001096c                __unorddf2
                0x2001096c                __aeabi_dcmpun
 .text          0x20010998       0x50 f:\C++\VSCODE\data\user-data\User\globalStorage\vexrobotics.vexcode\sdk\cpp\IQ2\IQ2_20231003_10_00_00/vexiq2/gcc/libs\libgcc.a(_arm_fixdfsi.o)
                0x20010998                __aeabi_d2iz
                0x20010998                __fixdfsi
 .text          0x200109e8       0x40 f:\C++\VSCODE\data\user-data\User\globalStorage\vexrobotics.vexcode\sdk\cpp\IQ2\IQ2_20231003_10_00_00/vexiq2/gcc/libs\libgcc.a(_arm_fixunsdfsi.o)
                0x200109e8                __aeabi_d2uiz
                0x200109e8                __fixunsdfsi
 *(.text.*)
 .text._ZNSt3mapIPN3vex5motorEiSt4lessIS2_ESaISt4pairIKS2_iEEEC2ESt16initializer_listIS7_ERKS4_RKS8_
                0x20010a28       0x4a build/src/main.o
                0x20010a28                std::map<vex::motor*, int, std::less<vex::motor*>, std::allocator<std::pair<vex::motor* const, int> > >::map(std::initializer_list<std::pair<vex::motor* const, int> >, std::less<vex::motor*> const&, std::allocator<std::pair<vex::motor* const, int> > const&)
 .text._ZNSt3mapIPN3vex5motorEiSt4lessIS2_ESaISt4pairIKS2_iEEED2Ev
                0x20010a72       0x10 build/src/main.o
                0x20010a72                std::map<vex::motor*, int, std::less<vex::motor*>, std::allocator<std::pair<vex::motor* const, int> > >::~map()
 *fill*         0x20010a82        0x2 
 .text._Z8setSpeedPN3vex5motorEi
                0x20010a84       0x66 build/src/main.o
                0x20010a84                setSpeed(vex::motor*, int)
 *fill*         0x20010aea        0x2 
 .text._ZNSt3mapIPN3vex5motorEiSt4lessIS2_ESaISt4pairIKS2_iEEEixERS6_
                0x20010aec       0x5e build/src/main.o
                0x20010aec                std::map<vex::motor*, int, std::less<vex::motor*>, std::allocator<std::pair<vex::motor* const, int> > >::operator[](vex::motor* const&)
 *fill*         0x20010b4a        0x6 
 .text._Z10taskTuringv
                0x20010b50      0x340 build/src/main.o
                0x20010b50                taskTuring()
 .text._Z13drawCoolFace1v
                0x20010e90      0x16c build/src/main.o
                0x20010e90                drawCoolFace1()
 .text._Z13drawCoolFace2v
                0x20010ffc      0x16c build/src/main.o
                0x20010ffc                drawCoolFace2()
 .text._Z13drawCoolFace3v
                0x20011168      0x16c build/src/main.o
                0x20011168                drawCoolFace3()
 *fill*         0x200112d4        0x4 
 .text._Z7setTurnii
                0x200112d8      0x128 build/src/main.o
                0x200112d8                setTurn(int, int)
 .text._Z13followLinePIDv
                0x20011400      0x188 build/src/main.o
                0x20011400                followLinePID()
 .text._Z8redColorv
                0x20011588      0x1d0 build/src/main.o
                0x20011588                redColor()
 .text._Z9blueColorv
                0x20011758      0x3a0 build/src/main.o
                0x20011758                blueColor()
 .text._Z12parallelParkv
                0x20011af8      0x398 build/src/main.o
                0x20011af8                parallelPark()
 .text._Z8beepTaskv
                0x20011e90       0x80 build/src/main.o
                0x20011e90                beepTask()
 .text.main     0x20011f10      0x61a build/src/main.o
                0x20011f10                main
 *fill*         0x2001252a        0x2 
 .text._ZNSt8_Rb_treeIPN3vex5motorESt4pairIKS2_iESt10_Select1stIS5_ESt4lessIS2_ESaIS5_EE8_M_eraseEPSt13_Rb_tree_nodeIS5_E
                0x2001252c       0x2c build/src/main.o
                0x2001252c                std::_Rb_tree<vex::motor*, std::pair<vex::motor* const, int>, std::_Select1st<std::pair<vex::motor* const, int> >, std::less<vex::motor*>, std::allocator<std::pair<vex::motor* const, int> > >::_M_erase(std::_Rb_tree_node<std::pair<vex::motor* const, int> >*)
 .text._ZNSt8_Rb_treeIPN3vex5motorESt4pairIKS2_iESt10_Select1stIS5_ESt4lessIS2_ESaIS5_EE17_M_insert_unique_IRKS5_NSB_11_Alloc_nodeEEESt17_Rb_tree_iteratorIS5_ESt23_Rb_tree_const_iteratorIS5_EOT_RT0_
                0x20012558       0x38 build/src/main.o
                0x20012558                std::_Rb_tree_iterator<std::pair<vex::motor* const, int> > std::_Rb_tree<vex::motor*, std::pair<vex::motor* const, int>, std::_Select1st<std::pair<vex::motor* const, int> >, std::less<vex::motor*>, std::allocator<std::pair<vex::motor* const, int> > >::_M_insert_unique_<std::pair<vex::motor* const, int> const&, std::_Rb_tree<vex::motor*, std::pair<vex::motor* const, int>, std::_Select1st<std::pair<vex::motor* const, int> >, std::less<vex::motor*>, std::allocator<std::pair<vex::motor* const, int> > >::_Alloc_node>(std::_Rb_tree_const_iterator<std::pair<vex::motor* const, int> >, std::pair<vex::motor* const, int> const&, std::_Rb_tree<vex::motor*, std::pair<vex::motor* const, int>, std::_Select1st<std::pair<vex::motor* const, int> >, std::less<vex::motor*>, std::allocator<std::pair<vex::motor* const, int> > >::_Alloc_node&)
 .text._ZNSt8_Rb_treeIPN3vex5motorESt4pairIKS2_iESt10_Select1stIS5_ESt4lessIS2_ESaIS5_EE29_M_get_insert_hint_unique_posESt23_Rb_tree_const_iteratorIS5_ERS4_
                0x20012590       0x9a build/src/main.o
                0x20012590                std::_Rb_tree<vex::motor*, std::pair<vex::motor* const, int>, std::_Select1st<std::pair<vex::motor* const, int> >, std::less<vex::motor*>, std::allocator<std::pair<vex::motor* const, int> > >::_M_get_insert_hint_unique_pos(std::_Rb_tree_const_iterator<std::pair<vex::motor* const, int> >, vex::motor* const&)
 .text._ZNSt8_Rb_treeIPN3vex5motorESt4pairIKS2_iESt10_Select1stIS5_ESt4lessIS2_ESaIS5_EE10_M_insert_IRKS5_NSB_11_Alloc_nodeEEESt17_Rb_tree_iteratorIS5_EPSt18_Rb_tree_node_baseSJ_OT_RT0_
                0x2001262a       0x58 build/src/main.o
                0x2001262a                std::_Rb_tree_iterator<std::pair<vex::motor* const, int> > std::_Rb_tree<vex::motor*, std::pair<vex::motor* const, int>, std::_Select1st<std::pair<vex::motor* const, int> >, std::less<vex::motor*>, std::allocator<std::pair<vex::motor* const, int> > >::_M_insert_<std::pair<vex::motor* const, int> const&, std::_Rb_tree<vex::motor*, std::pair<vex::motor* const, int>, std::_Select1st<std::pair<vex::motor* const, int> >, std::less<vex::motor*>, std::allocator<std::pair<vex::motor* const, int> > >::_Alloc_node>(std::_Rb_tree_node_base*, std::_Rb_tree_node_base*, std::pair<vex::motor* const, int> const&, std::_Rb_tree<vex::motor*, std::pair<vex::motor* const, int>, std::_Select1st<std::pair<vex::motor* const, int> >, std::less<vex::motor*>, std::allocator<std::pair<vex::motor* const, int> > >::_Alloc_node&)
 *fill*         0x20012682        0x2 
 .text._ZNSt8_Rb_treeIPN3vex5motorESt4pairIKS2_iESt10_Select1stIS5_ESt4lessIS2_ESaIS5_EE24_M_get_insert_unique_posERS4_
                0x20012684       0x56 build/src/main.o
                0x20012684                std::_Rb_tree<vex::motor*, std::pair<vex::motor* const, int>, std::_Select1st<std::pair<vex::motor* const, int> >, std::less<vex::motor*>, std::allocator<std::pair<vex::motor* const, int> > >::_M_get_insert_unique_pos(vex::motor* const&)
 .text._ZNSt8_Rb_treeIPN3vex5motorESt4pairIKS2_iESt10_Select1stIS5_ESt4lessIS2_ESaIS5_EE22_M_emplace_hint_uniqueIJRKSt21piecewise_construct_tSt5tupleIJRS4_EESG_IJEEEEESt17_Rb_tree_iteratorIS5_ESt23_Rb_tree_const_iteratorIS5_EDpOT_
                0x200126da       0x50 build/src/main.o
                0x200126da                std::_Rb_tree_iterator<std::pair<vex::motor* const, int> > std::_Rb_tree<vex::motor*, std::pair<vex::motor* const, int>, std::_Select1st<std::pair<vex::motor* const, int> >, std::less<vex::motor*>, std::allocator<std::pair<vex::motor* const, int> > >::_M_emplace_hint_unique<std::piecewise_construct_t const&, std::tuple<vex::motor* const&>, std::tuple<> >(std::_Rb_tree_const_iterator<std::pair<vex::motor* const, int> >, std::piecewise_construct_t const&, std::tuple<vex::motor* const&>&&, std::tuple<>&&)
 .text._ZNSt8_Rb_treeIPN3vex5motorESt4pairIKS2_iESt10_Select1stIS5_ESt4lessIS2_ESaIS5_EE14_M_insert_nodeEPSt18_Rb_tree_node_baseSD_PSt13_Rb_tree_nodeIS5_E
                0x2001272a       0x32 build/src/main.o
                0x2001272a                std::_Rb_tree<vex::motor*, std::pair<vex::motor* const, int>, std::_Select1st<std::pair<vex::motor* const, int> >, std::less<vex::motor*>, std::allocator<std::pair<vex::motor* const, int> > >::_M_insert_node(std::_Rb_tree_node_base*, std::_Rb_tree_node_base*, std::_Rb_tree_node<std::pair<vex::motor* const, int> >*)
 .text._GLOBAL__sub_I_main.cpp
                0x2001275c      0x1ac build/src/main.o
 .text.vexMain  0x20012908       0x60 f:\C++\VSCODE\data\user-data\User\globalStorage\vexrobotics.vexcode\sdk\cpp\IQ2\IQ2_20231003_10_00_00/vexiq2\libviq2rt.a(iq2_startup.c.o)
                0x20012908                vexMain
 .text.__vex_function_prolog
                0x20012968       0x10 f:\C++\VSCODE\data\user-data\User\globalStorage\vexrobotics.vexcode\sdk\cpp\IQ2\IQ2_20231003_10_00_00/vexiq2\libviq2rt.a(iq2_startup.c.o)
                0x20012968                __vex_function_prolog
 .text._init    0x20012978        0x2 f:\C++\VSCODE\data\user-data\User\globalStorage\vexrobotics.vexcode\sdk\cpp\IQ2\IQ2_20231003_10_00_00/vexiq2\libviq2rt.a(iq2_startup.c.o)
                0x20012978                _init
 *fill*         0x2001297a        0x2 
 .text._sbrk    0x2001297c       0x38 f:\C++\VSCODE\data\user-data\User\globalStorage\vexrobotics.vexcode\sdk\cpp\IQ2\IQ2_20231003_10_00_00/vexiq2\libviq2rt.a(iq2_startup.c.o)
                0x2001297c                _sbrk
 .text._exit    0x200129b4       0x28 f:\C++\VSCODE\data\user-data\User\globalStorage\vexrobotics.vexcode\sdk\cpp\IQ2\IQ2_20231003_10_00_00/vexiq2\libviq2rt.a(iq2_startup.c.o)
                0x200129b4                _exit
 .text._kill    0x200129dc       0x10 f:\C++\VSCODE\data\user-data\User\globalStorage\vexrobotics.vexcode\sdk\cpp\IQ2\IQ2_20231003_10_00_00/vexiq2\libviq2rt.a(iq2_startup.c.o)
                0x200129dc                _kill
 .text._getpid  0x200129ec        0x4 f:\C++\VSCODE\data\user-data\User\globalStorage\vexrobotics.vexcode\sdk\cpp\IQ2\IQ2_20231003_10_00_00/vexiq2\libviq2rt.a(iq2_startup.c.o)
                0x200129ec                _getpid
 .text.__cxa_atexit
                0x200129f0        0x4 f:\C++\VSCODE\data\user-data\User\globalStorage\vexrobotics.vexcode\sdk\cpp\IQ2\IQ2_20231003_10_00_00/vexiq2\libviq2rt.a(iq2_startup.c.o)
                0x200129f0                __cxa_atexit
 .text.vexTaskAdd
                0x200129f4        0xc f:\C++\VSCODE\data\user-data\User\globalStorage\vexrobotics.vexcode\sdk\cpp\IQ2\IQ2_20231003_10_00_00/vexiq2\libviq2rt.a(iq2_apijump.c.o)
                0x200129f4                vexTaskAdd
 .text.vexTasksRun
                0x20012a00        0xc f:\C++\VSCODE\data\user-data\User\globalStorage\vexrobotics.vexcode\sdk\cpp\IQ2\IQ2_20231003_10_00_00/vexiq2\libviq2rt.a(iq2_apijump.c.o)
                0x20012a00                vexTasksRun
 .text.vexTaskCheckTimeslice
                0x20012a0c        0xc f:\C++\VSCODE\data\user-data\User\globalStorage\vexrobotics.vexcode\sdk\cpp\IQ2\IQ2_20231003_10_00_00/vexiq2\libviq2rt.a(iq2_apijump.c.o)
                0x20012a0c                vexTaskCheckTimeslice
 .text.vexTaskGetIndex
                0x20012a18        0xc f:\C++\VSCODE\data\user-data\User\globalStorage\vexrobotics.vexcode\sdk\cpp\IQ2\IQ2_20231003_10_00_00/vexiq2\libviq2rt.a(iq2_apijump.c.o)
                0x20012a18                vexTaskGetIndex
 .text.vexTaskSleep
                0x20012a24        0xc f:\C++\VSCODE\data\user-data\User\globalStorage\vexrobotics.vexcode\sdk\cpp\IQ2\IQ2_20231003_10_00_00/vexiq2\libviq2rt.a(iq2_apijump.c.o)
                0x20012a24                vexTaskSleep
 .text.vexTasksDump
                0x20012a30       0x18 f:\C++\VSCODE\data\user-data\User\globalStorage\vexrobotics.vexcode\sdk\cpp\IQ2\IQ2_20231003_10_00_00/vexiq2\libviq2rt.a(iq2_apijump.c.o)
                0x20012a30                vexTasksDump
 .text.vexTaskGetTaskIndex
                0x20012a48        0xc f:\C++\VSCODE\data\user-data\User\globalStorage\vexrobotics.vexcode\sdk\cpp\IQ2\IQ2_20231003_10_00_00/vexiq2\libviq2rt.a(iq2_apijump.c.o)
                0x20012a48                vexTaskGetTaskIndex
 .text.vexTaskCompletionIdSet
                0x20012a54        0xc f:\C++\VSCODE\data\user-data\User\globalStorage\vexrobotics.vexcode\sdk\cpp\IQ2\IQ2_20231003_10_00_00/vexiq2\libviq2rt.a(iq2_apijump.c.o)
                0x20012a54                vexTaskCompletionIdSet
 .text.vexTaskStopWithId
                0x20012a60        0xc f:\C++\VSCODE\data\user-data\User\globalStorage\vexrobotics.vexcode\sdk\cpp\IQ2\IQ2_20231003_10_00_00/vexiq2\libviq2rt.a(iq2_apijump.c.o)
                0x20012a60                vexTaskStopWithId
 .text.vexCriticalSection
                0x20012a6c        0xc f:\C++\VSCODE\data\user-data\User\globalStorage\vexrobotics.vexcode\sdk\cpp\IQ2\IQ2_20231003_10_00_00/vexiq2\libviq2rt.a(iq2_apijump.c.o)
                0x20012a6c                vexCriticalSection
 .text.vexDisplayContextSwitch
                0x20012a78        0xc f:\C++\VSCODE\data\user-data\User\globalStorage\vexrobotics.vexcode\sdk\cpp\IQ2\IQ2_20231003_10_00_00/vexiq2\libviq2rt.a(iq2_apijump.c.o)
                0x20012a78                vexDisplayContextSwitch
 .text.vexEventUserIndexGet
                0x20012a84       0x18 f:\C++\VSCODE\data\user-data\User\globalStorage\vexrobotics.vexcode\sdk\cpp\IQ2\IQ2_20231003_10_00_00/vexiq2\libviq2rt.a(iq2_apijump.c.o)
                0x20012a84                vexEventUserIndexGet
 .text.vexDebug
                0x20012a9c       0x2c f:\C++\VSCODE\data\user-data\User\globalStorage\vexrobotics.vexcode\sdk\cpp\IQ2\IQ2_20231003_10_00_00/vexiq2\libviq2rt.a(iq2_apijump.c.o)
                0x20012a9c                vexDebug
 .text.vex_sprintf
                0x20012ac8       0x30 f:\C++\VSCODE\data\user-data\User\globalStorage\vexrobotics.vexcode\sdk\cpp\IQ2\IQ2_20231003_10_00_00/vexiq2\libviq2rt.a(iq2_apijump.c.o)
                0x20012ac8                vex_sprintf
 .text.vex_vsnprintf
                0x20012af8       0x2c f:\C++\VSCODE\data\user-data\User\globalStorage\vexrobotics.vexcode\sdk\cpp\IQ2\IQ2_20231003_10_00_00/vexiq2\libviq2rt.a(iq2_apijump.c.o)
                0x20012af8                vex_vsnprintf
 .text.vexSystemTimeGet
                0x20012b24       0x18 f:\C++\VSCODE\data\user-data\User\globalStorage\vexrobotics.vexcode\sdk\cpp\IQ2\IQ2_20231003_10_00_00/vexiq2\libviq2rt.a(iq2_apijump.c.o)
                0x20012b24                vexSystemTimeGet
 .text.vexSystemExitRequest
                0x20012b3c       0x18 f:\C++\VSCODE\data\user-data\User\globalStorage\vexrobotics.vexcode\sdk\cpp\IQ2\IQ2_20231003_10_00_00/vexiq2\libviq2rt.a(iq2_apijump.c.o)
                0x20012b3c                vexSystemExitRequest
 .text.vexDeviceGetByIndex
                0x20012b54       0x1c f:\C++\VSCODE\data\user-data\User\globalStorage\vexrobotics.vexcode\sdk\cpp\IQ2\IQ2_20231003_10_00_00/vexiq2\libviq2rt.a(iq2_apijump.c.o)
                0x20012b54                vexDeviceGetByIndex
 .text.vexTouchledValueGet
                0x20012b70       0x1c f:\C++\VSCODE\data\user-data\User\globalStorage\vexrobotics.vexcode\sdk\cpp\IQ2\IQ2_20231003_10_00_00/vexiq2\libviq2rt.a(iq2_apijump.c.o)
                0x20012b70                vexTouchledValueGet
 .text.vexTouchledRgbSet
                0x20012b8c       0x2c f:\C++\VSCODE\data\user-data\User\globalStorage\vexrobotics.vexcode\sdk\cpp\IQ2\IQ2_20231003_10_00_00/vexiq2\libviq2rt.a(iq2_apijump.c.o)
                0x20012b8c                vexTouchledRgbSet
 .text.vexTouchledOn
                0x20012bb8       0x1c f:\C++\VSCODE\data\user-data\User\globalStorage\vexrobotics.vexcode\sdk\cpp\IQ2\IQ2_20231003_10_00_00/vexiq2\libviq2rt.a(iq2_apijump.c.o)
                0x20012bb8                vexTouchledOn
 .text.vexTouchledOff
                0x20012bd4       0x1c f:\C++\VSCODE\data\user-data\User\globalStorage\vexrobotics.vexcode\sdk\cpp\IQ2\IQ2_20231003_10_00_00/vexiq2\libviq2rt.a(iq2_apijump.c.o)
                0x20012bd4                vexTouchledOff
 .text.vexTouchledBrightnessSet
                0x20012bf0       0x20 f:\C++\VSCODE\data\user-data\User\globalStorage\vexrobotics.vexcode\sdk\cpp\IQ2\IQ2_20231003_10_00_00/vexiq2\libviq2rt.a(iq2_apijump.c.o)
                0x20012bf0                vexTouchledBrightnessSet
 .text.vexMotorVelocitySet
                0x20012c10       0x20 f:\C++\VSCODE\data\user-data\User\globalStorage\vexrobotics.vexcode\sdk\cpp\IQ2\IQ2_20231003_10_00_00/vexiq2\libviq2rt.a(iq2_apijump.c.o)
                0x20012c10                vexMotorVelocitySet
 .text.vexMotorActualVelocityGet
                0x20012c30       0x1c f:\C++\VSCODE\data\user-data\User\globalStorage\vexrobotics.vexcode\sdk\cpp\IQ2\IQ2_20231003_10_00_00/vexiq2\libviq2rt.a(iq2_apijump.c.o)
                0x20012c30                vexMotorActualVelocityGet
 .text.vexMotorModeGet
                0x20012c4c       0x1c f:\C++\VSCODE\data\user-data\User\globalStorage\vexrobotics.vexcode\sdk\cpp\IQ2\IQ2_20231003_10_00_00/vexiq2\libviq2rt.a(iq2_apijump.c.o)
                0x20012c4c                vexMotorModeGet
 .text.vexMotorCurrentLimitSet
                0x20012c68       0x20 f:\C++\VSCODE\data\user-data\User\globalStorage\vexrobotics.vexcode\sdk\cpp\IQ2\IQ2_20231003_10_00_00/vexiq2\libviq2rt.a(iq2_apijump.c.o)
                0x20012c68                vexMotorCurrentLimitSet
 .text.vexMotorZeroPositionFlagGet
                0x20012c88       0x1c f:\C++\VSCODE\data\user-data\User\globalStorage\vexrobotics.vexcode\sdk\cpp\IQ2\IQ2_20231003_10_00_00/vexiq2\libviq2rt.a(iq2_apijump.c.o)
                0x20012c88                vexMotorZeroPositionFlagGet
 .text.vexMotorReverseFlagSet
                0x20012ca4       0x20 f:\C++\VSCODE\data\user-data\User\globalStorage\vexrobotics.vexcode\sdk\cpp\IQ2\IQ2_20231003_10_00_00/vexiq2\libviq2rt.a(iq2_apijump.c.o)
                0x20012ca4                vexMotorReverseFlagSet
 .text.vexMotorEncoderUnitsSet
                0x20012cc4       0x20 f:\C++\VSCODE\data\user-data\User\globalStorage\vexrobotics.vexcode\sdk\cpp\IQ2\IQ2_20231003_10_00_00/vexiq2\libviq2rt.a(iq2_apijump.c.o)
                0x20012cc4                vexMotorEncoderUnitsSet
 .text.vexMotorBrakeModeSet
                0x20012ce4       0x20 f:\C++\VSCODE\data\user-data\User\globalStorage\vexrobotics.vexcode\sdk\cpp\IQ2\IQ2_20231003_10_00_00/vexiq2\libviq2rt.a(iq2_apijump.c.o)
                0x20012ce4                vexMotorBrakeModeSet
 .text.vexMotorPositionSet
                0x20012d04       0x34 f:\C++\VSCODE\data\user-data\User\globalStorage\vexrobotics.vexcode\sdk\cpp\IQ2\IQ2_20231003_10_00_00/vexiq2\libviq2rt.a(iq2_apijump.c.o)
                0x20012d04                vexMotorPositionSet
 .text.vexMotorAbsoluteTargetSet
                0x20012d38       0x38 f:\C++\VSCODE\data\user-data\User\globalStorage\vexrobotics.vexcode\sdk\cpp\IQ2\IQ2_20231003_10_00_00/vexiq2\libviq2rt.a(iq2_apijump.c.o)
                0x20012d38                vexMotorAbsoluteTargetSet
 .text.vexMotorRelativeTargetSet
                0x20012d70       0x38 f:\C++\VSCODE\data\user-data\User\globalStorage\vexrobotics.vexcode\sdk\cpp\IQ2\IQ2_20231003_10_00_00/vexiq2\libviq2rt.a(iq2_apijump.c.o)
                0x20012d70                vexMotorRelativeTargetSet
 .text.vexImuReset
                0x20012da8       0x1c f:\C++\VSCODE\data\user-data\User\globalStorage\vexrobotics.vexcode\sdk\cpp\IQ2\IQ2_20231003_10_00_00/vexiq2\libviq2rt.a(iq2_apijump.c.o)
                0x20012da8                vexImuReset
 .text.vexImuHeadingGet
                0x20012dc4       0x1c f:\C++\VSCODE\data\user-data\User\globalStorage\vexrobotics.vexcode\sdk\cpp\IQ2\IQ2_20231003_10_00_00/vexiq2\libviq2rt.a(iq2_apijump.c.o)
                0x20012dc4                vexImuHeadingGet
 .text.vexImuDegreesGet
                0x20012de0       0x1c f:\C++\VSCODE\data\user-data\User\globalStorage\vexrobotics.vexcode\sdk\cpp\IQ2\IQ2_20231003_10_00_00/vexiq2\libviq2rt.a(iq2_apijump.c.o)
                0x20012de0                vexImuDegreesGet
 .text.vexImuAttitudeGet
                0x20012dfc       0x20 f:\C++\VSCODE\data\user-data\User\globalStorage\vexrobotics.vexcode\sdk\cpp\IQ2\IQ2_20231003_10_00_00/vexiq2\libviq2rt.a(iq2_apijump.c.o)
                0x20012dfc                vexImuAttitudeGet
 .text.vexImuStatusGet
                0x20012e1c       0x1c f:\C++\VSCODE\data\user-data\User\globalStorage\vexrobotics.vexcode\sdk\cpp\IQ2\IQ2_20231003_10_00_00/vexiq2\libviq2rt.a(iq2_apijump.c.o)
                0x20012e1c                vexImuStatusGet
 .text.vexOpticalHueGet
                0x20012e38       0x1c f:\C++\VSCODE\data\user-data\User\globalStorage\vexrobotics.vexcode\sdk\cpp\IQ2\IQ2_20231003_10_00_00/vexiq2\libviq2rt.a(iq2_apijump.c.o)
                0x20012e38                vexOpticalHueGet
 .text.vexOpticalBrightnessGet
                0x20012e54       0x1c f:\C++\VSCODE\data\user-data\User\globalStorage\vexrobotics.vexcode\sdk\cpp\IQ2\IQ2_20231003_10_00_00/vexiq2\libviq2rt.a(iq2_apijump.c.o)
                0x20012e54                vexOpticalBrightnessGet
 .text.vexOpticalLedPwmSet
                0x20012e70       0x20 f:\C++\VSCODE\data\user-data\User\globalStorage\vexrobotics.vexcode\sdk\cpp\IQ2\IQ2_20231003_10_00_00/vexiq2\libviq2rt.a(iq2_apijump.c.o)
                0x20012e70                vexOpticalLedPwmSet
 .text.vexOpticalGestureEnable
                0x20012e90       0x1c f:\C++\VSCODE\data\user-data\User\globalStorage\vexrobotics.vexcode\sdk\cpp\IQ2\IQ2_20231003_10_00_00/vexiq2\libviq2rt.a(iq2_apijump.c.o)
                0x20012e90                vexOpticalGestureEnable
 .text.vexOpticalGestureDisable
                0x20012eac       0x1c f:\C++\VSCODE\data\user-data\User\globalStorage\vexrobotics.vexcode\sdk\cpp\IQ2\IQ2_20231003_10_00_00/vexiq2\libviq2rt.a(iq2_apijump.c.o)
                0x20012eac                vexOpticalGestureDisable
 .text.vexOpticalProximityThreshold
                0x20012ec8       0x20 f:\C++\VSCODE\data\user-data\User\globalStorage\vexrobotics.vexcode\sdk\cpp\IQ2\IQ2_20231003_10_00_00/vexiq2\libviq2rt.a(iq2_apijump.c.o)
                0x20012ec8                vexOpticalProximityThreshold
 .text.vexSoundPlay
                0x20012ee8       0x20 f:\C++\VSCODE\data\user-data\User\globalStorage\vexrobotics.vexcode\sdk\cpp\IQ2\IQ2_20231003_10_00_00/vexiq2\libviq2rt.a(iq2_apijump.c.o)
                0x20012ee8                vexSoundPlay
 .text.vexSoundPlayTone
                0x20012f08       0x24 f:\C++\VSCODE\data\user-data\User\globalStorage\vexrobotics.vexcode\sdk\cpp\IQ2\IQ2_20231003_10_00_00/vexiq2\libviq2rt.a(iq2_apijump.c.o)
                0x20012f08                vexSoundPlayTone
 .text.vexDisplayForegroundColor
                0x20012f2c       0x1c f:\C++\VSCODE\data\user-data\User\globalStorage\vexrobotics.vexcode\sdk\cpp\IQ2\IQ2_20231003_10_00_00/vexiq2\libviq2rt.a(iq2_apijump.c.o)
                0x20012f2c                vexDisplayForegroundColor
 .text.vexDisplayBackgroundColor
                0x20012f48       0x1c f:\C++\VSCODE\data\user-data\User\globalStorage\vexrobotics.vexcode\sdk\cpp\IQ2\IQ2_20231003_10_00_00/vexiq2\libviq2rt.a(iq2_apijump.c.o)
                0x20012f48                vexDisplayBackgroundColor
 .text.vexDisplayBackgroundColorGet
                0x20012f64       0x18 f:\C++\VSCODE\data\user-data\User\globalStorage\vexrobotics.vexcode\sdk\cpp\IQ2\IQ2_20231003_10_00_00/vexiq2\libviq2rt.a(iq2_apijump.c.o)
                0x20012f64                vexDisplayBackgroundColorGet
 .text.vexDisplayPixelSet
                0x20012f7c       0x28 f:\C++\VSCODE\data\user-data\User\globalStorage\vexrobotics.vexcode\sdk\cpp\IQ2\IQ2_20231003_10_00_00/vexiq2\libviq2rt.a(iq2_apijump.c.o)
                0x20012f7c                vexDisplayPixelSet
 .text.vexDisplayLineDraw
                0x20012fa4       0x34 f:\C++\VSCODE\data\user-data\User\globalStorage\vexrobotics.vexcode\sdk\cpp\IQ2\IQ2_20231003_10_00_00/vexiq2\libviq2rt.a(iq2_apijump.c.o)
                0x20012fa4                vexDisplayLineDraw
 .text.vexDisplayRectDraw
                0x20012fd8       0x34 f:\C++\VSCODE\data\user-data\User\globalStorage\vexrobotics.vexcode\sdk\cpp\IQ2\IQ2_20231003_10_00_00/vexiq2\libviq2rt.a(iq2_apijump.c.o)
                0x20012fd8                vexDisplayRectDraw
 .text.vexDisplayRectClear
                0x2001300c       0x34 f:\C++\VSCODE\data\user-data\User\globalStorage\vexrobotics.vexcode\sdk\cpp\IQ2\IQ2_20231003_10_00_00/vexiq2\libviq2rt.a(iq2_apijump.c.o)
                0x2001300c                vexDisplayRectClear
 .text.vexDisplayCircleDraw
                0x20013040       0x2c f:\C++\VSCODE\data\user-data\User\globalStorage\vexrobotics.vexcode\sdk\cpp\IQ2\IQ2_20231003_10_00_00/vexiq2\libviq2rt.a(iq2_apijump.c.o)
                0x20013040                vexDisplayCircleDraw
 .text.vexDisplayCircleClear
                0x2001306c       0x2c f:\C++\VSCODE\data\user-data\User\globalStorage\vexrobotics.vexcode\sdk\cpp\IQ2\IQ2_20231003_10_00_00/vexiq2\libviq2rt.a(iq2_apijump.c.o)
                0x2001306c                vexDisplayCircleClear
 .text.vexDisplayVPrintf
                0x20013098       0x38 f:\C++\VSCODE\data\user-data\User\globalStorage\vexrobotics.vexcode\sdk\cpp\IQ2\IQ2_20231003_10_00_00/vexiq2\libviq2rt.a(iq2_apijump.c.o)
                0x20013098                vexDisplayVPrintf
 .text.vexDisplayTextReference
                0x200130d0       0x1c f:\C++\VSCODE\data\user-data\User\globalStorage\vexrobotics.vexcode\sdk\cpp\IQ2\IQ2_20231003_10_00_00/vexiq2\libviq2rt.a(iq2_apijump.c.o)
                0x200130d0                vexDisplayTextReference
 .text.vexDisplayTextSize
                0x200130ec       0x20 f:\C++\VSCODE\data\user-data\User\globalStorage\vexrobotics.vexcode\sdk\cpp\IQ2\IQ2_20231003_10_00_00/vexiq2\libviq2rt.a(iq2_apijump.c.o)
                0x200130ec                vexDisplayTextSize
 .text.vexDisplayFontNamedSet
                0x2001310c       0x1c f:\C++\VSCODE\data\user-data\User\globalStorage\vexrobotics.vexcode\sdk\cpp\IQ2\IQ2_20231003_10_00_00/vexiq2\libviq2rt.a(iq2_apijump.c.o)
                0x2001310c                vexDisplayFontNamedSet
 .text.vexDisplayStringWidthGet
                0x20013128       0x1c f:\C++\VSCODE\data\user-data\User\globalStorage\vexrobotics.vexcode\sdk\cpp\IQ2\IQ2_20231003_10_00_00/vexiq2\libviq2rt.a(iq2_apijump.c.o)
                0x20013128                vexDisplayStringWidthGet
 .text.vexDisplayPenSizeSet
                0x20013144       0x1c f:\C++\VSCODE\data\user-data\User\globalStorage\vexrobotics.vexcode\sdk\cpp\IQ2\IQ2_20231003_10_00_00/vexiq2\libviq2rt.a(iq2_apijump.c.o)
                0x20013144                vexDisplayPenSizeSet
 .text.vexDisplayPenSizeGet
                0x20013160       0x18 f:\C++\VSCODE\data\user-data\User\globalStorage\vexrobotics.vexcode\sdk\cpp\IQ2\IQ2_20231003_10_00_00/vexiq2\libviq2rt.a(iq2_apijump.c.o)
                0x20013160                vexDisplayPenSizeGet
 .text.vexDisplayRender
                0x20013178       0x20 f:\C++\VSCODE\data\user-data\User\globalStorage\vexrobotics.vexcode\sdk\cpp\IQ2\IQ2_20231003_10_00_00/vexiq2\libviq2rt.a(iq2_apijump.c.o)
                0x20013178                vexDisplayRender
 .text.vexBatteryCapacityGet
                0x20013198       0x18 f:\C++\VSCODE\data\user-data\User\globalStorage\vexrobotics.vexcode\sdk\cpp\IQ2\IQ2_20231003_10_00_00/vexiq2\libviq2rt.a(iq2_apijump.c.o)
                0x20013198                vexBatteryCapacityGet
 .text.vexSystemVersion
                0x200131b0        0xc f:\C++\VSCODE\data\user-data\User\globalStorage\vexrobotics.vexcode\sdk\cpp\IQ2\IQ2_20231003_10_00_00/vexiq2\libviq2rt.a(iq2_apiversions.c.o)
                0x200131b0                vexSystemVersion
 .text._ZN3vex4waitEdNS_9timeUnitsE
                0x200131bc       0x3c f:\C++\VSCODE\data\user-data\User\globalStorage\vexrobotics.vexcode\sdk\cpp\IQ2\IQ2_20231003_10_00_00/vexiq2\libviq2rt.a(vex_global.cpp.o)
                0x200131bc                vex::wait(double, vex::timeUnits)
 .text._ZN3vex5colorD2Ev
                0x200131f8        0x2 f:\C++\VSCODE\data\user-data\User\globalStorage\vexrobotics.vexcode\sdk\cpp\IQ2\IQ2_20231003_10_00_00/vexiq2\libviq2rt.a(vex_color.cpp.o)
                0x200131f8                vex::color::~color()
                0x200131f8                vex::color::~color()
 .text._ZN3vex5colorC2Ev
                0x200131fa        0x8 f:\C++\VSCODE\data\user-data\User\globalStorage\vexrobotics.vexcode\sdk\cpp\IQ2\IQ2_20231003_10_00_00/vexiq2\libviq2rt.a(vex_color.cpp.o)
                0x200131fa                vex::color::color()
                0x200131fa                vex::color::color()
 .text._ZNK3vex5color3rgbEv
                0x20013202        0x4 f:\C++\VSCODE\data\user-data\User\globalStorage\vexrobotics.vexcode\sdk\cpp\IQ2\IQ2_20231003_10_00_00/vexiq2\libviq2rt.a(vex_color.cpp.o)
                0x20013202                vex::color::rgb() const
 .text._ZNK3vex5colorcvmEv
                0x20013206        0x4 f:\C++\VSCODE\data\user-data\User\globalStorage\vexrobotics.vexcode\sdk\cpp\IQ2\IQ2_20231003_10_00_00/vexiq2\libviq2rt.a(vex_color.cpp.o)
                0x20013206                vex::color::operator unsigned long() const
 .text._ZNK3vex5color13isTransparentEv
                0x2001320a        0x4 f:\C++\VSCODE\data\user-data\User\globalStorage\vexrobotics.vexcode\sdk\cpp\IQ2\IQ2_20231003_10_00_00/vexiq2\libviq2rt.a(vex_color.cpp.o)
                0x2001320a                vex::color::isTransparent() const
 *fill*         0x2001320e        0x2 
 .text._ZN3vex5color3hsvEmdd
                0x20013210      0x158 f:\C++\VSCODE\data\user-data\User\globalStorage\vexrobotics.vexcode\sdk\cpp\IQ2\IQ2_20231003_10_00_00/vexiq2\libviq2rt.a(vex_color.cpp.o)
                0x20013210                vex::color::hsv(unsigned long, double, double)
 .text._ZNK3vex5color10_colorTypeEv
                0x20013368       0xc8 f:\C++\VSCODE\data\user-data\User\globalStorage\vexrobotics.vexcode\sdk\cpp\IQ2\IQ2_20231003_10_00_00/vexiq2\libviq2rt.a(vex_color.cpp.o)
                0x20013368                vex::color::_colorType() const
 .text.startup._GLOBAL__sub_I__ZN3vex5color5blackE
                0x20013430      0x18c f:\C++\VSCODE\data\user-data\User\globalStorage\vexrobotics.vexcode\sdk\cpp\IQ2\IQ2_20231003_10_00_00/vexiq2\libviq2rt.a(vex_color.cpp.o)
 .text._ZN3vex4taskC2EPFivE
                0x200135bc       0x38 f:\C++\VSCODE\data\user-data\User\globalStorage\vexrobotics.vexcode\sdk\cpp\IQ2\IQ2_20231003_10_00_00/vexiq2\libviq2rt.a(vex_task.cpp.o)
                0x200135bc                vex::task::task(int (*)())
                0x200135bc                vex::task::task(int (*)())
 .text._ZN3vex4task5sleepEm
                0x200135f4        0x4 f:\C++\VSCODE\data\user-data\User\globalStorage\vexrobotics.vexcode\sdk\cpp\IQ2\IQ2_20231003_10_00_00/vexiq2\libviq2rt.a(vex_task.cpp.o)
                0x200135f4                vex::task::sleep(unsigned long)
 .text._ZN3vex6threadC2EPFivE
                0x200135f8       0x38 f:\C++\VSCODE\data\user-data\User\globalStorage\vexrobotics.vexcode\sdk\cpp\IQ2\IQ2_20231003_10_00_00/vexiq2\libviq2rt.a(vex_thread.cpp.o)
                0x200135f8                vex::thread::thread(int (*)())
                0x200135f8                vex::thread::thread(int (*)())
 .text._ZN3vex6threadD2Ev
                0x20013630        0x2 f:\C++\VSCODE\data\user-data\User\globalStorage\vexrobotics.vexcode\sdk\cpp\IQ2\IQ2_20231003_10_00_00/vexiq2\libviq2rt.a(vex_thread.cpp.o)
                0x20013630                vex::thread::~thread()
                0x20013630                vex::thread::~thread()
 .text._ZN3vex6thread9interruptEv
                0x20013632        0xe f:\C++\VSCODE\data\user-data\User\globalStorage\vexrobotics.vexcode\sdk\cpp\IQ2\IQ2_20231003_10_00_00/vexiq2\libviq2rt.a(vex_thread.cpp.o)
                0x20013632                vex::thread::interrupt()
 .text._ZN3vex11this_thread9sleep_forEm
                0x20013640        0x4 f:\C++\VSCODE\data\user-data\User\globalStorage\vexrobotics.vexcode\sdk\cpp\IQ2\IQ2_20231003_10_00_00/vexiq2\libviq2rt.a(vex_thread.cpp.o)
                0x20013640                vex::this_thread::sleep_for(unsigned long)
 .text._ZN3vex5brainD2Ev
                0x20013644        0xe f:\C++\VSCODE\data\user-data\User\globalStorage\vexrobotics.vexcode\sdk\cpp\IQ2\IQ2_20231003_10_00_00/vexiq2\libviq2rt.a(vex_brain.cpp.o)
                0x20013644                vex::brain::~brain()
                0x20013644                vex::brain::~brain()
 .text._ZN3vex5brain3lcd9setCursorEll
                0x20013652       0x40 f:\C++\VSCODE\data\user-data\User\globalStorage\vexrobotics.vexcode\sdk\cpp\IQ2\IQ2_20231003_10_00_00/vexiq2\libviq2rt.a(vex_brain.cpp.o)
                0x20013652                vex::brain::lcd::setCursor(long, long)
 *fill*         0x20013692        0x2 
 .text._ZN3vex5brain3lcd7setFontENS_8fontTypeE
                0x20013694      0x144 f:\C++\VSCODE\data\user-data\User\globalStorage\vexrobotics.vexcode\sdk\cpp\IQ2\IQ2_20231003_10_00_00/vexiq2\libviq2rt.a(vex_brain.cpp.o)
                0x20013694                vex::brain::lcd::setFont(vex::fontType)
 .text._ZN3vex5brain3lcdC2Ev
                0x200137d8       0x34 f:\C++\VSCODE\data\user-data\User\globalStorage\vexrobotics.vexcode\sdk\cpp\IQ2\IQ2_20231003_10_00_00/vexiq2\libviq2rt.a(vex_brain.cpp.o)
                0x200137d8                vex::brain::lcd::lcd()
                0x200137d8                vex::brain::lcd::lcd()
 .text._ZN3vex5brainC2Ev
                0x2001380c       0x32 f:\C++\VSCODE\data\user-data\User\globalStorage\vexrobotics.vexcode\sdk\cpp\IQ2\IQ2_20231003_10_00_00/vexiq2\libviq2rt.a(vex_brain.cpp.o)
                0x2001380c                vex::brain::brain()
                0x2001380c                vex::brain::brain()
 .text._ZN3vex5brain3lcd11setPenWidthEm
                0x2001383e       0x16 f:\C++\VSCODE\data\user-data\User\globalStorage\vexrobotics.vexcode\sdk\cpp\IQ2\IQ2_20231003_10_00_00/vexiq2\libviq2rt.a(vex_brain.cpp.o)
                0x2001383e                vex::brain::lcd::setPenWidth(unsigned long)
 .text._ZN3vex5brain3lcd11setPenColorERKNS_5colorE
                0x20013854       0x10 f:\C++\VSCODE\data\user-data\User\globalStorage\vexrobotics.vexcode\sdk\cpp\IQ2\IQ2_20231003_10_00_00/vexiq2\libviq2rt.a(vex_brain.cpp.o)
                0x20013854                vex::brain::lcd::setPenColor(vex::color const&)
 .text._ZN3vex5brain3lcd12setFillColorERKNS_5colorE
                0x20013864       0x28 f:\C++\VSCODE\data\user-data\User\globalStorage\vexrobotics.vexcode\sdk\cpp\IQ2\IQ2_20231003_10_00_00/vexiq2\libviq2rt.a(vex_brain.cpp.o)
                0x20013864                vex::brain::lcd::setFillColor(vex::color const&)
 .text._ZN3vex5brain3lcd7printAtEllPKcz
                0x2001388c       0x3a f:\C++\VSCODE\data\user-data\User\globalStorage\vexrobotics.vexcode\sdk\cpp\IQ2\IQ2_20231003_10_00_00/vexiq2\libviq2rt.a(vex_brain.cpp.o)
                0x2001388c                vex::brain::lcd::printAt(long, long, char const*, ...)
 .text._ZN3vex5brain3lcd12_clearScreenEm
                0x200138c6       0x26 f:\C++\VSCODE\data\user-data\User\globalStorage\vexrobotics.vexcode\sdk\cpp\IQ2\IQ2_20231003_10_00_00/vexiq2\libviq2rt.a(vex_brain.cpp.o)
                0x200138c6                vex::brain::lcd::_clearScreen(unsigned long)
 .text._ZN3vex5brain3lcd11clearScreenERKNS_5colorE
                0x200138ec       0x16 f:\C++\VSCODE\data\user-data\User\globalStorage\vexrobotics.vexcode\sdk\cpp\IQ2\IQ2_20231003_10_00_00/vexiq2\libviq2rt.a(vex_brain.cpp.o)
                0x200138ec                vex::brain::lcd::clearScreen(vex::color const&)
 *fill*         0x20013902        0x2 
 .text._ZN3vex5brain3lcd11clearScreenEv
                0x20013904        0xc f:\C++\VSCODE\data\user-data\User\globalStorage\vexrobotics.vexcode\sdk\cpp\IQ2\IQ2_20231003_10_00_00/vexiq2\libviq2rt.a(vex_brain.cpp.o)
                0x20013904                vex::brain::lcd::clearScreen()
 .text._ZN3vex5brain3lcd9drawPixelEii
                0x20013910       0x16 f:\C++\VSCODE\data\user-data\User\globalStorage\vexrobotics.vexcode\sdk\cpp\IQ2\IQ2_20231003_10_00_00/vexiq2\libviq2rt.a(vex_brain.cpp.o)
                0x20013910                vex::brain::lcd::drawPixel(int, int)
 .text._ZN3vex5brain3lcd8drawLineEiiii
                0x20013926      0x1c2 f:\C++\VSCODE\data\user-data\User\globalStorage\vexrobotics.vexcode\sdk\cpp\IQ2\IQ2_20231003_10_00_00/vexiq2\libviq2rt.a(vex_brain.cpp.o)
                0x20013926                vex::brain::lcd::drawLine(int, int, int, int)
 .text._ZN3vex5brain3lcd13drawRectangleEiiii
                0x20013ae8       0x98 f:\C++\VSCODE\data\user-data\User\globalStorage\vexrobotics.vexcode\sdk\cpp\IQ2\IQ2_20231003_10_00_00/vexiq2\libviq2rt.a(vex_brain.cpp.o)
                0x20013ae8                vex::brain::lcd::drawRectangle(int, int, int, int)
 .text._ZN3vex5brain3lcd10drawCircleEiii
                0x20013b80       0x70 f:\C++\VSCODE\data\user-data\User\globalStorage\vexrobotics.vexcode\sdk\cpp\IQ2\IQ2_20231003_10_00_00/vexiq2\libviq2rt.a(vex_brain.cpp.o)
                0x20013b80                vex::brain::lcd::drawCircle(int, int, int)
 .text._ZN3vex5brain3lcd6renderEv
                0x20013bf0        0x8 f:\C++\VSCODE\data\user-data\User\globalStorage\vexrobotics.vexcode\sdk\cpp\IQ2\IQ2_20231003_10_00_00/vexiq2\libviq2rt.a(vex_brain.cpp.o)
                0x20013bf0                vex::brain::lcd::render()
 .text._ZN3vex5brain3lcd10rowToPixelEl
                0x20013bf8       0x24 f:\C++\VSCODE\data\user-data\User\globalStorage\vexrobotics.vexcode\sdk\cpp\IQ2\IQ2_20231003_10_00_00/vexiq2\libviq2rt.a(vex_brain.cpp.o)
                0x20013bf8                vex::brain::lcd::rowToPixel(long)
 .text._ZN3vex5brain3lcd9clearLineEi
                0x20013c1c       0x2e f:\C++\VSCODE\data\user-data\User\globalStorage\vexrobotics.vexcode\sdk\cpp\IQ2\IQ2_20231003_10_00_00/vexiq2\libviq2rt.a(vex_brain.cpp.o)
                0x20013c1c                vex::brain::lcd::clearLine(int)
 .text._ZN3vex5brain3lcd5printEPKcz
                0x20013c4a       0x7e f:\C++\VSCODE\data\user-data\User\globalStorage\vexrobotics.vexcode\sdk\cpp\IQ2\IQ2_20231003_10_00_00/vexiq2\libviq2rt.a(vex_brain.cpp.o)
                0x20013c4a                vex::brain::lcd::print(char const*, ...)
 .text._ZN3vex5brain7battery8capacityENS_12percentUnitsE
                0x20013cc8       0x12 f:\C++\VSCODE\data\user-data\User\globalStorage\vexrobotics.vexcode\sdk\cpp\IQ2\IQ2_20231003_10_00_00/vexiq2\libviq2rt.a(vex_brain.cpp.o)
                0x20013cc8                vex::brain::battery::capacity(vex::percentUnits)
 *fill*         0x20013cda        0x2 
 .text._ZN3vex5brain9playSoundENS_9soundTypeE
                0x20013cdc       0x14 f:\C++\VSCODE\data\user-data\User\globalStorage\vexrobotics.vexcode\sdk\cpp\IQ2\IQ2_20231003_10_00_00/vexiq2\libviq2rt.a(vex_brain.cpp.o)
                0x20013cdc                vex::brain::playSound(vex::soundType)
 .text._ZN3vex5brain8playNoteEll
                0x20013cf0       0x2c f:\C++\VSCODE\data\user-data\User\globalStorage\vexrobotics.vexcode\sdk\cpp\IQ2\IQ2_20231003_10_00_00/vexiq2\libviq2rt.a(vex_brain.cpp.o)
                0x20013cf0                vex::brain::playNote(long, long)
 .text._ZN3vex5brain8soundOffEv
                0x20013d1c        0xa f:\C++\VSCODE\data\user-data\User\globalStorage\vexrobotics.vexcode\sdk\cpp\IQ2\IQ2_20231003_10_00_00/vexiq2\libviq2rt.a(vex_brain.cpp.o)
                0x20013d1c                vex::brain::soundOff()
 .text._ZN3vex5brain8playNoteElll
                0x20013d26       0x1c f:\C++\VSCODE\data\user-data\User\globalStorage\vexrobotics.vexcode\sdk\cpp\IQ2\IQ2_20231003_10_00_00/vexiq2\libviq2rt.a(vex_brain.cpp.o)
                0x20013d26                vex::brain::playNote(long, long, long)
 .text._ZN3vex5brain11programStopEv
                0x20013d42        0x4 f:\C++\VSCODE\data\user-data\User\globalStorage\vexrobotics.vexcode\sdk\cpp\IQ2\IQ2_20231003_10_00_00/vexiq2\libviq2rt.a(vex_brain.cpp.o)
                0x20013d42                vex::brain::programStop()
 .text._ZN3vex5timerD2Ev
                0x20013d46        0x2 f:\C++\VSCODE\data\user-data\User\globalStorage\vexrobotics.vexcode\sdk\cpp\IQ2\IQ2_20231003_10_00_00/vexiq2\libviq2rt.a(vex_timer.cpp.o)
                0x20013d46                vex::timer::~timer()
                0x20013d46                vex::timer::~timer()
 .text._ZN3vex5timer5clearEv
                0x20013d48       0x10 f:\C++\VSCODE\data\user-data\User\globalStorage\vexrobotics.vexcode\sdk\cpp\IQ2\IQ2_20231003_10_00_00/vexiq2\libviq2rt.a(vex_timer.cpp.o)
                0x20013d48                vex::timer::clear()
 .text._ZN3vex5timerC2Ev
                0x20013d58        0xc f:\C++\VSCODE\data\user-data\User\globalStorage\vexrobotics.vexcode\sdk\cpp\IQ2\IQ2_20231003_10_00_00/vexiq2\libviq2rt.a(vex_timer.cpp.o)
                0x20013d58                vex::timer::timer()
                0x20013d58                vex::timer::timer()
 .text._ZN3vex5motor9installedEv
                0x20013d64        0xe f:\C++\VSCODE\data\user-data\User\globalStorage\vexrobotics.vexcode\sdk\cpp\IQ2\IQ2_20231003_10_00_00/vexiq2\libviq2rt.a(vex_motor.cpp.o)
                0x20013d64                vex::motor::installed()
 *fill*         0x20013d72        0x2 
 .text._ZN3vex5motorD2Ev
                0x20013d74       0x14 f:\C++\VSCODE\data\user-data\User\globalStorage\vexrobotics.vexcode\sdk\cpp\IQ2\IQ2_20231003_10_00_00/vexiq2\libviq2rt.a(vex_motor.cpp.o)
                0x20013d74                vex::motor::~motor()
                0x20013d74                vex::motor::~motor()
 .text._ZN3vex5motor15defaultStoppingENS_9brakeTypeE
                0x20013d88       0x1a f:\C++\VSCODE\data\user-data\User\globalStorage\vexrobotics.vexcode\sdk\cpp\IQ2\IQ2_20231003_10_00_00/vexiq2\libviq2rt.a(vex_motor.cpp.o)
                0x20013d88                vex::motor::defaultStopping(vex::brakeType)
 .text._ZN3vex5motor11setStoppingENS_9brakeTypeE
                0x20013da2        0x4 f:\C++\VSCODE\data\user-data\User\globalStorage\vexrobotics.vexcode\sdk\cpp\IQ2\IQ2_20231003_10_00_00/vexiq2\libviq2rt.a(vex_motor.cpp.o)
                0x20013da2                vex::motor::setStopping(vex::brakeType)
 *fill*         0x20013da6        0x2 
 .text._ZN3vex5motorC2El
                0x20013da8       0x60 f:\C++\VSCODE\data\user-data\User\globalStorage\vexrobotics.vexcode\sdk\cpp\IQ2\IQ2_20231003_10_00_00/vexiq2\libviq2rt.a(vex_motor.cpp.o)
                0x20013da8                vex::motor::motor(long)
                0x20013da8                vex::motor::motor(long)
 .text._ZN3vex5motorC2Elb
                0x20013e08       0x16 f:\C++\VSCODE\data\user-data\User\globalStorage\vexrobotics.vexcode\sdk\cpp\IQ2\IQ2_20231003_10_00_00/vexiq2\libviq2rt.a(vex_motor.cpp.o)
                0x20013e08                vex::motor::motor(long, bool)
                0x20013e08                vex::motor::motor(long, bool)
 .text._ZN3vex5motor14isSpinningModeEv
                0x20013e1e       0x16 f:\C++\VSCODE\data\user-data\User\globalStorage\vexrobotics.vexcode\sdk\cpp\IQ2\IQ2_20231003_10_00_00/vexiq2\libviq2rt.a(vex_motor.cpp.o)
                0x20013e1e                vex::motor::isSpinningMode()
 .text._ZN3vex5motor4stopENS_9brakeTypeE
                0x20013e34       0x1e f:\C++\VSCODE\data\user-data\User\globalStorage\vexrobotics.vexcode\sdk\cpp\IQ2\IQ2_20231003_10_00_00/vexiq2\libviq2rt.a(vex_motor.cpp.o)
                0x20013e34                vex::motor::stop(vex::brakeType)
 .text._ZN3vex5motor4stopEv
                0x20013e52        0x6 f:\C++\VSCODE\data\user-data\User\globalStorage\vexrobotics.vexcode\sdk\cpp\IQ2\IQ2_20231003_10_00_00/vexiq2\libviq2rt.a(vex_motor.cpp.o)
                0x20013e52                vex::motor::stop()
 .text._ZN3vex5motor12setMaxTorqueEdNS_12percentUnitsE
                0x20013e58       0x98 f:\C++\VSCODE\data\user-data\User\globalStorage\vexrobotics.vexcode\sdk\cpp\IQ2\IQ2_20231003_10_00_00/vexiq2\libviq2rt.a(vex_motor.cpp.o)
                0x20013e58                vex::motor::setMaxTorque(double, vex::percentUnits)
 .text._ZN3vex5motor16velocityToScaledEdNS_13velocityUnitsE
                0x20013ef0       0x70 f:\C++\VSCODE\data\user-data\User\globalStorage\vexrobotics.vexcode\sdk\cpp\IQ2\IQ2_20231003_10_00_00/vexiq2\libviq2rt.a(vex_motor.cpp.o)
                0x20013ef0                vex::motor::velocityToScaled(double, vex::velocityUnits)
 .text._ZN3vex5motor8velocityENS_13velocityUnitsE
                0x20013f60       0x18 f:\C++\VSCODE\data\user-data\User\globalStorage\vexrobotics.vexcode\sdk\cpp\IQ2\IQ2_20231003_10_00_00/vexiq2\libviq2rt.a(vex_motor.cpp.o)
                0x20013f60                vex::motor::velocity(vex::velocityUnits)
 .text._ZN3vex5motor5valueEv
                0x20013f78       0x12 f:\C++\VSCODE\data\user-data\User\globalStorage\vexrobotics.vexcode\sdk\cpp\IQ2\IQ2_20231003_10_00_00/vexiq2\libviq2rt.a(vex_motor.cpp.o)
                0x20013f78                vex::motor::value()
 *fill*         0x20013f8a        0x6 
 .text._ZN3vex5motor16scaledToVelocityEdNS_13velocityUnitsE
                0x20013f90       0x74 f:\C++\VSCODE\data\user-data\User\globalStorage\vexrobotics.vexcode\sdk\cpp\IQ2\IQ2_20231003_10_00_00/vexiq2\libviq2rt.a(vex_motor.cpp.o)
                0x20013f90                vex::motor::scaledToVelocity(double, vex::velocityUnits)
 .text._ZN3vex5motor4spinENS_13directionTypeEdNS_13velocityUnitsE
                0x20014004       0x32 f:\C++\VSCODE\data\user-data\User\globalStorage\vexrobotics.vexcode\sdk\cpp\IQ2\IQ2_20231003_10_00_00/vexiq2\libviq2rt.a(vex_motor.cpp.o)
                0x20014004                vex::motor::spin(vex::directionType, double, vex::velocityUnits)
 .text._ZN3vex5motor4spinENS_13directionTypeE
                0x20014036       0x1e f:\C++\VSCODE\data\user-data\User\globalStorage\vexrobotics.vexcode\sdk\cpp\IQ2\IQ2_20231003_10_00_00/vexiq2\libviq2rt.a(vex_motor.cpp.o)
                0x20014036                vex::motor::spin(vex::directionType)
 .text._ZN3vex5motor11setVelocityEdNS_13velocityUnitsE
                0x20014054       0x54 f:\C++\VSCODE\data\user-data\User\globalStorage\vexrobotics.vexcode\sdk\cpp\IQ2\IQ2_20231003_10_00_00/vexiq2\libviq2rt.a(vex_motor.cpp.o)
                0x20014054                vex::motor::setVelocity(double, vex::velocityUnits)
 .text._ZN3vex5motor16setRotationUnitsENS_13rotationUnitsE
                0x200140a8       0x12 f:\C++\VSCODE\data\user-data\User\globalStorage\vexrobotics.vexcode\sdk\cpp\IQ2\IQ2_20231003_10_00_00/vexiq2\libviq2rt.a(vex_motor.cpp.o)
                0x200140a8                vex::motor::setRotationUnits(vex::rotationUnits)
 .text._ZN3vex5motor11setPositionEdNS_13rotationUnitsE
                0x200140ba       0x3e f:\C++\VSCODE\data\user-data\User\globalStorage\vexrobotics.vexcode\sdk\cpp\IQ2\IQ2_20231003_10_00_00/vexiq2\libviq2rt.a(vex_motor.cpp.o)
                0x200140ba                vex::motor::setPosition(double, vex::rotationUnits)
 .text._ZN3vex5motor6spinToEdNS_13rotationUnitsEdNS_13velocityUnitsEb
                0x200140f8       0xc0 f:\C++\VSCODE\data\user-data\User\globalStorage\vexrobotics.vexcode\sdk\cpp\IQ2\IQ2_20231003_10_00_00/vexiq2\libviq2rt.a(vex_motor.cpp.o)
                0x200140f8                vex::motor::spinTo(double, vex::rotationUnits, double, vex::velocityUnits, bool)
 .text._ZN3vex5motor14spinToPositionEdNS_13rotationUnitsEdNS_13velocityUnitsEb
                0x200141b8        0x4 f:\C++\VSCODE\data\user-data\User\globalStorage\vexrobotics.vexcode\sdk\cpp\IQ2\IQ2_20231003_10_00_00/vexiq2\libviq2rt.a(vex_motor.cpp.o)
                0x200141b8                vex::motor::spinToPosition(double, vex::rotationUnits, double, vex::velocityUnits, bool)
 .text._ZN3vex5motor7spinForEdNS_13rotationUnitsEdNS_13velocityUnitsEb
                0x200141bc       0xe0 f:\C++\VSCODE\data\user-data\User\globalStorage\vexrobotics.vexcode\sdk\cpp\IQ2\IQ2_20231003_10_00_00/vexiq2\libviq2rt.a(vex_motor.cpp.o)
                0x200141bc                vex::motor::spinFor(double, vex::rotationUnits, double, vex::velocityUnits, bool)
 .text._ZN3vex5motor7spinForEdNS_13rotationUnitsEb
                0x2001429c       0x3a f:\C++\VSCODE\data\user-data\User\globalStorage\vexrobotics.vexcode\sdk\cpp\IQ2\IQ2_20231003_10_00_00/vexiq2\libviq2rt.a(vex_motor.cpp.o)
                0x2001429c                vex::motor::spinFor(double, vex::rotationUnits, bool)
 .text._ZN3vex8touchled9installedEv
                0x200142d6        0xe f:\C++\VSCODE\data\user-data\User\globalStorage\vexrobotics.vexcode\sdk\cpp\IQ2\IQ2_20231003_10_00_00/vexiq2\libviq2rt.a(vex_touchled.cpp.o)
                0x200142d6                vex::touchled::installed()
 .text._ZN3vex8touchledC2El
                0x200142e4       0x28 f:\C++\VSCODE\data\user-data\User\globalStorage\vexrobotics.vexcode\sdk\cpp\IQ2\IQ2_20231003_10_00_00/vexiq2\libviq2rt.a(vex_touchled.cpp.o)
                0x200142e4                vex::touchled::touchled(long)
                0x200142e4                vex::touchled::touchled(long)
 .text._ZN3vex8touchledD2Ev
                0x2001430c       0x14 f:\C++\VSCODE\data\user-data\User\globalStorage\vexrobotics.vexcode\sdk\cpp\IQ2\IQ2_20231003_10_00_00/vexiq2\libviq2rt.a(vex_touchled.cpp.o)
                0x2001430c                vex::touchled::~touchled()
                0x2001430c                vex::touchled::~touchled()
 .text._ZN3vex8touchled3offEv
                0x20014320       0x12 f:\C++\VSCODE\data\user-data\User\globalStorage\vexrobotics.vexcode\sdk\cpp\IQ2\IQ2_20231003_10_00_00/vexiq2\libviq2rt.a(vex_touchled.cpp.o)
                0x20014320                vex::touchled::off()
 .text._ZN3vex8touchled8pressingEv
                0x20014332       0x10 f:\C++\VSCODE\data\user-data\User\globalStorage\vexrobotics.vexcode\sdk\cpp\IQ2\IQ2_20231003_10_00_00/vexiq2\libviq2rt.a(vex_touchled.cpp.o)
                0x20014332                vex::touchled::pressing()
 .text._ZN3vex8touchled5valueEv
                0x20014342        0x8 f:\C++\VSCODE\data\user-data\User\globalStorage\vexrobotics.vexcode\sdk\cpp\IQ2\IQ2_20231003_10_00_00/vexiq2\libviq2rt.a(vex_touchled.cpp.o)
                0x20014342                vex::touchled::value()
 .text._ZN3vex8touchled14_setBrightnessEm
                0x2001434a       0x22 f:\C++\VSCODE\data\user-data\User\globalStorage\vexrobotics.vexcode\sdk\cpp\IQ2\IQ2_20231003_10_00_00/vexiq2\libviq2rt.a(vex_touchled.cpp.o)
                0x2001434a                vex::touchled::_setBrightness(unsigned long)
 .text._ZN3vex8touchled13setBrightnessEm
                0x2001436c       0x1c f:\C++\VSCODE\data\user-data\User\globalStorage\vexrobotics.vexcode\sdk\cpp\IQ2\IQ2_20231003_10_00_00/vexiq2\libviq2rt.a(vex_touchled.cpp.o)
                0x2001436c                vex::touchled::setBrightness(unsigned long)
 .text._ZN3vex8touchled9_setColorEm
                0x20014388       0x2c f:\C++\VSCODE\data\user-data\User\globalStorage\vexrobotics.vexcode\sdk\cpp\IQ2\IQ2_20231003_10_00_00/vexiq2\libviq2rt.a(vex_touchled.cpp.o)
                0x20014388                vex::touchled::_setColor(unsigned long)
 .text._ZN3vex8touchled8setColorENS_5colorE
                0x200143b4       0x2e f:\C++\VSCODE\data\user-data\User\globalStorage\vexrobotics.vexcode\sdk\cpp\IQ2\IQ2_20231003_10_00_00/vexiq2\libviq2rt.a(vex_touchled.cpp.o)
                0x200143b4                vex::touchled::setColor(vex::color)
 .text._ZN3vex8inertial11getTurnTypeEv
                0x200143e2        0x4 f:\C++\VSCODE\data\user-data\User\globalStorage\vexrobotics.vexcode\sdk\cpp\IQ2\IQ2_20231003_10_00_00/vexiq2\libviq2rt.a(vex_imu.cpp.o)
                0x200143e2                vex::inertial::getTurnType()
 .text._ZThn20_N3vex8inertial11getTurnTypeEv
                0x200143e6        0x8 f:\C++\VSCODE\data\user-data\User\globalStorage\vexrobotics.vexcode\sdk\cpp\IQ2\IQ2_20231003_10_00_00/vexiq2\libviq2rt.a(vex_imu.cpp.o)
                0x200143e6                non-virtual thunk to vex::inertial::getTurnType()
 *fill*         0x200143ee        0x2 
 .text._ZN3vex8inertial10setHeadingEdNS_13rotationUnitsE
                0x200143f0       0x48 f:\C++\VSCODE\data\user-data\User\globalStorage\vexrobotics.vexcode\sdk\cpp\IQ2\IQ2_20231003_10_00_00/vexiq2\libviq2rt.a(vex_imu.cpp.o)
                0x200143f0                vex::inertial::setHeading(double, vex::rotationUnits)
 .text._ZThn20_N3vex8inertial10setHeadingEdNS_13rotationUnitsE
                0x20014438        0x8 f:\C++\VSCODE\data\user-data\User\globalStorage\vexrobotics.vexcode\sdk\cpp\IQ2\IQ2_20231003_10_00_00/vexiq2\libviq2rt.a(vex_imu.cpp.o)
                0x20014438                non-virtual thunk to vex::inertial::setHeading(double, vex::rotationUnits)
 .text._ZN3vex8inertial11setRotationEdNS_13rotationUnitsE
                0x20014440       0x48 f:\C++\VSCODE\data\user-data\User\globalStorage\vexrobotics.vexcode\sdk\cpp\IQ2\IQ2_20231003_10_00_00/vexiq2\libviq2rt.a(vex_imu.cpp.o)
                0x20014440                vex::inertial::setRotation(double, vex::rotationUnits)
 .text._ZThn20_N3vex8inertial11setRotationEdNS_13rotationUnitsE
                0x20014488        0x8 f:\C++\VSCODE\data\user-data\User\globalStorage\vexrobotics.vexcode\sdk\cpp\IQ2\IQ2_20231003_10_00_00/vexiq2\libviq2rt.a(vex_imu.cpp.o)
                0x20014488                non-virtual thunk to vex::inertial::setRotation(double, vex::rotationUnits)
 .text._ZN3vex8inertialD2Ev
                0x20014490       0x14 f:\C++\VSCODE\data\user-data\User\globalStorage\vexrobotics.vexcode\sdk\cpp\IQ2\IQ2_20231003_10_00_00/vexiq2\libviq2rt.a(vex_imu.cpp.o)
                0x20014490                vex::inertial::~inertial()
                0x20014490                vex::inertial::~inertial()
 .text._ZThn20_N3vex8inertialD1Ev
                0x200144a4        0x8 f:\C++\VSCODE\data\user-data\User\globalStorage\vexrobotics.vexcode\sdk\cpp\IQ2\IQ2_20231003_10_00_00/vexiq2\libviq2rt.a(vex_imu.cpp.o)
                0x200144a4                non-virtual thunk to vex::inertial::~inertial()
 .text._ZN3vex8inertialD0Ev
                0x200144ac       0x12 f:\C++\VSCODE\data\user-data\User\globalStorage\vexrobotics.vexcode\sdk\cpp\IQ2\IQ2_20231003_10_00_00/vexiq2\libviq2rt.a(vex_imu.cpp.o)
                0x200144ac                vex::inertial::~inertial()
 .text._ZThn20_N3vex8inertialD0Ev
                0x200144be        0x8 f:\C++\VSCODE\data\user-data\User\globalStorage\vexrobotics.vexcode\sdk\cpp\IQ2\IQ2_20231003_10_00_00/vexiq2\libviq2rt.a(vex_imu.cpp.o)
                0x200144be                non-virtual thunk to vex::inertial::~inertial()
 .text._ZN3vex8inertial9installedEv
                0x200144c6       0x10 f:\C++\VSCODE\data\user-data\User\globalStorage\vexrobotics.vexcode\sdk\cpp\IQ2\IQ2_20231003_10_00_00/vexiq2\libviq2rt.a(vex_imu.cpp.o)
                0x200144c6                vex::inertial::installed()
 *fill*         0x200144d6        0x2 
 .text._ZN3vex8inertial5angleENS_13rotationUnitsE
                0x200144d8       0x74 f:\C++\VSCODE\data\user-data\User\globalStorage\vexrobotics.vexcode\sdk\cpp\IQ2\IQ2_20231003_10_00_00/vexiq2\libviq2rt.a(vex_imu.cpp.o)
                0x200144d8                vex::inertial::angle(vex::rotationUnits)
 .text._ZThn20_N3vex8inertial5angleENS_13rotationUnitsE
                0x2001454c        0x8 f:\C++\VSCODE\data\user-data\User\globalStorage\vexrobotics.vexcode\sdk\cpp\IQ2\IQ2_20231003_10_00_00/vexiq2\libviq2rt.a(vex_imu.cpp.o)
                0x2001454c                non-virtual thunk to vex::inertial::angle(vex::rotationUnits)
 .text._ZN3vex8inertial7headingENS_13rotationUnitsE
                0x20014554        0x4 f:\C++\VSCODE\data\user-data\User\globalStorage\vexrobotics.vexcode\sdk\cpp\IQ2\IQ2_20231003_10_00_00/vexiq2\libviq2rt.a(vex_imu.cpp.o)
                0x20014554                vex::inertial::heading(vex::rotationUnits)
 .text._ZThn20_N3vex8inertial7headingENS_13rotationUnitsE
                0x20014558        0x8 f:\C++\VSCODE\data\user-data\User\globalStorage\vexrobotics.vexcode\sdk\cpp\IQ2\IQ2_20231003_10_00_00/vexiq2\libviq2rt.a(vex_imu.cpp.o)
                0x20014558                non-virtual thunk to vex::inertial::heading(vex::rotationUnits)
 .text._ZN3vex8inertial5valueEv
                0x20014560       0x12 f:\C++\VSCODE\data\user-data\User\globalStorage\vexrobotics.vexcode\sdk\cpp\IQ2\IQ2_20231003_10_00_00/vexiq2\libviq2rt.a(vex_imu.cpp.o)
                0x20014560                vex::inertial::value()
 *fill*         0x20014572        0x2 
 .text._ZN3vex8inertial8rotationENS_13rotationUnitsE
                0x20014574       0x38 f:\C++\VSCODE\data\user-data\User\globalStorage\vexrobotics.vexcode\sdk\cpp\IQ2\IQ2_20231003_10_00_00/vexiq2\libviq2rt.a(vex_imu.cpp.o)
                0x20014574                vex::inertial::rotation(vex::rotationUnits)
 .text._ZThn20_N3vex8inertial8rotationENS_13rotationUnitsE
                0x200145ac        0x8 f:\C++\VSCODE\data\user-data\User\globalStorage\vexrobotics.vexcode\sdk\cpp\IQ2\IQ2_20231003_10_00_00/vexiq2\libviq2rt.a(vex_imu.cpp.o)
                0x200145ac                non-virtual thunk to vex::inertial::rotation(vex::rotationUnits)
 .text._ZN3vex8inertial13isCalibratingEv
                0x200145b4       0x22 f:\C++\VSCODE\data\user-data\User\globalStorage\vexrobotics.vexcode\sdk\cpp\IQ2\IQ2_20231003_10_00_00/vexiq2\libviq2rt.a(vex_imu.cpp.o)
                0x200145b4                vex::inertial::isCalibrating()
 .text._ZThn20_N3vex8inertial13isCalibratingEv
                0x200145d6        0x8 f:\C++\VSCODE\data\user-data\User\globalStorage\vexrobotics.vexcode\sdk\cpp\IQ2\IQ2_20231003_10_00_00/vexiq2\libviq2rt.a(vex_imu.cpp.o)
                0x200145d6                non-virtual thunk to vex::inertial::isCalibrating()
 *fill*         0x200145de        0x2 
 .text._ZN3vex8inertialC2ElNS_8turnTypeE
                0x200145e0       0x30 f:\C++\VSCODE\data\user-data\User\globalStorage\vexrobotics.vexcode\sdk\cpp\IQ2\IQ2_20231003_10_00_00/vexiq2\libviq2rt.a(vex_imu.cpp.o)
                0x200145e0                vex::inertial::inertial(long, vex::turnType)
                0x200145e0                vex::inertial::inertial(long, vex::turnType)
 .text._ZN3vex8inertialC2ENS_8turnTypeE
                0x20014610       0x18 f:\C++\VSCODE\data\user-data\User\globalStorage\vexrobotics.vexcode\sdk\cpp\IQ2\IQ2_20231003_10_00_00/vexiq2\libviq2rt.a(vex_imu.cpp.o)
                0x20014610                vex::inertial::inertial(vex::turnType)
                0x20014610                vex::inertial::inertial(vex::turnType)
 .text._ZN3vex8inertial5pitchENS_13rotationUnitsE
                0x20014628       0x2c f:\C++\VSCODE\data\user-data\User\globalStorage\vexrobotics.vexcode\sdk\cpp\IQ2\IQ2_20231003_10_00_00/vexiq2\libviq2rt.a(vex_imu.cpp.o)
                0x20014628                vex::inertial::pitch(vex::rotationUnits)
 .text._ZN3vex8inertial16startCalibrationEl
                0x20014654       0x16 f:\C++\VSCODE\data\user-data\User\globalStorage\vexrobotics.vexcode\sdk\cpp\IQ2\IQ2_20231003_10_00_00/vexiq2\libviq2rt.a(vex_imu.cpp.o)
                0x20014654                vex::inertial::startCalibration(long)
 .text._ZN3vex8inertial9calibrateEl
                0x2001466a        0xa f:\C++\VSCODE\data\user-data\User\globalStorage\vexrobotics.vexcode\sdk\cpp\IQ2\IQ2_20231003_10_00_00/vexiq2\libviq2rt.a(vex_imu.cpp.o)
                0x2001466a                vex::inertial::calibrate(long)
                0x2001466e                non-virtual thunk to vex::inertial::calibrate(long)
 .text._ZN3vex7optical9installedEv
                0x20014674       0x10 f:\C++\VSCODE\data\user-data\User\globalStorage\vexrobotics.vexcode\sdk\cpp\IQ2\IQ2_20231003_10_00_00/vexiq2\libviq2rt.a(vex_optical.cpp.o)
                0x20014674                vex::optical::installed()
 .text._ZN3vex7opticalD2Ev
                0x20014684       0x14 f:\C++\VSCODE\data\user-data\User\globalStorage\vexrobotics.vexcode\sdk\cpp\IQ2\IQ2_20231003_10_00_00/vexiq2\libviq2rt.a(vex_optical.cpp.o)
                0x20014684                vex::optical::~optical()
                0x20014684                vex::optical::~optical()
 .text._ZN3vex7optical3hueEv
                0x20014698        0x6 f:\C++\VSCODE\data\user-data\User\globalStorage\vexrobotics.vexcode\sdk\cpp\IQ2\IQ2_20231003_10_00_00/vexiq2\libviq2rt.a(vex_optical.cpp.o)
                0x20014698                vex::optical::hue()
 .text._ZN3vex7optical5valueEv
                0x2001469e       0x10 f:\C++\VSCODE\data\user-data\User\globalStorage\vexrobotics.vexcode\sdk\cpp\IQ2\IQ2_20231003_10_00_00/vexiq2\libviq2rt.a(vex_optical.cpp.o)
                0x2001469e                vex::optical::value()
 *fill*         0x200146ae        0x2 
 .text._ZN3vex7optical10brightnessEb
                0x200146b0       0x40 f:\C++\VSCODE\data\user-data\User\globalStorage\vexrobotics.vexcode\sdk\cpp\IQ2\IQ2_20231003_10_00_00/vexiq2\libviq2rt.a(vex_optical.cpp.o)
                0x200146b0                vex::optical::brightness(bool)
 .text._ZN3vex7optical5colorEv
                0x200146f0       0xa0 f:\C++\VSCODE\data\user-data\User\globalStorage\vexrobotics.vexcode\sdk\cpp\IQ2\IQ2_20231003_10_00_00/vexiq2\libviq2rt.a(vex_optical.cpp.o)
                0x200146f0                vex::optical::color()
 .text._ZN3vex7optical8setLightENS_8ledStateE
                0x20014790       0x10 f:\C++\VSCODE\data\user-data\User\globalStorage\vexrobotics.vexcode\sdk\cpp\IQ2\IQ2_20231003_10_00_00/vexiq2\libviq2rt.a(vex_optical.cpp.o)
                0x20014790                vex::optical::setLight(vex::ledState)
 .text._ZN3vex7optical13setLightPowerElNS_12percentUnitsE
                0x200147a0       0x1a f:\C++\VSCODE\data\user-data\User\globalStorage\vexrobotics.vexcode\sdk\cpp\IQ2\IQ2_20231003_10_00_00/vexiq2\libviq2rt.a(vex_optical.cpp.o)
                0x200147a0                vex::optical::setLightPower(long, vex::percentUnits)
 .text._ZN3vex7optical13gestureEnableEv
                0x200147ba        0x6 f:\C++\VSCODE\data\user-data\User\globalStorage\vexrobotics.vexcode\sdk\cpp\IQ2\IQ2_20231003_10_00_00/vexiq2\libviq2rt.a(vex_optical.cpp.o)
                0x200147ba                vex::optical::gestureEnable()
 .text._ZN3vex7optical14gestureDisableEv
                0x200147c0        0x6 f:\C++\VSCODE\data\user-data\User\globalStorage\vexrobotics.vexcode\sdk\cpp\IQ2\IQ2_20231003_10_00_00/vexiq2\libviq2rt.a(vex_optical.cpp.o)
                0x200147c0                vex::optical::gestureDisable()
 *fill*         0x200147c6        0x2 
 .text._ZN3vex7opticalC2Elb
                0x200147c8       0x34 f:\C++\VSCODE\data\user-data\User\globalStorage\vexrobotics.vexcode\sdk\cpp\IQ2\IQ2_20231003_10_00_00/vexiq2\libviq2rt.a(vex_optical.cpp.o)
                0x200147c8                vex::optical::optical(long, bool)
                0x200147c8                vex::optical::optical(long, bool)
 .text._ZN3vex5event9userindexEv
                0x200147fc        0x4 f:\C++\VSCODE\data\user-data\User\globalStorage\vexrobotics.vexcode\sdk\cpp\IQ2\IQ2_20231003_10_00_00/vexiq2\libviq2rt.a(vex_event.cpp.o)
                0x200147fc                vex::event::userindex()
 .text._ZN3vex6device5valueEv
                0x20014800        0x4 f:\C++\VSCODE\data\user-data\User\globalStorage\vexrobotics.vexcode\sdk\cpp\IQ2\IQ2_20231003_10_00_00/vexiq2\libviq2rt.a(vex_device.cpp.o)
                0x20014800                vex::device::value()
 .text._ZN3vex6deviceD2Ev
                0x20014804        0x2 f:\C++\VSCODE\data\user-data\User\globalStorage\vexrobotics.vexcode\sdk\cpp\IQ2\IQ2_20231003_10_00_00/vexiq2\libviq2rt.a(vex_device.cpp.o)
                0x20014804                vex::device::~device()
                0x20014804                vex::device::~device()
 .text._ZN3vex6device4initEl
                0x20014806       0x22 f:\C++\VSCODE\data\user-data\User\globalStorage\vexrobotics.vexcode\sdk\cpp\IQ2\IQ2_20231003_10_00_00/vexiq2\libviq2rt.a(vex_device.cpp.o)
                0x20014806                vex::device::init(long)
 .text._ZN3vex6deviceC2El
                0x20014828       0x14 f:\C++\VSCODE\data\user-data\User\globalStorage\vexrobotics.vexcode\sdk\cpp\IQ2\IQ2_20231003_10_00_00/vexiq2\libviq2rt.a(vex_device.cpp.o)
                0x20014828                vex::device::device(long)
                0x20014828                vex::device::device(long)
 .text._ZN3vex6device4typeEv
                0x2001483c        0x8 f:\C++\VSCODE\data\user-data\User\globalStorage\vexrobotics.vexcode\sdk\cpp\IQ2\IQ2_20231003_10_00_00/vexiq2\libviq2rt.a(vex_device.cpp.o)
                0x2001483c                vex::device::type()
 .text._ZN3vex6device9installedEv
                0x20014844        0xe f:\C++\VSCODE\data\user-data\User\globalStorage\vexrobotics.vexcode\sdk\cpp\IQ2\IQ2_20231003_10_00_00/vexiq2\libviq2rt.a(vex_device.cpp.o)
                0x20014844                vex::device::installed()
 .text.__aeabi_atexit
                0x20014852        0xa f:\C++\VSCODE\data\user-data\User\globalStorage\vexrobotics.vexcode\sdk\cpp\IQ2\IQ2_20231003_10_00_00/vexiq2/gcc/libs\libc_nano.a(lib_a-aeabi_atexit.o)
                0x20014852                __aeabi_atexit
 .text.__libc_init_array
                0x2001485c       0x48 f:\C++\VSCODE\data\user-data\User\globalStorage\vexrobotics.vexcode\sdk\cpp\IQ2\IQ2_20231003_10_00_00/vexiq2/gcc/libs\libc_nano.a(lib_a-init.o)
                0x2001485c                __libc_init_array
 .text._free_r  0x200148a4       0x9c f:\C++\VSCODE\data\user-data\User\globalStorage\vexrobotics.vexcode\sdk\cpp\IQ2\IQ2_20231003_10_00_00/vexiq2/gcc/libs\libc_nano.a(lib_a-nano-freer.o)
                0x200148a4                _free_r
 .text._malloc_r
                0x20014940       0xb4 f:\C++\VSCODE\data\user-data\User\globalStorage\vexrobotics.vexcode\sdk\cpp\IQ2\IQ2_20231003_10_00_00/vexiq2/gcc/libs\libc_nano.a(lib_a-nano-mallocr.o)
                0x20014940                _malloc_r
 .text.rand     0x200149f4       0x68 f:\C++\VSCODE\data\user-data\User\globalStorage\vexrobotics.vexcode\sdk\cpp\IQ2\IQ2_20231003_10_00_00/vexiq2/gcc/libs\libc_nano.a(lib_a-rand.o)
                0x200149f4                rand
 .text._sbrk_r  0x20014a5c       0x20 f:\C++\VSCODE\data\user-data\User\globalStorage\vexrobotics.vexcode\sdk\cpp\IQ2\IQ2_20231003_10_00_00/vexiq2/gcc/libs\libc_nano.a(lib_a-sbrkr.o)
                0x20014a5c                _sbrk_r
 .text.malloc   0x20014a7c       0x10 f:\C++\VSCODE\data\user-data\User\globalStorage\vexrobotics.vexcode\sdk\cpp\IQ2\IQ2_20231003_10_00_00/vexiq2/gcc/libs\libc_nano.a(lib_a-malloc.o)
                0x20014a7c                malloc
 .text.free     0x20014a8c       0x10 f:\C++\VSCODE\data\user-data\User\globalStorage\vexrobotics.vexcode\sdk\cpp\IQ2\IQ2_20231003_10_00_00/vexiq2/gcc/libs\libc_nano.a(lib_a-malloc.o)
                0x20014a8c                free
 .text.__malloc_lock
                0x20014a9c        0x2 f:\C++\VSCODE\data\user-data\User\globalStorage\vexrobotics.vexcode\sdk\cpp\IQ2\IQ2_20231003_10_00_00/vexiq2/gcc/libs\libc_nano.a(lib_a-mlock.o)
                0x20014a9c                __malloc_lock
 .text.__malloc_unlock
                0x20014a9e        0x2 f:\C++\VSCODE\data\user-data\User\globalStorage\vexrobotics.vexcode\sdk\cpp\IQ2\IQ2_20231003_10_00_00/vexiq2/gcc/libs\libc_nano.a(lib_a-mlock.o)
                0x20014a9e                __malloc_unlock
 .text._ZdlPv   0x20014aa0        0x4 f:\C++\VSCODE\data\user-data\User\globalStorage\vexrobotics.vexcode\sdk\cpp\IQ2\IQ2_20231003_10_00_00/vexiq2/gcc/libs\libstdc++_nano.a(del_op.o)
                0x20014aa0                operator delete(void*)
 .text._Znwj    0x20014aa4       0x22 f:\C++\VSCODE\data\user-data\User\globalStorage\vexrobotics.vexcode\sdk\cpp\IQ2\IQ2_20231003_10_00_00/vexiq2/gcc/libs\libstdc++_nano.a(new_op.o)
                0x20014aa4                operator new(unsigned int)
 .text._ZStL25local_Rb_tree_rotate_leftPSt18_Rb_tree_node_baseRS0_
                0x20014ac6       0x2a f:\C++\VSCODE\data\user-data\User\globalStorage\vexrobotics.vexcode\sdk\cpp\IQ2\IQ2_20231003_10_00_00/vexiq2/gcc/libs\libstdc++_nano.a(tree.o)
 .text._ZStL26local_Rb_tree_rotate_rightPSt18_Rb_tree_node_baseRS0_
                0x20014af0       0x2a f:\C++\VSCODE\data\user-data\User\globalStorage\vexrobotics.vexcode\sdk\cpp\IQ2\IQ2_20231003_10_00_00/vexiq2/gcc/libs\libstdc++_nano.a(tree.o)
 .text._ZStL23local_Rb_tree_decrementPSt18_Rb_tree_node_base
                0x20014b1a       0x2e f:\C++\VSCODE\data\user-data\User\globalStorage\vexrobotics.vexcode\sdk\cpp\IQ2\IQ2_20231003_10_00_00/vexiq2/gcc/libs\libstdc++_nano.a(tree.o)
 .text._ZSt18_Rb_tree_incrementPSt18_Rb_tree_node_base
                0x20014b48       0x28 f:\C++\VSCODE\data\user-data\User\globalStorage\vexrobotics.vexcode\sdk\cpp\IQ2\IQ2_20231003_10_00_00/vexiq2/gcc/libs\libstdc++_nano.a(tree.o)
                0x20014b48                std::_Rb_tree_increment(std::_Rb_tree_node_base*)
 .text._ZSt18_Rb_tree_decrementPSt18_Rb_tree_node_base
                0x20014b70        0x4 f:\C++\VSCODE\data\user-data\User\globalStorage\vexrobotics.vexcode\sdk\cpp\IQ2\IQ2_20231003_10_00_00/vexiq2/gcc/libs\libstdc++_nano.a(tree.o)
                0x20014b70                std::_Rb_tree_decrement(std::_Rb_tree_node_base*)
 .text._ZSt29_Rb_tree_insert_and_rebalancebPSt18_Rb_tree_node_baseS0_RS_
                0x20014b74       0xc4 f:\C++\VSCODE\data\user-data\User\globalStorage\vexrobotics.vexcode\sdk\cpp\IQ2\IQ2_20231003_10_00_00/vexiq2/gcc/libs\libstdc++_nano.a(tree.o)
                0x20014b74                std::_Rb_tree_insert_and_rebalance(bool, std::_Rb_tree_node_base*, std::_Rb_tree_node_base*, std::_Rb_tree_node_base&)
 .text._ZSt15get_new_handlerv
                0x20014c38       0x10 f:\C++\VSCODE\data\user-data\User\globalStorage\vexrobotics.vexcode\sdk\cpp\IQ2\IQ2_20231003_10_00_00/vexiq2/gcc/libs\libstdc++_nano.a(new_handler.o)
                0x20014c38                std::get_new_handler()
 .text.floor    0x20014c48      0x110 f:\C++\VSCODE\data\user-data\User\globalStorage\vexrobotics.vexcode\sdk\cpp\IQ2\IQ2_20231003_10_00_00/vexiq2/gcc/libs\libm.a(lib_a-s_floor.o)
                0x20014c48                floor
 .text.fmod     0x20014d58       0xd0 f:\C++\VSCODE\data\user-data\User\globalStorage\vexrobotics.vexcode\sdk\cpp\IQ2\IQ2_20231003_10_00_00/vexiq2/gcc/libs\libm.a(lib_a-w_fmod.o)
                0x20014d58                fmod
 .text.sqrt     0x20014e28       0xb8 f:\C++\VSCODE\data\user-data\User\globalStorage\vexrobotics.vexcode\sdk\cpp\IQ2\IQ2_20231003_10_00_00/vexiq2/gcc/libs\libm.a(lib_a-w_sqrt.o)
                0x20014e28                sqrt
 .text.__ieee754_fmod
                0x20014ee0      0x248 f:\C++\VSCODE\data\user-data\User\globalStorage\vexrobotics.vexcode\sdk\cpp\IQ2\IQ2_20231003_10_00_00/vexiq2/gcc/libs\libm.a(lib_a-e_fmod.o)
                0x20014ee0                __ieee754_fmod
 .text.__ieee754_sqrt
                0x20015128      0x194 f:\C++\VSCODE\data\user-data\User\globalStorage\vexrobotics.vexcode\sdk\cpp\IQ2\IQ2_20231003_10_00_00/vexiq2/gcc/libs\libm.a(lib_a-e_sqrt.o)
                0x20015128                __ieee754_sqrt
 .text.matherr  0x200152bc        0x4 f:\C++\VSCODE\data\user-data\User\globalStorage\vexrobotics.vexcode\sdk\cpp\IQ2\IQ2_20231003_10_00_00/vexiq2/gcc/libs\libm.a(lib_a-s_matherr.o)
                0x200152bc                matherr
 .text.__errno  0x200152c0        0xc f:\C++\VSCODE\data\user-data\User\globalStorage\vexrobotics.vexcode\sdk\cpp\IQ2\IQ2_20231003_10_00_00/vexiq2\libviq2rt.a(iq2_fstubs.c.o)
                0x200152c0                __errno
 .text.abort    0x200152cc        0xe f:\C++\VSCODE\data\user-data\User\globalStorage\vexrobotics.vexcode\sdk\cpp\IQ2\IQ2_20231003_10_00_00/vexiq2/gcc/libs\libc_nano.a(lib_a-abort.o)
                0x200152cc                abort
 .text._raise_r
                0x200152da       0x50 f:\C++\VSCODE\data\user-data\User\globalStorage\vexrobotics.vexcode\sdk\cpp\IQ2\IQ2_20231003_10_00_00/vexiq2/gcc/libs\libc_nano.a(lib_a-signal.o)
                0x200152da                _raise_r
 *fill*         0x2001532a        0x2 
 .text.raise    0x2001532c       0x10 f:\C++\VSCODE\data\user-data\User\globalStorage\vexrobotics.vexcode\sdk\cpp\IQ2\IQ2_20231003_10_00_00/vexiq2/gcc/libs\libc_nano.a(lib_a-signal.o)
                0x2001532c                raise
 .text._kill_r  0x2001533c       0x24 f:\C++\VSCODE\data\user-data\User\globalStorage\vexrobotics.vexcode\sdk\cpp\IQ2\IQ2_20231003_10_00_00/vexiq2/gcc/libs\libc_nano.a(lib_a-signalr.o)
                0x2001533c                _kill_r
 .text._getpid_r
                0x20015360        0x4 f:\C++\VSCODE\data\user-data\User\globalStorage\vexrobotics.vexcode\sdk\cpp\IQ2\IQ2_20231003_10_00_00/vexiq2/gcc/libs\libc_nano.a(lib_a-signalr.o)
                0x20015360                _getpid_r
 *(.gnu.linkonce.t.*)
 *(.plt)
 *(.gnu_warning)
 *(.gcc_except_table)
 *(.glue_7)
 .glue_7        0x00000000        0x0 linker stubs
 *(.glue_7t)
 .glue_7t       0x00000000        0x0 linker stubs
 *(.vfp11_veneer)
 .vfp11_veneer  0x00000000        0x0 linker stubs
 *(.ARM.extab)
 *(.gnu.linkonce.armextab.*)

.v4_bx          0x20015364        0x0
 .v4_bx         0x00000000        0x0 linker stubs

.iplt           0x20015364        0x0
 .iplt          0x00000000        0x0 build/src/main.o

.init
 *(.init)

.fini
 *(.fini)

.rodata         0x20015368      0x288
                0x20015368                __rodata_start = .
 *(.rodata)
 *(.rodata.*)
 .rodata.str1.1
                0x20015368       0x95 build/src/main.o
 .rodata._ZStL19piecewise_construct
                0x200153fd        0x1 build/src/main.o
 .rodata.str1.1
                0x200153fe       0x22 f:\C++\VSCODE\data\user-data\User\globalStorage\vexrobotics.vexcode\sdk\cpp\IQ2\IQ2_20231003_10_00_00/vexiq2\libviq2rt.a(iq2_startup.c.o)
 .rodata._ZN3vex6yellowE
                0x20015420        0x4 f:\C++\VSCODE\data\user-data\User\globalStorage\vexrobotics.vexcode\sdk\cpp\IQ2\IQ2_20231003_10_00_00/vexiq2\libviq2rt.a(vex_global.cpp.o)
                0x20015420                vex::yellow
 .rodata._ZN3vex5PORT1E
                0x20015424        0x4 f:\C++\VSCODE\data\user-data\User\globalStorage\vexrobotics.vexcode\sdk\cpp\IQ2\IQ2_20231003_10_00_00/vexiq2\libviq2rt.a(vex_global.cpp.o)
                0x20015424                vex::PORT1
 .rodata._ZN3vex7reverseE
                0x20015428        0x4 f:\C++\VSCODE\data\user-data\User\globalStorage\vexrobotics.vexcode\sdk\cpp\IQ2\IQ2_20231003_10_00_00/vexiq2\libviq2rt.a(vex_global.cpp.o)
                0x20015428                vex::reverse
 .rodata._ZN3vex5PORT5E
                0x2001542c        0x4 f:\C++\VSCODE\data\user-data\User\globalStorage\vexrobotics.vexcode\sdk\cpp\IQ2\IQ2_20231003_10_00_00/vexiq2\libviq2rt.a(vex_global.cpp.o)
                0x2001542c                vex::PORT5
 .rodata._ZN3vex7forwardE
                0x20015430        0x4 f:\C++\VSCODE\data\user-data\User\globalStorage\vexrobotics.vexcode\sdk\cpp\IQ2\IQ2_20231003_10_00_00/vexiq2\libviq2rt.a(vex_global.cpp.o)
                0x20015430                vex::forward
 .rodata._ZN3vex3secE
                0x20015434        0x4 f:\C++\VSCODE\data\user-data\User\globalStorage\vexrobotics.vexcode\sdk\cpp\IQ2\IQ2_20231003_10_00_00/vexiq2\libviq2rt.a(vex_global.cpp.o)
                0x20015434                vex::sec
 .rodata._ZN3vex3redE
                0x20015438        0x4 f:\C++\VSCODE\data\user-data\User\globalStorage\vexrobotics.vexcode\sdk\cpp\IQ2\IQ2_20231003_10_00_00/vexiq2\libviq2rt.a(vex_global.cpp.o)
                0x20015438                vex::red
 .rodata._ZN3vex5blackE
                0x2001543c        0x4 f:\C++\VSCODE\data\user-data\User\globalStorage\vexrobotics.vexcode\sdk\cpp\IQ2\IQ2_20231003_10_00_00/vexiq2\libviq2rt.a(vex_global.cpp.o)
                0x2001543c                vex::black
 .rodata._ZN3vex4msecE
                0x20015440        0x4 f:\C++\VSCODE\data\user-data\User\globalStorage\vexrobotics.vexcode\sdk\cpp\IQ2\IQ2_20231003_10_00_00/vexiq2\libviq2rt.a(vex_global.cpp.o)
                0x20015440                vex::msec
 .rodata._ZN3vex4blueE
                0x20015444        0x4 f:\C++\VSCODE\data\user-data\User\globalStorage\vexrobotics.vexcode\sdk\cpp\IQ2\IQ2_20231003_10_00_00/vexiq2\libviq2rt.a(vex_global.cpp.o)
                0x20015444                vex::blue
 .rodata._ZN3vex5PORT2E
                0x20015448        0x4 f:\C++\VSCODE\data\user-data\User\globalStorage\vexrobotics.vexcode\sdk\cpp\IQ2\IQ2_20231003_10_00_00/vexiq2\libviq2rt.a(vex_global.cpp.o)
                0x20015448                vex::PORT2
 .rodata._ZN3vex5PORT6E
                0x2001544c        0x4 f:\C++\VSCODE\data\user-data\User\globalStorage\vexrobotics.vexcode\sdk\cpp\IQ2\IQ2_20231003_10_00_00/vexiq2\libviq2rt.a(vex_global.cpp.o)
                0x2001544c                vex::PORT6
 .rodata._ZN3vex7percentE
                0x20015450        0x4 f:\C++\VSCODE\data\user-data\User\globalStorage\vexrobotics.vexcode\sdk\cpp\IQ2\IQ2_20231003_10_00_00/vexiq2\libviq2rt.a(vex_global.cpp.o)
                0x20015450                vex::percent
 .rodata._ZN3vex7degreesE
                0x20015454        0x4 f:\C++\VSCODE\data\user-data\User\globalStorage\vexrobotics.vexcode\sdk\cpp\IQ2\IQ2_20231003_10_00_00/vexiq2\libviq2rt.a(vex_global.cpp.o)
                0x20015454                vex::degrees
 .rodata._ZN3vex6orangeE
                0x20015458        0x4 f:\C++\VSCODE\data\user-data\User\globalStorage\vexrobotics.vexcode\sdk\cpp\IQ2\IQ2_20231003_10_00_00/vexiq2\libviq2rt.a(vex_global.cpp.o)
                0x20015458                vex::orange
 .rodata._ZN3vex5PORT7E
                0x2001545c        0x4 f:\C++\VSCODE\data\user-data\User\globalStorage\vexrobotics.vexcode\sdk\cpp\IQ2\IQ2_20231003_10_00_00/vexiq2\libviq2rt.a(vex_global.cpp.o)
                0x2001545c                vex::PORT7
 .rodata._ZN3vex5PORT4E
                0x20015460        0x4 f:\C++\VSCODE\data\user-data\User\globalStorage\vexrobotics.vexcode\sdk\cpp\IQ2\IQ2_20231003_10_00_00/vexiq2\libviq2rt.a(vex_global.cpp.o)
                0x20015460                vex::PORT4
 .rodata._ZN3vex10red_orangeE
                0x20015464        0x4 f:\C++\VSCODE\data\user-data\User\globalStorage\vexrobotics.vexcode\sdk\cpp\IQ2\IQ2_20231003_10_00_00/vexiq2\libviq2rt.a(vex_global.cpp.o)
                0x20015464                vex::red_orange
 .rodata._ZN3vex5PORT8E
                0x20015468        0x4 f:\C++\VSCODE\data\user-data\User\globalStorage\vexrobotics.vexcode\sdk\cpp\IQ2\IQ2_20231003_10_00_00/vexiq2\libviq2rt.a(vex_global.cpp.o)
                0x20015468                vex::PORT8
 .rodata.str1.1
                0x2001546c       0x14 f:\C++\VSCODE\data\user-data\User\globalStorage\vexrobotics.vexcode\sdk\cpp\IQ2\IQ2_20231003_10_00_00/vexiq2\libviq2rt.a(vex_task.cpp.o)
 .rodata.str1.1
                0x20015480       0x14 f:\C++\VSCODE\data\user-data\User\globalStorage\vexrobotics.vexcode\sdk\cpp\IQ2\IQ2_20231003_10_00_00/vexiq2\libviq2rt.a(vex_thread.cpp.o)
 .rodata.str1.1
                0x20015494       0x20 f:\C++\VSCODE\data\user-data\User\globalStorage\vexrobotics.vexcode\sdk\cpp\IQ2\IQ2_20231003_10_00_00/vexiq2\libviq2rt.a(vex_brain.cpp.o)
 .rodata.CSWTCH.121
                0x200154b4       0x10 f:\C++\VSCODE\data\user-data\User\globalStorage\vexrobotics.vexcode\sdk\cpp\IQ2\IQ2_20231003_10_00_00/vexiq2\libviq2rt.a(vex_brain.cpp.o)
 *fill*         0x200154c4        0x4 
 .rodata._ZTVN3vex5motorE
                0x200154c8       0x10 f:\C++\VSCODE\data\user-data\User\globalStorage\vexrobotics.vexcode\sdk\cpp\IQ2\IQ2_20231003_10_00_00/vexiq2\libviq2rt.a(vex_motor.cpp.o)
                0x200154c8                vtable for vex::motor
 .rodata._ZTVN3vex8touchledE
                0x200154d8       0x10 f:\C++\VSCODE\data\user-data\User\globalStorage\vexrobotics.vexcode\sdk\cpp\IQ2\IQ2_20231003_10_00_00/vexiq2\libviq2rt.a(vex_touchled.cpp.o)
                0x200154d8                vtable for vex::touchled
 .rodata._ZTVN3vex8inertialE
                0x200154e8       0x68 f:\C++\VSCODE\data\user-data\User\globalStorage\vexrobotics.vexcode\sdk\cpp\IQ2\IQ2_20231003_10_00_00/vexiq2\libviq2rt.a(vex_imu.cpp.o)
                0x200154e8                vtable for vex::inertial
 .rodata._ZTVN3vex7opticalE
                0x20015550       0x10 f:\C++\VSCODE\data\user-data\User\globalStorage\vexrobotics.vexcode\sdk\cpp\IQ2\IQ2_20231003_10_00_00/vexiq2\libviq2rt.a(vex_optical.cpp.o)
                0x20015550                vtable for vex::optical
 .rodata._ZTVN3vex6deviceE
                0x20015560       0x10 f:\C++\VSCODE\data\user-data\User\globalStorage\vexrobotics.vexcode\sdk\cpp\IQ2\IQ2_20231003_10_00_00/vexiq2\libviq2rt.a(vex_device.cpp.o)
                0x20015560                vtable for vex::device
 .rodata.__sf_fake_stderr
                0x20015570       0x20 f:\C++\VSCODE\data\user-data\User\globalStorage\vexrobotics.vexcode\sdk\cpp\IQ2\IQ2_20231003_10_00_00/vexiq2/gcc/libs\libc_nano.a(lib_a-findfp.o)
                0x20015570                __sf_fake_stderr
 .rodata.__sf_fake_stdin
                0x20015590       0x20 f:\C++\VSCODE\data\user-data\User\globalStorage\vexrobotics.vexcode\sdk\cpp\IQ2\IQ2_20231003_10_00_00/vexiq2/gcc/libs\libc_nano.a(lib_a-findfp.o)
                0x20015590                __sf_fake_stdin
 .rodata.__sf_fake_stdout
                0x200155b0       0x20 f:\C++\VSCODE\data\user-data\User\globalStorage\vexrobotics.vexcode\sdk\cpp\IQ2\IQ2_20231003_10_00_00/vexiq2/gcc/libs\libc_nano.a(lib_a-findfp.o)
                0x200155b0                __sf_fake_stdout
 .rodata.fmod.str1.4
                0x200155d0        0x5 f:\C++\VSCODE\data\user-data\User\globalStorage\vexrobotics.vexcode\sdk\cpp\IQ2\IQ2_20231003_10_00_00/vexiq2/gcc/libs\libm.a(lib_a-w_fmod.o)
 *fill*         0x200155d5        0x3 
 .rodata.sqrt.str1.4
                0x200155d8        0x8 f:\C++\VSCODE\data\user-data\User\globalStorage\vexrobotics.vexcode\sdk\cpp\IQ2\IQ2_20231003_10_00_00/vexiq2/gcc/libs\libm.a(lib_a-w_sqrt.o)
                                  0x5 (size before relaxing)
 .rodata.Zero   0x200155e0       0x10 f:\C++\VSCODE\data\user-data\User\globalStorage\vexrobotics.vexcode\sdk\cpp\IQ2\IQ2_20231003_10_00_00/vexiq2/gcc/libs\libm.a(lib_a-e_fmod.o)
 *(.gnu.linkonce.r.*)
                0x200155f0                __rodata_end = .

.rodata1        0x200155f0        0x0
                0x200155f0                __rodata1_start = .
 *(.rodata1)
 *(.rodata1.*)
                0x200155f0                __rodata1_end = .

.sdata2         0x200155f0        0x0
                0x200155f0                __sdata2_start = .
 *(.sdata2)
 *(.sdata2.*)
 *(.gnu.linkonce.s2.*)
                0x200155f0                __sdata2_end = .

.sbss2          0x200155f0        0x0
                0x200155f0                __sbss2_start = .
 *(.sbss2)
 *(.sbss2.*)
 *(.gnu.linkonce.sb2.*)
                0x200155f0                __sbss2_end = .

.data           0x200155f0       0x79
                0x200155f0                __data_start = .
                0x200155f0                __data_load = .
 *(.data)
 *(.data.*)
 .data.turning  0x200155f0        0x1 build/src/main.o
                0x200155f0                turning
 *fill*         0x200155f1        0x3 
 .data.DefaultLeftMotorSpeed
                0x200155f4        0x4 build/src/main.o
                0x200155f4                DefaultLeftMotorSpeed
 .data.DefaultRightMotorSpeed
                0x200155f8        0x4 build/src/main.o
                0x200155f8                DefaultRightMotorSpeed
 .data.__yoff   0x200155fc        0x4 f:\C++\VSCODE\data\user-data\User\globalStorage\vexrobotics.vexcode\sdk\cpp\IQ2\IQ2_20231003_10_00_00/vexiq2\libviq2rt.a(iq2_apijump.c.o)
 .data._ZN3vex24__default_motor_velocityE
                0x20015600        0x4 f:\C++\VSCODE\data\user-data\User\globalStorage\vexrobotics.vexcode\sdk\cpp\IQ2\IQ2_20231003_10_00_00/vexiq2\libviq2rt.a(vex_motor.cpp.o)
                0x20015600                vex::__default_motor_velocity
 .data._impure_ptr
                0x20015604        0x4 f:\C++\VSCODE\data\user-data\User\globalStorage\vexrobotics.vexcode\sdk\cpp\IQ2\IQ2_20231003_10_00_00/vexiq2/gcc/libs\libc_nano.a(lib_a-impure.o)
                0x20015604                _impure_ptr
 .data.impure_data
                0x20015608       0x60 f:\C++\VSCODE\data\user-data\User\globalStorage\vexrobotics.vexcode\sdk\cpp\IQ2\IQ2_20231003_10_00_00/vexiq2/gcc/libs\libc_nano.a(lib_a-impure.o)
 .data.__fdlib_version
                0x20015668        0x1 f:\C++\VSCODE\data\user-data\User\globalStorage\vexrobotics.vexcode\sdk\cpp\IQ2\IQ2_20231003_10_00_00/vexiq2/gcc/libs\libm.a(lib_a-s_lib_ver.o)
                0x20015668                __fdlib_version
 *(.gnu.linkonce.d.*)
 *(.jcr)
 *(.got)
 *(.got.plt)
                0x20015669                __data_end = .

.igot.plt       0x2001566c        0x0
 .igot.plt      0x00000000        0x0 build/src/main.o

.data1          0x20015669        0x0
                0x20015669                __data1_start = .
                0x20015669                __data1_load = .
 *(.data1)
 *(.data1.*)
                0x20015669                __data1_end = .

.got
 *(.got)

.ctors          0x20015669        0x0
                0x20015669                __CTOR_LIST__ = .
                0x20015669                ___CTORS_LIST___ = .
 *crtbegin.o(.ctors)
 *(EXCLUDE_FILE(*crtend.o) .ctors)
 *(SORT(.ctors.*))
 *(.ctors)
                0x20015669                __CTOR_END__ = .
                0x20015669                ___CTORS_END___ = .

.dtors          0x20015669        0x0
                0x20015669                __DTOR_LIST__ = .
                0x20015669                ___DTORS_LIST___ = .
 *crtbegin.o(.dtors)
 *(EXCLUDE_FILE(*crtend.o) .dtors)
 *(SORT(.dtors.*))
 *(.dtors)
                0x20015669                __DTOR_END__ = .
                0x20015669                ___DTORS_END___ = .

.fixup          0x20015669        0x0
                0x20015669                __fixup_start = .
 *(.fixup)
                0x20015669                __fixup_end = .

.eh_frame
 *(.eh_frame)

.eh_framehdr    0x20015669        0x0
                0x20015669                __eh_framehdr_start = .
 *(.eh_framehdr)
                0x20015669                __eh_framehdr_end = .

.gcc_except_table
 *(.gcc_except_table)

.mmu_tbl        0x20018000        0x0
                0x20018000                __mmu_tbl_start = .
 *(.mmu_tbl)
                0x20018000                __mmu_tbl_end = .

.ARM.exidx      0x2001566c        0x8
                0x2001566c                __exidx_start = .
 *(.ARM.exidx*)
 .ARM.exidx.text._ZNSt3mapIPN3vex5motorEiSt4lessIS2_ESaISt4pairIKS2_iEEEC2ESt16initializer_listIS7_ERKS4_RKS8_
                0x2001566c        0x8 build/src/main.o
 .ARM.exidx.text._ZNSt3mapIPN3vex5motorEiSt4lessIS2_ESaISt4pairIKS2_iEEED2Ev
                0x20015674        0x0 build/src/main.o
                                  0x8 (size before relaxing)
 .ARM.exidx.text._Z8setSpeedPN3vex5motorEi
                0x20015674        0x0 build/src/main.o
                                  0x8 (size before relaxing)
 .ARM.exidx.text._ZNSt3mapIPN3vex5motorEiSt4lessIS2_ESaISt4pairIKS2_iEEEixERS6_
                0x20015674        0x0 build/src/main.o
                                  0x8 (size before relaxing)
 .ARM.exidx.text._Z10taskTuringv
                0x20015674        0x0 build/src/main.o
                                  0x8 (size before relaxing)
 .ARM.exidx.text._Z13drawCoolFace1v
                0x20015674        0x0 build/src/main.o
                                  0x8 (size before relaxing)
 .ARM.exidx.text._Z13drawCoolFace2v
                0x20015674        0x0 build/src/main.o
                                  0x8 (size before relaxing)
 .ARM.exidx.text._Z13drawCoolFace3v
                0x20015674        0x0 build/src/main.o
                                  0x8 (size before relaxing)
 .ARM.exidx.text._Z7setTurnii
                0x20015674        0x0 build/src/main.o
                                  0x8 (size before relaxing)
 .ARM.exidx.text._Z13followLinePIDv
                0x20015674        0x0 build/src/main.o
                                  0x8 (size before relaxing)
 .ARM.exidx.text._Z8redColorv
                0x20015674        0x0 build/src/main.o
                                  0x8 (size before relaxing)
 .ARM.exidx.text._Z9blueColorv
                0x20015674        0x0 build/src/main.o
                                  0x8 (size before relaxing)
 .ARM.exidx.text._Z12parallelParkv
                0x20015674        0x0 build/src/main.o
                                  0x8 (size before relaxing)
 .ARM.exidx.text._Z8beepTaskv
                0x20015674        0x0 build/src/main.o
                                  0x8 (size before relaxing)
 .ARM.exidx.text.main
                0x20015674        0x0 build/src/main.o
                                  0x8 (size before relaxing)
 .ARM.exidx.text._ZNSt8_Rb_treeIPN3vex5motorESt4pairIKS2_iESt10_Select1stIS5_ESt4lessIS2_ESaIS5_EE8_M_eraseEPSt13_Rb_tree_nodeIS5_E
                0x20015674        0x0 build/src/main.o
                                  0x8 (size before relaxing)
 .ARM.exidx.text._ZNSt8_Rb_treeIPN3vex5motorESt4pairIKS2_iESt10_Select1stIS5_ESt4lessIS2_ESaIS5_EE17_M_insert_unique_IRKS5_NSB_11_Alloc_nodeEEESt17_Rb_tree_iteratorIS5_ESt23_Rb_tree_const_iteratorIS5_EOT_RT0_
                0x20015674        0x0 build/src/main.o
                                  0x8 (size before relaxing)
 .ARM.exidx.text._ZNSt8_Rb_treeIPN3vex5motorESt4pairIKS2_iESt10_Select1stIS5_ESt4lessIS2_ESaIS5_EE29_M_get_insert_hint_unique_posESt23_Rb_tree_const_iteratorIS5_ERS4_
                0x20015674        0x0 build/src/main.o
                                  0x8 (size before relaxing)
 .ARM.exidx.text._ZNSt8_Rb_treeIPN3vex5motorESt4pairIKS2_iESt10_Select1stIS5_ESt4lessIS2_ESaIS5_EE10_M_insert_IRKS5_NSB_11_Alloc_nodeEEESt17_Rb_tree_iteratorIS5_EPSt18_Rb_tree_node_baseSJ_OT_RT0_
                0x20015674        0x0 build/src/main.o
                                  0x8 (size before relaxing)
 .ARM.exidx.text._ZNSt8_Rb_treeIPN3vex5motorESt4pairIKS2_iESt10_Select1stIS5_ESt4lessIS2_ESaIS5_EE24_M_get_insert_unique_posERS4_
                0x20015674        0x0 build/src/main.o