Archive member included because of file (symbol)

d:\C++\VSCODE\data\user-data\User\globalStorage\vexrobotics.vexcode\sdk\cpp\IQ2\IQ2_20231003_10_00_00/vexiq2\libviq2rt.a(iq2_startup.c.o)
                              (vexStartup)
d:\C++\VSCODE\data\user-data\User\globalStorage\vexrobotics.vexcode\sdk\cpp\IQ2\IQ2_20231003_10_00_00/vexiq2\libviq2rt.a(iq2_apijump.c.o)
                              d:\C++\VSCODE\data\user-data\User\globalStorage\vexrobotics.vexcode\sdk\cpp\IQ2\IQ2_20231003_10_00_00/vexiq2\libviq2rt.a(iq2_startup.c.o) (vexTaskAdd)
d:\C++\VSCODE\data\user-data\User\globalStorage\vexrobotics.vexcode\sdk\cpp\IQ2\IQ2_20231003_10_00_00/vexiq2\libviq2rt.a(iq2_apiversions.c.o)
                              d:\C++\VSCODE\data\user-data\User\globalStorage\vexrobotics.vexcode\sdk\cpp\IQ2\IQ2_20231003_10_00_00/vexiq2\libviq2rt.a(iq2_apijump.c.o) (vexSystemVersion)
d:\C++\VSCODE\data\user-data\User\globalStorage\vexrobotics.vexcode\sdk\cpp\IQ2\IQ2_20231003_10_00_00/vexiq2\libviq2rt.a(vex_global.cpp.o)
                              build/src/main.o (vex::wait(double, vex::timeUnits))
d:\C++\VSCODE\data\user-data\User\globalStorage\vexrobotics.vexcode\sdk\cpp\IQ2\IQ2_20231003_10_00_00/vexiq2\libviq2rt.a(vex_color.cpp.o)
                              build/src/main.o (vex::color::~color())
d:\C++\VSCODE\data\user-data\User\globalStorage\vexrobotics.vexcode\sdk\cpp\IQ2\IQ2_20231003_10_00_00/vexiq2\libviq2rt.a(vex_task.cpp.o)
                              build/src/main.o (vex::task::task(int (*)()))
d:\C++\VSCODE\data\user-data\User\globalStorage\vexrobotics.vexcode\sdk\cpp\IQ2\IQ2_20231003_10_00_00/vexiq2\libviq2rt.a(vex_thread.cpp.o)
                              build/src/main.o (vex::thread::thread(int (*)()))
d:\C++\VSCODE\data\user-data\User\globalStorage\vexrobotics.vexcode\sdk\cpp\IQ2\IQ2_20231003_10_00_00/vexiq2\libviq2rt.a(vex_brain.cpp.o)
                              build/src/main.o (vex::brain::~brain())
d:\C++\VSCODE\data\user-data\User\globalStorage\vexrobotics.vexcode\sdk\cpp\IQ2\IQ2_20231003_10_00_00/vexiq2\libviq2rt.a(vex_timer.cpp.o)
                              d:\C++\VSCODE\data\user-data\User\globalStorage\vexrobotics.vexcode\sdk\cpp\IQ2\IQ2_20231003_10_00_00/vexiq2\libviq2rt.a(vex_brain.cpp.o) (vex::timer::~timer())
d:\C++\VSCODE\data\user-data\User\globalStorage\vexrobotics.vexcode\sdk\cpp\IQ2\IQ2_20231003_10_00_00/vexiq2\libviq2rt.a(vex_motor.cpp.o)
                              build/src/main.o (vex::motor::~motor())
d:\C++\VSCODE\data\user-data\User\globalStorage\vexrobotics.vexcode\sdk\cpp\IQ2\IQ2_20231003_10_00_00/vexiq2\libviq2rt.a(vex_touchled.cpp.o)
                              build/src/main.o (vex::touchled::touchled(long))
d:\C++\VSCODE\data\user-data\User\globalStorage\vexrobotics.vexcode\sdk\cpp\IQ2\IQ2_20231003_10_00_00/vexiq2\libviq2rt.a(vex_imu.cpp.o)
                              build/src/main.o (vex::inertial::~inertial())
d:\C++\VSCODE\data\user-data\User\globalStorage\vexrobotics.vexcode\sdk\cpp\IQ2\IQ2_20231003_10_00_00/vexiq2\libviq2rt.a(vex_optical.cpp.o)
                              build/src/main.o (vex::optical::~optical())
d:\C++\VSCODE\data\user-data\User\globalStorage\vexrobotics.vexcode\sdk\cpp\IQ2\IQ2_20231003_10_00_00/vexiq2\libviq2rt.a(vex_event.cpp.o)
                              d:\C++\VSCODE\data\user-data\User\globalStorage\vexrobotics.vexcode\sdk\cpp\IQ2\IQ2_20231003_10_00_00/vexiq2\libviq2rt.a(vex_brain.cpp.o) (vex::event::init(unsigned long, unsigned long, void (*)()))
d:\C++\VSCODE\data\user-data\User\globalStorage\vexrobotics.vexcode\sdk\cpp\IQ2\IQ2_20231003_10_00_00/vexiq2\libviq2rt.a(vex_device.cpp.o)
                              d:\C++\VSCODE\data\user-data\User\globalStorage\vexrobotics.vexcode\sdk\cpp\IQ2\IQ2_20231003_10_00_00/vexiq2\libviq2rt.a(vex_motor.cpp.o) (vex::device::~device())
d:\C++\VSCODE\data\user-data\User\globalStorage\vexrobotics.vexcode\sdk\cpp\IQ2\IQ2_20231003_10_00_00/vexiq2/gcc/libs\libc_nano.a(lib_a-aeabi_atexit.o)
                              d:\C++\VSCODE\data\user-data\User\globalStorage\vexrobotics.vexcode\sdk\cpp\IQ2\IQ2_20231003_10_00_00/vexiq2\libviq2rt.a(vex_color.cpp.o) (__aeabi_atexit)
d:\C++\VSCODE\data\user-data\User\globalStorage\vexrobotics.vexcode\sdk\cpp\IQ2\IQ2_20231003_10_00_00/vexiq2/gcc/libs\libc_nano.a(lib_a-fclose.o)
                              d:\C++\VSCODE\data\user-data\User\globalStorage\vexrobotics.vexcode\sdk\cpp\IQ2\IQ2_20231003_10_00_00/vexiq2\libviq2rt.a(vex_brain.cpp.o) (fclose)
d:\C++\VSCODE\data\user-data\User\globalStorage\vexrobotics.vexcode\sdk\cpp\IQ2\IQ2_20231003_10_00_00/vexiq2/gcc/libs\libc_nano.a(lib_a-fflush.o)
                              d:\C++\VSCODE\data\user-data\User\globalStorage\vexrobotics.vexcode\sdk\cpp\IQ2\IQ2_20231003_10_00_00/vexiq2/gcc/libs\libc_nano.a(lib_a-fclose.o) (__sflush_r)
d:\C++\VSCODE\data\user-data\User\globalStorage\vexrobotics.vexcode\sdk\cpp\IQ2\IQ2_20231003_10_00_00/vexiq2/gcc/libs\libc_nano.a(lib_a-findfp.o)
[...]
Memory Configuration

Name             Origin             Length             Attributes
SRAM_1_2_3       0x20010000         0x00018000         xrw
*default*        0x00000000         0xffffffff

Linker script and memory map

                0x00000020                _STACK_SIZE = DEFINED (_STACK_SIZE)?_STACK_SIZE:0x20
                0x00001000                _HEAP_SIZE = DEFINED (_HEAP_SIZE)?_HEAP_SIZE:0x1000

.text           0x20010000     0x5654
 *(.vectors)
 *(.boot_data)
 .boot_data     0x20010000       0x10 d:\C++\VSCODE\data\user-data\User\globalStorage\vexrobotics.vexcode\sdk\cpp\IQ2\IQ2_20231003_10_00_00/vexiq2\libviq2rt.a(iq2_startup.c.o)
                0x20010000                vexCodeSig
                0x00000020                . = 0x20
 *fill*         0x20010010       0x10 
 *(.boot)
 .boot          0x20010020       0x64 d:\C++\VSCODE\data\user-data\User\globalStorage\vexrobotics.vexcode\sdk\cpp\IQ2\IQ2_20231003_10_00_00/vexiq2\libviq2rt.a(iq2_startup.c.o)
                0x20010020                vexStartup
                0x200100c0                . = ALIGN (0x40)
 *fill*         0x20010084       0x3c 
 *(.freertos_vectors)
 *(.text)
 .text          0x200100c0      0x378 d:\C++\VSCODE\data\user-data\User\globalStorage\vexrobotics.vexcode\sdk\cpp\IQ2\IQ2_20231003_10_00_00/vexiq2/gcc/libs\libgcc.a(_arm_addsubdf3.o)
                0x200100c0                __aeabi_drsub
                0x200100c8                __aeabi_dsub
                0x200100c8                __subdf3
                0x200100cc                __aeabi_dadd
                0x200100cc                __adddf3
                0x20010344                __floatunsidf
                0x20010344                __aeabi_ui2d
                0x20010364                __floatsidf
                0x20010364                __aeabi_i2d
                0x20010388                __aeabi_f2d
                0x20010388                __extendsfdf2
                0x200103cc                __floatundidf
                0x200103cc                __aeabi_ul2d
                0x200103dc                __floatdidf
                0x200103dc                __aeabi_l2d
 .text          0x20010438      0x424 d:\C++\VSCODE\data\user-data\User\globalStorage\vexrobotics.vexcode\sdk\cpp\IQ2\IQ2_20231003_10_00_00/vexiq2/gcc/libs\libgcc.a(_arm_muldivdf3.o)
                0x20010438                __aeabi_dmul
                0x20010438                __muldf3
                0x2001068c                __divdf3
                0x2001068c                __aeabi_ddiv
 .text          0x2001085c      0x110 d:\C++\VSCODE\data\user-data\User\globalStorage\vexrobotics.vexcode\sdk\cpp\IQ2\IQ2_20231003_10_00_00/vexiq2/gcc/libs\libgcc.a(_arm_cmpdf2.o)
                0x2001085c                __gtdf2
                0x2001085c                __gedf2
                0x20010864                __ltdf2
                0x20010864                __ledf2
                0x2001086c                __nedf2
                0x2001086c                __eqdf2
                0x2001086c                __cmpdf2
                0x200108e8                __aeabi_cdrcmple
                0x200108f8                __aeabi_cdcmpeq
                0x200108f8                __aeabi_cdcmple
                0x20010908                __aeabi_dcmpeq
                0x2001091c                __aeabi_dcmplt
                0x20010930                __aeabi_dcmple
                0x20010944                __aeabi_dcmpge
                0x20010958                __aeabi_dcmpgt
 .text          0x2001096c       0x2c d:\C++\VSCODE\data\user-data\User\globalStorage\vexrobotics.vexcode\sdk\cpp\IQ2\IQ2_20231003_10_00_00/vexiq2/gcc/libs\libgcc.a(_arm_unorddf2.o)
                0x2001096c                __unorddf2
                0x2001096c                __aeabi_dcmpun
 .text          0x20010998       0x50 d:\C++\VSCODE\data\user-data\User\globalStorage\vexrobotics.vexcode\sdk\cpp\IQ2\IQ2_20231003_10_00_00/vexiq2/gcc/libs\libgcc.a(_arm_fixdfsi.o)
                0x20010998                __aeabi_d2iz
                0x20010998                __fixdfsi
 .text          0x200109e8       0x40 d:\C++\VSCODE\data\user-data\User\globalStorage\vexrobotics.vexcode\sdk\cpp\IQ2\IQ2_20231003_10_00_00/vexiq2/gcc/libs\libgcc.a(_arm_fixunsdfsi.o)
                0x200109e8                __aeabi_d2uiz
                0x200109e8                __fixunsdfsi
 *(.text.*)
 .text._ZNSt3mapIPN3vex5motorEiSt4lessIS2_ESaISt4pairIKS2_iEEEC2ESt16initializer_listIS7_ERKS4_RKS8_
                0x20010a28       0x4a build/src/main.o
                0x20010a28                std::map<vex::motor*, int, std::less<vex::motor*>, std::allocator<std::pair<vex::motor* const, int> > >::map(std::initializer_list<std::pair<vex::motor* const, int> >, std::less<vex::motor*> const&, std::allocator<std::pair<vex::motor* const, int> > const&)
 .text._ZNSt3mapIPN3vex5motorEiSt4lessIS2_ESaISt4pairIKS2_iEEED2Ev
                0x20010a72       0x10 build/src/main.o
                0x20010a72                std::map<vex::motor*, int, std::less<vex::motor*>, std::allocator<std::pair<vex::motor* const, int> > >::~map()
 *fill*         0x20010a82        0x2 
 .text._Z12sleepForTimei
                0x20010a84       0x4a build/src/main.o
                0x20010a84                sleepForTime(int)
 *fill*         0x20010ace        0x2 
 .text._Z8setSpeedPN3vex5motorEi
                0x20010ad0       0x66 build/src/main.o
                0x20010ad0                setSpeed(vex::motor*, int)
 *fill*         0x20010b36        0x2 
 .text._ZNSt3mapIPN3vex5motorEiSt4lessIS2_ESaISt4pairIKS2_iEEEixERS6_
                0x20010b38       0x5e build/src/main.o
                0x20010b38                std::map<vex::motor*, int, std::less<vex::motor*>, std::allocator<std::pair<vex::motor* const, int> > >::operator[](vex::motor* const&)
 *fill*         0x20010b96        0x2 
 .text._Z10taskTuringv
                0x20010b98      0x340 build/src/main.o
                0x20010b98                taskTuring()
 .text._Z13drawCoolFace1v
                0x20010ed8      0x16c build/src/main.o
                0x20010ed8                drawCoolFace1()
 .text._Z13drawCoolFace2v
                0x20011044      0x16c build/src/main.o
                0x20011044                drawCoolFace2()
 .text._Z13drawCoolFace3v
                0x200111b0      0x16c build/src/main.o
                0x200111b0                drawCoolFace3()
 *fill*         0x2001131c        0x4 
 .text._Z7setTurnii
                0x20011320      0x140 build/src/main.o
                0x20011320                setTurn(int, int)
 .text._Z13followLinePIDv
                0x20011460      0x1a8 build/src/main.o
                0x20011460                followLinePID()
 .text._Z8redColorv
                0x20011608      0x218 build/src/main.o
                0x20011608                redColor()
 .text._Z9blueColorv
                0x20011820      0x458 build/src/main.o
                0x20011820                blueColor()
 .text._Z12parallelParkv
                0x20011c78      0x3b8 build/src/main.o
                0x20011c78                parallelPark()
 .text._Z8beepTaskv
                0x20012030       0x80 build/src/main.o
                0x20012030                beepTask()
 .text._Z8watchDogv
                0x200120b0       0x50 build/src/main.o
                0x200120b0                watchDog()
 .text.main     0x20012100      0x6b6 build/src/main.o
                0x20012100                main
 *fill*         0x200127b6        0x2 
 .text._ZNSt8_Rb_treeIPN3vex5motorESt4pairIKS2_iESt10_Select1stIS5_ESt4lessIS2_ESaIS5_EE8_M_eraseEPSt13_Rb_tree_nodeIS5_E
                0x200127b8       0x2c build/src/main.o
                0x200127b8                std::_Rb_tree<vex::motor*, std::pair<vex::motor* const, int>, std::_Select1st<std::pair<vex::motor* const, int> >, std::less<vex::motor*>, std::allocator<std::pair<vex::motor* const, int> > >::_M_erase(std::_Rb_tree_node<std::pair<vex::motor* const, int> >*)
 .text._ZNSt8_Rb_treeIPN3vex5motorESt4pairIKS2_iESt10_Select1stIS5_ESt4lessIS2_ESaIS5_EE17_M_insert_unique_IRKS5_NSB_11_Alloc_nodeEEESt17_Rb_tree_iteratorIS5_ESt23_Rb_tree_const_iteratorIS5_EOT_RT0_
                0x200127e4       0x38 build/src/main.o
                0x200127e4                std::_Rb_tree_iterator<std::pair<vex::motor* const, int> > std::_Rb_tree<vex::motor*, std::pair<vex::motor* const, int>, std::_Select1st<std::pair<vex::motor* const, int> >, std::less<vex::motor*>, std::allocator<std::pair<vex::motor* const, int> > >::_M_insert_unique_<std::pair<vex::motor* const, int> const&, std::_Rb_tree<vex::motor*, std::pair<vex::motor* const, int>, std::_Select1st<std::pair<vex::motor* const, int> >, std::less<vex::motor*>, std::allocator<std::pair<vex::motor* const, int> > >::_Alloc_node>(std::_Rb_tree_const_iterator<std::pair<vex::motor* const, int> >, std::pair<vex::motor* const, int> const&, std::_Rb_tree<vex::motor*, std::pair<vex::motor* const, int>, std::_Select1st<std::pair<vex::motor* const, int> >, std::less<vex::motor*>, std::allocator<std::pair<vex::motor* const, int> > >::_Alloc_node&)
 .text._ZNSt8_Rb_treeIPN3vex5motorESt4pairIKS2_iESt10_Select1stIS5_ESt4lessIS2_ESaIS5_EE29_M_get_insert_hint_unique_posESt23_Rb_tree_const_iteratorIS5_ERS4_
                0x2001281c       0x9a build/src/main.o
                0x2001281c                std::_Rb_tree<vex::motor*, std::pair<vex::motor* const, int>, std::_Select1st<std::pair<vex::motor* const, int> >, std::less<vex::motor*>, std::allocator<std::pair<vex::motor* const, int> > >::_M_get_insert_hint_unique_pos(std::_Rb_tree_const_iterator<std::pair<vex::motor* const, int> >, vex::motor* const&)
 .text._ZNSt8_Rb_treeIPN3vex5motorESt4pairIKS2_iESt10_Select1stIS5_ESt4lessIS2_ESaIS5_EE10_M_insert_IRKS5_NSB_11_Alloc_nodeEEESt17_Rb_tree_iteratorIS5_EPSt18_Rb_tree_node_baseSJ_OT_RT0_
                0x200128b6       0x58 build/src/main.o
                0x200128b6                std::_Rb_tree_iterator<std::pair<vex::motor* const, int> > std::_Rb_tree<vex::motor*, std::pair<vex::motor* const, int>, std::_Select1st<std::pair<vex::motor* const, int> >, std::less<vex::motor*>, std::allocator<std::pair<vex::motor* const, int> > >::_M_insert_<std::pair<vex::motor* const, int> const&, std::_Rb_tree<vex::motor*, std::pair<vex::motor* const, int>, std::_Select1st<std::pair<vex::motor* const, int> >, std::less<vex::motor*>, std::allocator<std::pair<vex::motor* const, int> > >::_Alloc_node>(std::_Rb_tree_node_base*, std::_Rb_tree_node_base*, std::pair<vex::motor* const, int> const&, std::_Rb_tree<vex::motor*, std::pair<vex::motor* const, int>, std::_Select1st<std::pair<vex::motor* const, int> >, std::less<vex::motor*>, std::allocator<std::pair<vex::motor* const, int> > >::_Alloc_node&)
 *fill*         0x2001290e        0x2 
 .text._ZNSt8_Rb_treeIPN3vex5motorESt4pairIKS2_iESt10_Select1stIS5_ESt4lessIS2_ESaIS5_EE24_M_get_insert_unique_posERS4_
                0x20012910       0x56 build/src/main.o
                0x20012910                std::_Rb_tree<vex::motor*, std::pair<vex::motor* const, int>, std::_Select1st<std::pair<vex::motor* const, int> >, std::less<vex::motor*>, std::allocator<std::pair<vex::motor* const, int> > >::_M_get_insert_unique_pos(vex::motor* const&)
 .text._ZNSt8_Rb_treeIPN3vex5motorESt4pairIKS2_iESt10_Select1stIS5_ESt4lessIS2_ESaIS5_EE22_M_emplace_hint_uniqueIJRKSt21piecewise_construct_tSt5tupleIJRS4_EESG_IJEEEEESt17_Rb_tree_iteratorIS5_ESt23_Rb_tree_const_iteratorIS5_EDpOT_
                0x20012966       0x50 build/src/main.o
                0x20012966                std::_Rb_tree_iterator<std::pair<vex::motor* const, int> > std::_Rb_tree<vex::motor*, std::pair<vex::motor* const, int>, std::_Select1st<std::pair<vex::motor* const, int> >, std::less<vex::motor*>, std::allocator<std::pair<vex::motor* const, int> > >::_M_emplace_hint_unique<std::piecewise_construct_t const&, std::tuple<vex::motor* const&>, std::tuple<> >(std::_Rb_tree_const_iterator<std::pair<vex::motor* const, int> >, std::piecewise_construct_t const&, std::tuple<vex::motor* const&>&&, std::tuple<>&&)
 .text._ZNSt8_Rb_treeIPN3vex5motorESt4pairIKS2_iESt10_Select1stIS5_ESt4lessIS2_ESaIS5_EE14_M_insert_nodeEPSt18_Rb_tree_node_baseSD_PSt13_Rb_tree_nodeIS5_E
                0x200129b6       0x32 build/src/main.o
                0x200129b6                std::_Rb_tree<vex::motor*, std::pair<vex::motor* const, int>, std::_Select1st<std::pair<vex::motor* const, int> >, std::less<vex::motor*>, std::allocator<std::pair<vex::motor* const, int> > >::_M_insert_node(std::_Rb_tree_node_base*, std::_Rb_tree_node_base*, std::_Rb_tree_node<std::pair<vex::motor* const, int> >*)
 .text._GLOBAL__sub_I_main.cpp
                0x200129e8      0x1ac build/src/main.o
 .text.vexMain  0x20012b94       0x60 d:\C++\VSCODE\data\user-data\User\globalStorage\vexrobotics.vexcode\sdk\cpp\IQ2\IQ2_20231003_10_00_00/vexiq2\libviq2rt.a(iq2_startup.c.o)
                0x20012b94                vexMain
 .text.__vex_function_prolog
                0x20012bf4       0x10 d:\C++\VSCODE\data\user-data\User\globalStorage\vexrobotics.vexcode\sdk\cpp\IQ2\IQ2_20231003_10_00_00/vexiq2\libviq2rt.a(iq2_startup.c.o)
                0x20012bf4                __vex_function_prolog
 .text._init    0x20012c04        0x2 d:\C++\VSCODE\data\user-data\User\globalStorage\vexrobotics.vexcode\sdk\cpp\IQ2\IQ2_20231003_10_00_00/vexiq2\libviq2rt.a(iq2_startup.c.o)
                0x20012c04                _init
 *fill*         0x20012c06        0x2 
 .text._sbrk    0x20012c08       0x38 d:\C++\VSCODE\data\user-data\User\globalStorage\vexrobotics.vexcode\sdk\cpp\IQ2\IQ2_20231003_10_00_00/vexiq2\libviq2rt.a(iq2_startup.c.o)
                0x20012c08                _sbrk
 .text._exit    0x20012c40       0x28 d:\C++\VSCODE\data\user-data\User\globalStorage\vexrobotics.vexcode\sdk\cpp\IQ2\IQ2_20231003_10_00_00/vexiq2\libviq2rt.a(iq2_startup.c.o)
                0x20012c40                _exit
 .text._kill    0x20012c68       0x10 d:\C++\VSCODE\data\user-data\User\globalStorage\vexrobotics.vexcode\sdk\cpp\IQ2\IQ2_20231003_10_00_00/vexiq2\libviq2rt.a(iq2_startup.c.o)
                0x20012c68                _kill
 .text._getpid  0x20012c78        0x4 d:\C++\VSCODE\data\user-data\User\globalStorage\vexrobotics.vexcode\sdk\cpp\IQ2\IQ2_20231003_10_00_00/vexiq2\libviq2rt.a(iq2_startup.c.o)
                0x20012c78                _getpid
 .text.__cxa_atexit
                0x20012c7c        0x4 d:\C++\VSCODE\data\user-data\User\globalStorage\vexrobotics.vexcode\sdk\cpp\IQ2\IQ2_20231003_10_00_00/vexiq2\libviq2rt.a(iq2_startup.c.o)
                0x20012c7c                __cxa_atexit
 .text.vexTaskAdd
                0x20012c80        0xc d:\C++\VSCODE\data\user-data\User\globalStorage\vexrobotics.vexcode\sdk\cpp\IQ2\IQ2_20231003_10_00_00/vexiq2\libviq2rt.a(iq2_apijump.c.o)
                0x20012c80                vexTaskAdd
 .text.vexTasksRun
                0x20012c8c        0xc d:\C++\VSCODE\data\user-data\User\globalStorage\vexrobotics.vexcode\sdk\cpp\IQ2\IQ2_20231003_10_00_00/vexiq2\libviq2rt.a(iq2_apijump.c.o)
                0x20012c8c                vexTasksRun
 .text.vexTaskCheckTimeslice
                0x20012c98        0xc d:\C++\VSCODE\data\user-data\User\globalStorage\vexrobotics.vexcode\sdk\cpp\IQ2\IQ2_20231003_10_00_00/vexiq2\libviq2rt.a(iq2_apijump.c.o)
                0x20012c98                vexTaskCheckTimeslice
 .text.vexTaskGetIndex
                0x20012ca4        0xc d:\C++\VSCODE\data\user-data\User\globalStorage\vexrobotics.vexcode\sdk\cpp\IQ2\IQ2_20231003_10_00_00/vexiq2\libviq2rt.a(iq2_apijump.c.o)
                0x20012ca4                vexTaskGetIndex
 .text.vexTaskSleep
                0x20012cb0        0xc d:\C++\VSCODE\data\user-data\User\globalStorage\vexrobotics.vexcode\sdk\cpp\IQ2\IQ2_20231003_10_00_00/vexiq2\libviq2rt.a(iq2_apijump.c.o)
                0x20012cb0                vexTaskSleep
 .text.vexTasksDump
                0x20012cbc       0x18 d:\C++\VSCODE\data\user-data\User\globalStorage\vexrobotics.vexcode\sdk\cpp\IQ2\IQ2_20231003_10_00_00/vexiq2\libviq2rt.a(iq2_apijump.c.o)
                0x20012cbc                vexTasksDump
 .text.vexTaskGetTaskIndex
                0x20012cd4        0xc d:\C++\VSCODE\data\user-data\User\globalStorage\vexrobotics.vexcode\sdk\cpp\IQ2\IQ2_20231003_10_00_00/vexiq2\libviq2rt.a(iq2_apijump.c.o)
                0x20012cd4                vexTaskGetTaskIndex
 .text.vexTaskCompletionIdSet
                0x20012ce0        0xc d:\C++\VSCODE\data\user-data\User\globalStorage\vexrobotics.vexcode\sdk\cpp\IQ2\IQ2_20231003_10_00_00/vexiq2\libviq2rt.a(iq2_apijump.c.o)
                0x20012ce0                vexTaskCompletionIdSet
 .text.vexTaskStopWithId
                0x20012cec        0xc d:\C++\VSCODE\data\user-data\User\globalStorage\vexrobotics.vexcode\sdk\cpp\IQ2\IQ2_20231003_10_00_00/vexiq2\libviq2rt.a(iq2_apijump.c.o)
                0x20012cec                vexTaskStopWithId
 .text.vexCriticalSection
                0x20012cf8        0xc d:\C++\VSCODE\data\user-data\User\globalStorage\vexrobotics.vexcode\sdk\cpp\IQ2\IQ2_20231003_10_00_00/vexiq2\libviq2rt.a(iq2_apijump.c.o)
                0x20012cf8                vexCriticalSection
 .text.vexDisplayContextSwitch
                0x20012d04        0xc d:\C++\VSCODE\data\user-data\User\globalStorage\vexrobotics.vexcode\sdk\cpp\IQ2\IQ2_20231003_10_00_00/vexiq2\libviq2rt.a(iq2_apijump.c.o)
                0x20012d04                vexDisplayContextSwitch
 .text.vexEventUserIndexGet
                0x20012d10       0x18 d:\C++\VSCODE\data\user-data\User\globalStorage\vexrobotics.vexcode\sdk\cpp\IQ2\IQ2_20231003_10_00_00/vexiq2\libviq2rt.a(iq2_apijump.c.o)
                0x20012d10                vexEventUserIndexGet
 .text.vexDebug
                0x20012d28       0x2c d:\C++\VSCODE\data\user-data\User\globalStorage\vexrobotics.vexcode\sdk\cpp\IQ2\IQ2_20231003_10_00_00/vexiq2\libviq2rt.a(iq2_apijump.c.o)
                0x20012d28                vexDebug
 .text.vex_sprintf
                0x20012d54       0x30 d:\C++\VSCODE\data\user-data\User\globalStorage\vexrobotics.vexcode\sdk\cpp\IQ2\IQ2_20231003_10_00_00/vexiq2\libviq2rt.a(iq2_apijump.c.o)
                0x20012d54                vex_sprintf
 .text.vex_vsnprintf
                0x20012d84       0x2c d:\C++\VSCODE\data\user-data\User\globalStorage\vexrobotics.vexcode\sdk\cpp\IQ2\IQ2_20231003_10_00_00/vexiq2\libviq2rt.a(iq2_apijump.c.o)
                0x20012d84                vex_vsnprintf
 .text.vexSystemTimeGet
                0x20012db0       0x18 d:\C++\VSCODE\data\user-data\User\globalStorage\vexrobotics.vexcode\sdk\cpp\IQ2\IQ2_20231003_10_00_00/vexiq2\libviq2rt.a(iq2_apijump.c.o)
                0x20012db0                vexSystemTimeGet
 .text.vexSystemExitRequest
                0x20012dc8       0x18 d:\C++\VSCODE\data\user-data\User\globalStorage\vexrobotics.vexcode\sdk\cpp\IQ2\IQ2_20231003_10_00_00/vexiq2\libviq2rt.a(iq2_apijump.c.o)
                0x20012dc8                vexSystemExitRequest
 .text.vexDeviceGetByIndex
                0x20012de0       0x1c d:\C++\VSCODE\data\user-data\User\globalStorage\vexrobotics.vexcode\sdk\cpp\IQ2\IQ2_20231003_10_00_00/vexiq2\libviq2rt.a(iq2_apijump.c.o)
                0x20012de0                vexDeviceGetByIndex
 .text.vexTouchledValueGet
                0x20012dfc       0x1c d:\C++\VSCODE\data\user-data\User\globalStorage\vexrobotics.vexcode\sdk\cpp\IQ2\IQ2_20231003_10_00_00/vexiq2\libviq2rt.a(iq2_apijump.c.o)
                0x20012dfc                vexTouchledValueGet
 .text.vexTouchledRgbSet
                0x20012e18       0x2c d:\C++\VSCODE\data\user-data\User\globalStorage\vexrobotics.vexcode\sdk\cpp\IQ2\IQ2_20231003_10_00_00/vexiq2\libviq2rt.a(iq2_apijump.c.o)
                0x20012e18                vexTouchledRgbSet
 .text.vexTouchledOn
                0x20012e44       0x1c d:\C++\VSCODE\data\user-data\User\globalStorage\vexrobotics.vexcode\sdk\cpp\IQ2\IQ2_20231003_10_00_00/vexiq2\libviq2rt.a(iq2_apijump.c.o)
                0x20012e44                vexTouchledOn
 .text.vexTouchledOff
                0x20012e60       0x1c d:\C++\VSCODE\data\user-data\User\globalStorage\vexrobotics.vexcode\sdk\cpp\IQ2\IQ2_20231003_10_00_00/vexiq2\libviq2rt.a(iq2_apijump.c.o)
                0x20012e60                vexTouchledOff
 .text.vexTouchledBrightnessSet
                0x20012e7c       0x20 d:\C++\VSCODE\data\user-data\User\globalStorage\vexrobotics.vexcode\sdk\cpp\IQ2\IQ2_20231003_10_00_00/vexiq2\libviq2rt.a(iq2_apijump.c.o)
                0x20012e7c                vexTouchledBrightnessSet
 .text.vexMotorVelocitySet
                0x20012e9c       0x20 d:\C++\VSCODE\data\user-data\User\globalStorage\vexrobotics.vexcode\sdk\cpp\IQ2\IQ2_20231003_10_00_00/vexiq2\libviq2rt.a(iq2_apijump.c.o)
                0x20012e9c                vexMotorVelocitySet
 .text.vexMotorActualVelocityGet
                0x20012ebc       0x1c d:\C++\VSCODE\data\user-data\User\globalStorage\vexrobotics.vexcode\sdk\cpp\IQ2\IQ2_20231003_10_00_00/vexiq2\libviq2rt.a(iq2_apijump.c.o)
                0x20012ebc                vexMotorActualVelocityGet
 .text.vexMotorModeGet
                0x20012ed8       0x1c d:\C++\VSCODE\data\user-data\User\globalStorage\vexrobotics.vexcode\sdk\cpp\IQ2\IQ2_20231003_10_00_00/vexiq2\libviq2rt.a(iq2_apijump.c.o)
                0x20012ed8                vexMotorModeGet
 .text.vexMotorCurrentLimitSet
                0x20012ef4       0x20 d:\C++\VSCODE\data\user-data\User\globalStorage\vexrobotics.vexcode\sdk\cpp\IQ2\IQ2_20231003_10_00_00/vexiq2\libviq2rt.a(iq2_apijump.c.o)
                0x20012ef4                vexMotorCurrentLimitSet
 .text.vexMotorZeroPositionFlagGet
                0x20012f14       0x1c d:\C++\VSCODE\data\user-data\User\globalStorage\vexrobotics.vexcode\sdk\cpp\IQ2\IQ2_20231003_10_00_00/vexiq2\libviq2rt.a(iq2_apijump.c.o)
                0x20012f14                vexMotorZeroPositionFlagGet
 .text.vexMotorReverseFlagSet
                0x20012f30       0x20 d:\C++\VSCODE\data\user-data\User\globalStorage\vexrobotics.vexcode\sdk\cpp\IQ2\IQ2_20231003_10_00_00/vexiq2\libviq2rt.a(iq2_apijump.c.o)
                0x20012f30                vexMotorReverseFlagSet
 .text.vexMotorEncoderUnitsSet
                0x20012f50       0x20 d:\C++\VSCODE\data\user-data\User\globalStorage\vexrobotics.vexcode\sdk\cpp\IQ2\IQ2_20231003_10_00_00/vexiq2\libviq2rt.a(iq2_apijump.c.o)
                0x20012f50                vexMotorEncoderUnitsSet
 .text.vexMotorBrakeModeSet
                0x20012f70       0x20 d:\C++\VSCODE\data\user-data\User\globalStorage\vexrobotics.vexcode\sdk\cpp\IQ2\IQ2_20231003_10_00_00/vexiq2\libviq2rt.a(iq2_apijump.c.o)
                0x20012f70                vexMotorBrakeModeSet
 .text.vexMotorPositionSet
                0x20012f90       0x34 d:\C++\VSCODE\data\user-data\User\globalStorage\vexrobotics.vexcode\sdk\cpp\IQ2\IQ2_20231003_10_00_00/vexiq2\libviq2rt.a(iq2_apijump.c.o)
                0x20012f90                vexMotorPositionSet
 .text.vexMotorAbsoluteTargetSet
                0x20012fc4       0x38 d:\C++\VSCODE\data\user-data\User\globalStorage\vexrobotics.vexcode\sdk\cpp\IQ2\IQ2_20231003_10_00_00/vexiq2\libviq2rt.a(iq2_apijump.c.o)
                0x20012fc4                vexMotorAbsoluteTargetSet
 .text.vexMotorRelativeTargetSet
                0x20012ffc       0x38 d:\C++\VSCODE\data\user-data\User\globalStorage\vexrobotics.vexcode\sdk\cpp\IQ2\IQ2_20231003_10_00_00/vexiq2\libviq2rt.a(iq2_apijump.c.o)
                0x20012ffc                vexMotorRelativeTargetSet
 .text.vexImuReset
                0x20013034       0x1c d:\C++\VSCODE\data\user-data\User\globalStorage\vexrobotics.vexcode\sdk\cpp\IQ2\IQ2_20231003_10_00_00/vexiq2\libviq2rt.a(iq2_apijump.c.o)
                0x20013034                vexImuReset
 .text.vexImuHeadingGet
                0x20013050       0x1c d:\C++\VSCODE\data\user-data\User\globalStorage\vexrobotics.vexcode\sdk\cpp\IQ2\IQ2_20231003_10_00_00/vexiq2\libviq2rt.a(iq2_apijump.c.o)
                0x20013050                vexImuHeadingGet
 .text.vexImuDegreesGet
                0x2001306c       0x1c d:\C++\VSCODE\data\user-data\User\globalStorage\vexrobotics.vexcode\sdk\cpp\IQ2\IQ2_20231003_10_00_00/vexiq2\libviq2rt.a(iq2_apijump.c.o)
                0x2001306c                vexImuDegreesGet
 .text.vexImuAttitudeGet
                0x20013088       0x20 d:\C++\VSCODE\data\user-data\User\globalStorage\vexrobotics.vexcode\sdk\cpp\IQ2\IQ2_20231003_10_00_00/vexiq2\libviq2rt.a(iq2_apijump.c.o)
                0x20013088                vexImuAttitudeGet
 .text.vexImuStatusGet
                0x200130a8       0x1c d:\C++\VSCODE\data\user-data\User\globalStorage\vexrobotics.vexcode\sdk\cpp\IQ2\IQ2_20231003_10_00_00/vexiq2\libviq2rt.a(iq2_apijump.c.o)
                0x200130a8                vexImuStatusGet
 .text.vexOpticalHueGet
                0x200130c4       0x1c d:\C++\VSCODE\data\user-data\User\globalStorage\vexrobotics.vexcode\sdk\cpp\IQ2\IQ2_20231003_10_00_00/vexiq2\libviq2rt.a(iq2_apijump.c.o)
                0x200130c4                vexOpticalHueGet
 .text.vexOpticalBrightnessGet
                0x200130e0       0x1c d:\C++\VSCODE\data\user-data\User\globalStorage\vexrobotics.vexcode\sdk\cpp\IQ2\IQ2_20231003_10_00_00/vexiq2\libviq2rt.a(iq2_apijump.c.o)
                0x200130e0                vexOpticalBrightnessGet
 .text.vexOpticalLedPwmSet
                0x200130fc       0x20 d:\C++\VSCODE\data\user-data\User\globalStorage\vexrobotics.vexcode\sdk\cpp\IQ2\IQ2_20231003_10_00_00/vexiq2\libviq2rt.a(iq2_apijump.c.o)
                0x200130fc                vexOpticalLedPwmSet
 .text.vexOpticalGestureEnable
                0x2001311c       0x1c d:\C++\VSCODE\data\user-data\User\globalStorage\vexrobotics.vexcode\sdk\cpp\IQ2\IQ2_20231003_10_00_00/vexiq2\libviq2rt.a(iq2_apijump.c.o)
                0x2001311c                vexOpticalGestureEnable
 .text.vexOpticalGestureDisable
                0x20013138       0x1c d:\C++\VSCODE\data\user-data\User\globalStorage\vexrobotics.vexcode\sdk\cpp\IQ2\IQ2_20231003_10_00_00/vexiq2\libviq2rt.a(iq2_apijump.c.o)
                0x20013138                vexOpticalGestureDisable
 .text.vexOpticalProximityThreshold
                0x20013154       0x20 d:\C++\VSCODE\data\user-data\User\globalStorage\vexrobotics.vexcode\sdk\cpp\IQ2\IQ2_20231003_10_00_00/vexiq2\libviq2rt.a(iq2_apijump.c.o)
                0x20013154                vexOpticalProximityThreshold
 .text.vexSoundPlay
                0x20013174       0x20 d:\C++\VSCODE\data\user-data\User\globalStorage\vexrobotics.vexcode\sdk\cpp\IQ2\IQ2_20231003_10_00_00/vexiq2\libviq2rt.a(iq2_apijump.c.o)
                0x20013174                vexSoundPlay
 .text.vexSoundPlayTone
                0x20013194       0x24 d:\C++\VSCODE\data\user-data\User\globalStorage\vexrobotics.vexcode\sdk\cpp\IQ2\IQ2_20231003_10_00_00/vexiq2\libviq2rt.a(iq2_apijump.c.o)
                0x20013194                vexSoundPlayTone
 .text.vexDisplayForegroundColor
                0x200131b8       0x1c d:\C++\VSCODE\data\user-data\User\globalStorage\vexrobotics.vexcode\sdk\cpp\IQ2\IQ2_20231003_10_00_00/vexiq2\libviq2rt.a(iq2_apijump.c.o)
                0x200131b8                vexDisplayForegroundColor
 .text.vexDisplayBackgroundColor
                0x200131d4       0x1c d:\C++\VSCODE\data\user-data\User\globalStorage\vexrobotics.vexcode\sdk\cpp\IQ2\IQ2_20231003_10_00_00/vexiq2\libviq2rt.a(iq2_apijump.c.o)
                0x200131d4                vexDisplayBackgroundColor
 .text.vexDisplayBackgroundColorGet
                0x200131f0       0x18 d:\C++\VSCODE\data\user-data\User\globalStorage\vexrobotics.vexcode\sdk\cpp\IQ2\IQ2_20231003_10_00_00/vexiq2\libviq2rt.a(iq2_apijump.c.o)
                0x200131f0                vexDisplayBackgroundColorGet
 .text.vexDisplayPixelSet
                0x20013208       0x28 d:\C++\VSCODE\data\user-data\User\globalStorage\vexrobotics.vexcode\sdk\cpp\IQ2\IQ2_20231003_10_00_00/vexiq2\libviq2rt.a(iq2_apijump.c.o)
                0x20013208                vexDisplayPixelSet
 .text.vexDisplayLineDraw
                0x20013230       0x34 d:\C++\VSCODE\data\user-data\User\globalStorage\vexrobotics.vexcode\sdk\cpp\IQ2\IQ2_20231003_10_00_00/vexiq2\libviq2rt.a(iq2_apijump.c.o)
                0x20013230                vexDisplayLineDraw
 .text.vexDisplayRectDraw
                0x20013264       0x34 d:\C++\VSCODE\data\user-data\User\globalStorage\vexrobotics.vexcode\sdk\cpp\IQ2\IQ2_20231003_10_00_00/vexiq2\libviq2rt.a(iq2_apijump.c.o)
                0x20013264                vexDisplayRectDraw
 .text.vexDisplayRectClear
                0x20013298       0x34 d:\C++\VSCODE\data\user-data\User\globalStorage\vexrobotics.vexcode\sdk\cpp\IQ2\IQ2_20231003_10_00_00/vexiq2\libviq2rt.a(iq2_apijump.c.o)
                0x20013298                vexDisplayRectClear
 .text.vexDisplayCircleDraw
                0x200132cc       0x2c d:\C++\VSCODE\data\user-data\User\globalStorage\vexrobotics.vexcode\sdk\cpp\IQ2\IQ2_20231003_10_00_00/vexiq2\libviq2rt.a(iq2_apijump.c.o)
                0x200132cc                vexDisplayCircleDraw
 .text.vexDisplayCircleClear
                0x200132f8       0x2c d:\C++\VSCODE\data\user-data\User\globalStorage\vexrobotics.vexcode\sdk\cpp\IQ2\IQ2_20231003_10_00_00/vexiq2\libviq2rt.a(iq2_apijump.c.o)
                0x200132f8                vexDisplayCircleClear
 .text.vexDisplayVPrintf
                0x20013324       0x38 d:\C++\VSCODE\data\user-data\User\globalStorage\vexrobotics.vexcode\sdk\cpp\IQ2\IQ2_20231003_10_00_00/vexiq2\libviq2rt.a(iq2_apijump.c.o)
                0x20013324                vexDisplayVPrintf
 .text.vexDisplayTextReference
                0x2001335c       0x1c d:\C++\VSCODE\data\user-data\User\globalStorage\vexrobotics.vexcode\sdk\cpp\IQ2\IQ2_20231003_10_00_00/vexiq2\libviq2rt.a(iq2_apijump.c.o)
                0x2001335c                vexDisplayTextReference
 .text.vexDisplayTextSize
                0x20013378       0x20 d:\C++\VSCODE\data\user-data\User\globalStorage\vexrobotics.vexcode\sdk\cpp\IQ2\IQ2_20231003_10_00_00/vexiq2\libviq2rt.a(iq2_apijump.c.o)
                0x20013378                vexDisplayTextSize
 .text.vexDisplayFontNamedSet
                0x20013398       0x1c d:\C++\VSCODE\data\user-data\User\globalStorage\vexrobotics.vexcode\sdk\cpp\IQ2\IQ2_20231003_10_00_00/vexiq2\libviq2rt.a(iq2_apijump.c.o)
                0x20013398                vexDisplayFontNamedSet
 .text.vexDisplayStringWidthGet
                0x200133b4       0x1c d:\C++\VSCODE\data\user-data\User\globalStorage\vexrobotics.vexcode\sdk\cpp\IQ2\IQ2_20231003_10_00_00/vexiq2\libviq2rt.a(iq2_apijump.c.o)
                0x200133b4                vexDisplayStringWidthGet
 .text.vexDisplayPenSizeSet
                0x200133d0       0x1c d:\C++\VSCODE\data\user-data\User\globalStorage\vexrobotics.vexcode\sdk\cpp\IQ2\IQ2_20231003_10_00_00/vexiq2\libviq2rt.a(iq2_apijump.c.o)
                0x200133d0                vexDisplayPenSizeSet
 .text.vexDisplayPenSizeGet
                0x200133ec       0x18 d:\C++\VSCODE\data\user-data\User\globalStorage\vexrobotics.vexcode\sdk\cpp\IQ2\IQ2_20231003_10_00_00/vexiq2\libviq2rt.a(iq2_apijump.c.o)
                0x200133ec                vexDisplayPenSizeGet
 .text.vexDisplayRender
                0x20013404       0x20 d:\C++\VSCODE\data\user-data\User\globalStorage\vexrobotics.vexcode\sdk\cpp\IQ2\IQ2_20231003_10_00_00/vexiq2\libviq2rt.a(iq2_apijump.c.o)
                0x20013404                vexDisplayRender
 .text.vexSerialWriteBuffer
                0x20013424        0xc d:\C++\VSCODE\data\user-data\User\globalStorage\vexrobotics.vexcode\sdk\cpp\IQ2\IQ2_20231003_10_00_00/vexiq2\libviq2rt.a(iq2_apijump.c.o)
                0x20013424                vexSerialWriteBuffer
 .text.vexBatteryCapacityGet
                0x20013430       0x18 d:\C++\VSCODE\data\user-data\User\globalStorage\vexrobotics.vexcode\sdk\cpp\IQ2\IQ2_20231003_10_00_00/vexiq2\libviq2rt.a(iq2_apijump.c.o)
                0x20013430                vexBatteryCapacityGet
 .text.vexGenericSerialEnable
                0x20013448       0x20 d:\C++\VSCODE\data\user-data\User\globalStorage\vexrobotics.vexcode\sdk\cpp\IQ2\IQ2_20231003_10_00_00/vexiq2\libviq2rt.a(iq2_apijump.c.o)
                0x20013448                vexGenericSerialEnable
 .text.vexSystemVersion
                0x20013468        0xc d:\C++\VSCODE\data\user-data\User\globalStorage\vexrobotics.vexcode\sdk\cpp\IQ2\IQ2_20231003_10_00_00/vexiq2\libviq2rt.a(iq2_apiversions.c.o)
                0x20013468                vexSystemVersion
 .text._ZN3vex4waitEdNS_9timeUnitsE
                0x20013474       0x3c d:\C++\VSCODE\data\user-data\User\globalStorage\vexrobotics.vexcode\sdk\cpp\IQ2\IQ2_20231003_10_00_00/vexiq2\libviq2rt.a(vex_global.cpp.o)
                0x20013474                vex::wait(double, vex::timeUnits)
 .text._ZN3vex5colorD2Ev
                0x200134b0        0x2 d:\C++\VSCODE\data\user-data\User\globalStorage\vexrobotics.vexcode\sdk\cpp\IQ2\IQ2_20231003_10_00_00/vexiq2\libviq2rt.a(vex_color.cpp.o)
                0x200134b0                vex::color::~color()
                0x200134b0                vex::color::~color()
 .text._ZN3vex5colorC2Ev
                0x200134b2        0x8 d:\C++\VSCODE\data\user-data\User\globalStorage\vexrobotics.vexcode\sdk\cpp\IQ2\IQ2_20231003_10_00_00/vexiq2\libviq2rt.a(vex_color.cpp.o)
                0x200134b2                vex::color::color()
                0x200134b2                vex::color::color()
 .text._ZNK3vex5color3rgbEv
                0x200134ba        0x4 d:\C++\VSCODE\data\user-data\User\globalStorage\vexrobotics.vexcode\sdk\cpp\IQ2\IQ2_20231003_10_00_00/vexiq2\libviq2rt.a(vex_color.cpp.o)
                0x200134ba                vex::color::rgb() const
 .text._ZNK3vex5colorcvmEv
                0x200134be        0x4 d:\C++\VSCODE\data\user-data\User\globalStorage\vexrobotics.vexcode\sdk\cpp\IQ2\IQ2_20231003_10_00_00/vexiq2\libviq2rt.a(vex_color.cpp.o)
                0x200134be                vex::color::operator unsigned long() const
 .text._ZNK3vex5color13isTransparentEv
                0x200134c2        0x4 d:\C++\VSCODE\data\user-data\User\globalStorage\vexrobotics.vexcode\sdk\cpp\IQ2\IQ2_20231003_10_00_00/vexiq2\libviq2rt.a(vex_color.cpp.o)
                0x200134c2                vex::color::isTransparent() const
 *fill*         0x200134c6        0x2 
 .text._ZN3vex5color3hsvEmdd
                0x200134c8      0x158 d:\C++\VSCODE\data\user-data\User\globalStorage\vexrobotics.vexcode\sdk\cpp\IQ2\IQ2_20231003_10_00_00/vexiq2\libviq2rt.a(vex_color.cpp.o)
                0x200134c8                vex::color::hsv(unsigned long, double, double)
 .text._ZNK3vex5color10_colorTypeEv
                0x20013620       0xc8 d:\C++\VSCODE\data\user-data\User\globalStorage\vexrobotics.vexcode\sdk\cpp\IQ2\IQ2_20231003_10_00_00/vexiq2\libviq2rt.a(vex_color.cpp.o)
                0x20013620                vex::color::_colorType() const
 .text.startup._GLOBAL__sub_I__ZN3vex5color5blackE
                0x200136e8      0x18c d:\C++\VSCODE\data\user-data\User\globalStorage\vexrobotics.vexcode\sdk\cpp\IQ2\IQ2_20231003_10_00_00/vexiq2\libviq2rt.a(vex_color.cpp.o)
 .text._ZN3vex4taskC2EPFivE
                0x20013874       0x38 d:\C++\VSCODE\data\user-data\User\globalStorage\vexrobotics.vexcode\sdk\cpp\IQ2\IQ2_20231003_10_00_00/vexiq2\libviq2rt.a(vex_task.cpp.o)
                0x20013874                vex::task::task(int (*)())
                0x20013874                vex::task::task(int (*)())
 .text._ZN3vex4task5sleepEm
                0x200138ac        0x4 d:\C++\VSCODE\data\user-data\User\globalStorage\vexrobotics.vexcode\sdk\cpp\IQ2\IQ2_20231003_10_00_00/vexiq2\libviq2rt.a(vex_task.cpp.o)
                0x200138ac                vex::task::sleep(unsigned long)
 .text._ZN3vex6threadC2EPFivE
                0x200138b0       0x38 d:\C++\VSCODE\data\user-data\User\globalStorage\vexrobotics.vexcode\sdk\cpp\IQ2\IQ2_20231003_10_00_00/vexiq2\libviq2rt.a(vex_thread.cpp.o)
                0x200138b0                vex::thread::thread(int (*)())
                0x200138b0                vex::thread::thread(int (*)())
 .text._ZN3vex6threadD2Ev
                0x200138e8        0x2 d:\C++\VSCODE\data\user-data\User\globalStorage\vexrobotics.vexcode\sdk\cpp\IQ2\IQ2_20231003_10_00_00/vexiq2\libviq2rt.a(vex_thread.cpp.o)
                0x200138e8                vex::thread::~thread()
                0x200138e8                vex::thread::~thread()
 .text._ZN3vex6thread9interruptEv
                0x200138ea        0xe d:\C++\VSCODE\data\user-data\User\globalStorage\vexrobotics.vexcode\sdk\cpp\IQ2\IQ2_20231003_10_00_00/vexiq2\libviq2rt.a(vex_thread.cpp.o)
                0x200138ea                vex::thread::interrupt()
 .text._ZN3vex11this_thread9sleep_forEm
                0x200138f8        0x4 d:\C++\VSCODE\data\user-data\User\globalStorage\vexrobotics.vexcode\sdk\cpp\IQ2\IQ2_20231003_10_00_00/vexiq2\libviq2rt.a(vex_thread.cpp.o)
                0x200138f8                vex::this_thread::sleep_for(unsigned long)
 .text._ZN3vex5brainD2Ev
                0x200138fc        0xe d:\C++\VSCODE\data\user-data\User\globalStorage\vexrobotics.vexcode\sdk\cpp\IQ2\IQ2_20231003_10_00_00/vexiq2\libviq2rt.a(vex_brain.cpp.o)
                0x200138fc                vex::brain::~brain()
                0x200138fc                vex::brain::~brain()
 .text._ZN3vex5brain5timerENS_9timeUnitsE
                0x2001390a        0x6 d:\C++\VSCODE\data\user-data\User\globalStorage\vexrobotics.vexcode\sdk\cpp\IQ2\IQ2_20231003_10_00_00/vexiq2\libviq2rt.a(vex_brain.cpp.o)
                0x2001390a                vex::brain::timer(vex::timeUnits)
 .text._ZN3vex5brain3lcd9setCursorEll
                0x20013910       0x40 d:\C++\VSCODE\data\user-data\User\globalStorage\vexrobotics.vexcode\sdk\cpp\IQ2\IQ2_20231003_10_00_00/vexiq2\libviq2rt.a(vex_brain.cpp.o)
                0x20013910                vex::brain::lcd::setCursor(long, long)
 .text._ZN3vex5brain3lcd7setFontENS_8fontTypeE
                0x20013950      0x144 d:\C++\VSCODE\data\user-data\User\globalStorage\vexrobotics.vexcode\sdk\cpp\IQ2\IQ2_20231003_10_00_00/vexiq2\libviq2rt.a(vex_brain.cpp.o)
                0x20013950                vex::brain::lcd::setFont(vex::fontType)
 .text._ZN3vex5brain3lcdC2Ev
                0x20013a94       0x34 d:\C++\VSCODE\data\user-data\User\globalStorage\vexrobotics.vexcode\sdk\cpp\IQ2\IQ2_20231003_10_00_00/vexiq2\libviq2rt.a(vex_brain.cpp.o)
                0x20013a94                vex::brain::lcd::lcd()
                0x20013a94                vex::brain::lcd::lcd()
 .text._ZN3vex5brainC2Ev
                0x20013ac8       0x32 d:\C++\VSCODE\data\user-data\User\globalStorage\vexrobotics.vexcode\sdk\cpp\IQ2\IQ2_20231003_10_00_00/vexiq2\libviq2rt.a(vex_brain.cpp.o)
                0x20013ac8                vex::brain::brain()
                0x20013ac8                vex::brain::brain()
 .text._ZN3vex5brain3lcd11setPenWidthEm
                0x20013afa       0x16 d:\C++\VSCODE\data\user-data\User\globalStorage\vexrobotics.vexcode\sdk\cpp\IQ2\IQ2_20231003_10_00_00/vexiq2\libviq2rt.a(vex_brain.cpp.o)
                0x20013afa                vex::brain::lcd::setPenWidth(unsigned long)
 .text._ZN3vex5brain3lcd11setPenColorERKNS_5colorE
                0x20013b10       0x10 d:\C++\VSCODE\data\user-data\User\globalStorage\vexrobotics.vexcode\sdk\cpp\IQ2\IQ2_20231003_10_00_00/vexiq2\libviq2rt.a(vex_brain.cpp.o)
                0x20013b10                vex::brain::lcd::setPenColor(vex::color const&)
 .text._ZN3vex5brain3lcd12setFillColorERKNS_5colorE
                0x20013b20       0x28 d:\C++\VSCODE\data\user-data\User\globalStorage\vexrobotics.vexcode\sdk\cpp\IQ2\IQ2_20231003_10_00_00/vexiq2\libviq2rt.a(vex_brain.cpp.o)
                0x20013b20                vex::brain::lcd::setFillColor(vex::color const&)
 .text._ZN3vex5brain3lcd7printAtEllPKcz
                0x20013b48       0x3a d:\C++\VSCODE\data\user-data\User\globalStorage\vexrobotics.vexcode\sdk\cpp\IQ2\IQ2_20231003_10_00_00/vexiq2\libviq2rt.a(vex_brain.cpp.o)
                0x20013b48                vex::brain::lcd::printAt(long, long, char const*, ...)
 .text._ZN3vex5brain3lcd12_clearScreenEm
                0x20013b82       0x26 d:\C++\VSCODE\data\user-data\User\globalStorage\vexrobotics.vexcode\sdk\cpp\IQ2\IQ2_20231003_10_00_00/vexiq2\libviq2rt.a(vex_brain.cpp.o)
                0x20013b82                vex::brain::lcd::_clearScreen(unsigned long)
 .text._ZN3vex5brain3lcd11clearScreenERKNS_5colorE
                0x20013ba8       0x16 d:\C++\VSCODE\data\user-data\User\globalStorage\vexrobotics.vexcode\sdk\cpp\IQ2\IQ2_20231003_10_00_00/vexiq2\libviq2rt.a(vex_brain.cpp.o)
                0x20013ba8                vex::brain::lcd::clearScreen(vex::color const&)
 *fill*         0x20013bbe        0x2 
 .text._ZN3vex5brain3lcd11clearScreenEv
                0x20013bc0        0xc d:\C++\VSCODE\data\user-data\User\globalStorage\vexrobotics.vexcode\sdk\cpp\IQ2\IQ2_20231003_10_00_00/vexiq2\libviq2rt.a(vex_brain.cpp.o)
                0x20013bc0                vex::brain::lcd::clearScreen()
 .text._ZN3vex5brain3lcd9drawPixelEii
                0x20013bcc       0x16 d:\C++\VSCODE\data\user-data\User\globalStorage\vexrobotics.vexcode\sdk\cpp\IQ2\IQ2_20231003_10_00_00/vexiq2\libviq2rt.a(vex_brain.cpp.o)
                0x20013bcc                vex::brain::lcd::drawPixel(int, int)
 .text._ZN3vex5brain3lcd8drawLineEiiii
                0x20013be2      0x1c2 d:\C++\VSCODE\data\user-data\User\globalStorage\vexrobotics.vexcode\sdk\cpp\IQ2\IQ2_20231003_10_00_00/vexiq2\libviq2rt.a(vex_brain.cpp.o)
                0x20013be2                vex::brain::lcd::drawLine(int, int, int, int)
 .text._ZN3vex5brain3lcd13drawRectangleEiiii
                0x20013da4       0x98 d:\C++\VSCODE\data\user-data\User\globalStorage\vexrobotics.vexcode\sdk\cpp\IQ2\IQ2_20231003_10_00_00/vexiq2\libviq2rt.a(vex_brain.cpp.o)
                0x20013da4                vex::brain::lcd::drawRectangle(int, int, int, int)
 .text._ZN3vex5brain3lcd10drawCircleEiii
                0x20013e3c       0x70 d:\C++\VSCODE\data\user-data\User\globalStorage\vexrobotics.vexcode\sdk\cpp\IQ2\IQ2_20231003_10_00_00/vexiq2\libviq2rt.a(vex_brain.cpp.o)
                0x20013e3c                vex::brain::lcd::drawCircle(int, int, int)
 .text._ZN3vex5brain3lcd6renderEv
                0x20013eac        0x8 d:\C++\VSCODE\data\user-data\User\globalStorage\vexrobotics.vexcode\sdk\cpp\IQ2\IQ2_20231003_10_00_00/vexiq2\libviq2rt.a(vex_brain.cpp.o)
                0x20013eac                vex::brain::lcd::render()
 .text._ZN3vex5brain3lcd10rowToPixelEl
                0x20013eb4       0x24 d:\C++\VSCODE\data\user-data\User\globalStorage\vexrobotics.vexcode\sdk\cpp\IQ2\IQ2_20231003_10_00_00/vexiq2\libviq2rt.a(vex_brain.cpp.o)
                0x20013eb4                vex::brain::lcd::rowToPixel(long)
 .text._ZN3vex5brain3lcd9clearLineEi
                0x20013ed8       0x2e d:\C++\VSCODE\data\user-data\User\globalStorage\vexrobotics.vexcode\sdk\cpp\IQ2\IQ2_20231003_10_00_00/vexiq2\libviq2rt.a(vex_brain.cpp.o)
                0x20013ed8                vex::brain::lcd::clearLine(int)
 .text._ZN3vex5brain3lcd5printEPKcz
                0x20013f06       0x7e d:\C++\VSCODE\data\user-data\User\globalStorage\vexrobotics.vexcode\sdk\cpp\IQ2\IQ2_20231003_10_00_00/vexiq2\libviq2rt.a(vex_brain.cpp.o)
                0x20013f06                vex::brain::lcd::print(char const*, ...)
 .text._ZN3vex5brain7battery8capacityENS_12percentUnitsE
                0x20013f84       0x12 d:\C++\VSCODE\data\user-data\User\globalStorage\vexrobotics.vexcode\sdk\cpp\IQ2\IQ2_20231003_10_00_00/vexiq2\libviq2rt.a(vex_brain.cpp.o)
                0x20013f84                vex::brain::battery::capacity(vex::percentUnits)
 *fill*         0x20013f96        0x2 
 .text._ZN3vex5brain9playSoundENS_9soundTypeE
                0x20013f98       0x14 d:\C++\VSCODE\data\user-data\User\globalStorage\vexrobotics.vexcode\sdk\cpp\IQ2\IQ2_20231003_10_00_00/vexiq2\libviq2rt.a(vex_brain.cpp.o)
                0x20013f98                vex::brain::playSound(vex::soundType)
 .text._ZN3vex5brain8playNoteEll
                0x20013fac       0x2c d:\C++\VSCODE\data\user-data\User\globalStorage\vexrobotics.vexcode\sdk\cpp\IQ2\IQ2_20231003_10_00_00/vexiq2\libviq2rt.a(vex_brain.cpp.o)
                0x20013fac                vex::brain::playNote(long, long)
 .text._ZN3vex5brain8soundOffEv
                0x20013fd8        0xa d:\C++\VSCODE\data\user-data\User\globalStorage\vexrobotics.vexcode\sdk\cpp\IQ2\IQ2_20231003_10_00_00/vexiq2\libviq2rt.a(vex_brain.cpp.o)
                0x20013fd8                vex::brain::soundOff()
 .text._ZN3vex5brain8playNoteElll
                0x20013fe2       0x1c d:\C++\VSCODE\data\user-data\User\globalStorage\vexrobotics.vexcode\sdk\cpp\IQ2\IQ2_20231003_10_00_00/vexiq2\libviq2rt.a(vex_brain.cpp.o)
                0x20013fe2                vex::brain::playNote(long, long, long)
 .text._ZN3vex5brain11programStopEv
                0x20013ffe        0x4 d:\C++\VSCODE\data\user-data\User\globalStorage\vexrobotics.vexcode\sdk\cpp\IQ2\IQ2_20231003_10_00_00/vexiq2\libviq2rt.a(vex_brain.cpp.o)
                0x20013ffe                vex::brain::programStop()
 .text._ZN3vex5timerD2Ev
                0x20014002        0x2 d:\C++\VSCODE\data\user-data\User\globalStorage\vexrobotics.vexcode\sdk\cpp\IQ2\IQ2_20231003_10_00_00/vexiq2\libviq2rt.a(vex_timer.cpp.o)
                0x20014002                vex::timer::~timer()
                0x20014002                vex::timer::~timer()
 .text._ZN3vex5timer5clearEv
                0x20014004       0x10 d:\C++\VSCODE\data\user-data\User\globalStorage\vexrobotics.vexcode\sdk\cpp\IQ2\IQ2_20231003_10_00_00/vexiq2\libviq2rt.a(vex_timer.cpp.o)
                0x20014004                vex::timer::clear()
 .text._ZN3vex5timerC2Ev
                0x20014014        0xc d:\C++\VSCODE\data\user-data\User\globalStorage\vexrobotics.vexcode\sdk\cpp\IQ2\IQ2_20231003_10_00_00/vexiq2\libviq2rt.a(vex_timer.cpp.o)
                0x20014014                vex::timer::timer()
                0x20014014                vex::timer::timer()
 .text._ZNK3vex5timer4timeENS_9timeUnitsE
                0x20014020       0x30 d:\C++\VSCODE\data\user-data\User\globalStorage\vexrobotics.vexcode\sdk\cpp\IQ2\IQ2_20231003_10_00_00/vexiq2\libviq2rt.a(vex_timer.cpp.o)
                0x20014020                vex::timer::time(vex::timeUnits) const
 .text._ZN3vex5timer6systemEv
                0x20014050        0x4 d:\C++\VSCODE\data\user-data\User\globalStorage\vexrobotics.vexcode\sdk\cpp\IQ2\IQ2_20231003_10_00_00/vexiq2\libviq2rt.a(vex_timer.cpp.o)
                0x20014050                vex::timer::system()
 .text._ZN3vex5motor9installedEv
                0x20014054        0xe d:\C++\VSCODE\data\user-data\User\globalStorage\vexrobotics.vexcode\sdk\cpp\IQ2\IQ2_20231003_10_00_00/vexiq2\libviq2rt.a(vex_motor.cpp.o)
                0x20014054                vex::motor::installed()
 *fill*         0x20014062        0x2 
 .text._ZN3vex5motorD2Ev
                0x20014064       0x14 d:\C++\VSCODE\data\user-data\User\globalStorage\vexrobotics.vexcode\sdk\cpp\IQ2\IQ2_20231003_10_00_00/vexiq2\libviq2rt.a(vex_motor.cpp.o)
                0x20014064                vex::motor::~motor()
                0x20014064                vex::motor::~motor()
 .text._ZN3vex5motor15defaultStoppingENS_9brakeTypeE
                0x20014078       0x1a d:\C++\VSCODE\data\user-data\User\globalStorage\vexrobotics.vexcode\sdk\cpp\IQ2\IQ2_20231003_10_00_00/vexiq2\libviq2rt.a(vex_motor.cpp.o)
                0x20014078                vex::motor::defaultStopping(vex::brakeType)
 .text._ZN3vex5motor11setStoppingENS_9brakeTypeE
                0x20014092        0x4 d:\C++\VSCODE\data\user-data\User\globalStorage\vexrobotics.vexcode\sdk\cpp\IQ2\IQ2_20231003_10_00_00/vexiq2\libviq2rt.a(vex_motor.cpp.o)
                0x20014092                vex::motor::setStopping(vex::brakeType)
 *fill*         0x20014096        0x2 
 .text._ZN3vex5motorC2El
                0x20014098       0x60 d:\C++\VSCODE\data\user-data\User\globalStorage\vexrobotics.vexcode\sdk\cpp\IQ2\IQ2_20231003_10_00_00/vexiq2\libviq2rt.a(vex_motor.cpp.o)
                0x20014098                vex::motor::motor(long)
                0x20014098                vex::motor::motor(long)
 .text._ZN3vex5motorC2Elb
                0x200140f8       0x16 d:\C++\VSCODE\data\user-data\User\globalStorage\vexrobotics.vexcode\sdk\cpp\IQ2\IQ2_20231003_10_00_00/vexiq2\libviq2rt.a(vex_motor.cpp.o)
                0x200140f8                vex::motor::motor(long, bool)
                0x200140f8                vex::motor::motor(long, bool)
 .text._ZN3vex5motor14isSpinningModeEv
                0x2001410e       0x16 d:\C++\VSCODE\data\user-data\User\globalStorage\vexrobotics.vexcode\sdk\cpp\IQ2\IQ2_20231003_10_00_00/vexiq2\libviq2rt.a(vex_motor.cpp.o)
                0x2001410e                vex::motor::isSpinningMode()
 .text._ZN3vex5motor4stopENS_9brakeTypeE
                0x20014124       0x1e d:\C++\VSCODE\data\user-data\User\globalStorage\vexrobotics.vexcode\sdk\cpp\IQ2\IQ2_20231003_10_00_00/vexiq2\libviq2rt.a(vex_motor.cpp.o)
                0x20014124                vex::motor::stop(vex::brakeType)
 .text._ZN3vex5motor4stopEv
                0x20014142        0x6 d:\C++\VSCODE\data\user-data\User\globalStorage\vexrobotics.vexcode\sdk\cpp\IQ2\IQ2_20231003_10_00_00/vexiq2\libviq2rt.a(vex_motor.cpp.o)
                0x20014142                vex::motor::stop()
 .text._ZN3vex5motor12setMaxTorqueEdNS_12percentUnitsE
                0x20014148       0x98 d:\C++\VSCODE\data\user-data\User\globalStorage\vexrobotics.vexcode\sdk\cpp\IQ2\IQ2_20231003_10_00_00/vexiq2\libviq2rt.a(vex_motor.cpp.o)
                0x20014148                vex::motor::setMaxTorque(double, vex::percentUnits)
 .text._ZN3vex5motor16velocityToScaledEdNS_13velocityUnitsE
                0x200141e0       0x70 d:\C++\VSCODE\data\user-data\User\globalStorage\vexrobotics.vexcode\sdk\cpp\IQ2\IQ2_20231003_10_00_00/vexiq2\libviq2rt.a(vex_motor.cpp.o)
                0x200141e0                vex::motor::velocityToScaled(double, vex::velocityUnits)
 .text._ZN3vex5motor8velocityENS_13velocityUnitsE
                0x20014250       0x18 d:\C++\VSCODE\data\user-data\User\globalStorage\vexrobotics.vexcode\sdk\cpp\IQ2\IQ2_20231003_10_00_00/vexiq2\libviq2rt.a(vex_motor.cpp.o)
                0x20014250                vex::motor::velocity(vex::velocityUnits)
 .text._ZN3vex5motor5valueEv
                0x20014268       0x12 d:\C++\VSCODE\data\user-data\User\globalStorage\vexrobotics.vexcode\sdk\cpp\IQ2\IQ2_20231003_10_00_00/vexiq2\libviq2rt.a(vex_motor.cpp.o)
                0x20014268                vex::motor::value()
 *fill*         0x2001427a        0x6 
 .text._ZN3vex5motor16scaledToVelocityEdNS_13velocityUnitsE
                0x20014280       0x74 d:\C++\VSCODE\data\user-data\User\globalStorage\vexrobotics.vexcode\sdk\cpp\IQ2\IQ2_20231003_10_00_00/vexiq2\libviq2rt.a(vex_motor.cpp.o)
                0x20014280                vex::motor::scaledToVelocity(double, vex::velocityUnits)
 .text._ZN3vex5motor4spinENS_13directionTypeEdNS_13velocityUnitsE
                0x200142f4       0x32 d:\C++\VSCODE\data\user-data\User\globalStorage\vexrobotics.vexcode\sdk\cpp\IQ2\IQ2_20231003_10_00_00/vexiq2\libviq2rt.a(vex_motor.cpp.o)
                0x200142f4                vex::motor::spin(vex::directionType, double, vex::velocityUnits)
 .text._ZN3vex5motor4spinENS_13directionTypeE
                0x20014326       0x1e d:\C++\VSCODE\data\user-data\User\globalStorage\vexrobotics.vexcode\sdk\cpp\IQ2\IQ2_20231003_10_00_00/vexiq2\libviq2rt.a(vex_motor.cpp.o)
                0x20014326                vex::motor::spin(vex::directionType)
 .text._ZN3vex5motor11setVelocityEdNS_13velocityUnitsE
                0x20014344       0x54 d:\C++\VSCODE\data\user-data\User\globalStorage\vexrobotics.vexcode\sdk\cpp\IQ2\IQ2_20231003_10_00_00/vexiq2\libviq2rt.a(vex_motor.cpp.o)
                0x20014344                vex::motor::setVelocity(double, vex::velocityUnits)
 .text._ZN3vex5motor16setRotationUnitsENS_13rotationUnitsE
                0x20014398       0x12 d:\C++\VSCODE\data\user-data\User\globalStorage\vexrobotics.vexcode\sdk\cpp\IQ2\IQ2_20231003_10_00_00/vexiq2\libviq2rt.a(vex_motor.cpp.o)
                0x20014398                vex::motor::setRotationUnits(vex::rotationUnits)
 .text._ZN3vex5motor11setPositionEdNS_13rotationUnitsE
                0x200143aa       0x3e d:\C++\VSCODE\data\user-data\User\globalStorage\vexrobotics.vexcode\sdk\cpp\IQ2\IQ2_20231003_10_00_00/vexiq2\libviq2rt.a(vex_motor.cpp.o)
                0x200143aa                vex::motor::setPosition(double, vex::rotationUnits)
 .text._ZN3vex5motor6spinToEdNS_13rotationUnitsEdNS_13velocityUnitsEb
                0x200143e8       0xc0 d:\C++\VSCODE\data\user-data\User\globalStorage\vexrobotics.vexcode\sdk\cpp\IQ2\IQ2_20231003_10_00_00/vexiq2\libviq2rt.a(vex_motor.cpp.o)
                0x200143e8                vex::motor::spinTo(double, vex::rotationUnits, double, vex::velocityUnits, bool)
 .text._ZN3vex5motor14spinToPositionEdNS_13rotationUnitsEdNS_13velocityUnitsEb
                0x200144a8        0x4 d:\C++\VSCODE\data\user-data\User\globalStorage\vexrobotics.vexcode\sdk\cpp\IQ2\IQ2_20231003_10_00_00/vexiq2\libviq2rt.a(vex_motor.cpp.o)
                0x200144a8                vex::motor::spinToPosition(double, vex::rotationUnits, double, vex::velocityUnits, bool)
 .text._ZN3vex5motor7spinForEdNS_13rotationUnitsEdNS_13velocityUnitsEb
                0x200144ac       0xe0 d:\C++\VSCODE\data\user-data\User\globalStorage\vexrobotics.vexcode\sdk\cpp\IQ2\IQ2_20231003_10_00_00/vexiq2\libviq2rt.a(vex_motor.cpp.o)
                0x200144ac                vex::motor::spinFor(double, vex::rotationUnits, double, vex::velocityUnits, bool)
 .text._ZN3vex5motor7spinForEdNS_13rotationUnitsEb
                0x2001458c       0x3a d:\C++\VSCODE\data\user-data\User\globalStorage\vexrobotics.vexcode\sdk\cpp\IQ2\IQ2_20231003_10_00_00/vexiq2\libviq2rt.a(vex_motor.cpp.o)
                0x2001458c                vex::motor::spinFor(double, vex::rotationUnits, bool)
 .text._ZN3vex8touchled9installedEv
                0x200145c6        0xe d:\C++\VSCODE\data\user-data\User\globalStorage\vexrobotics.vexcode\sdk\cpp\IQ2\IQ2_20231003_10_00_00/vexiq2\libviq2rt.a(vex_touchled.cpp.o)
                0x200145c6                vex::touchled::installed()
 .text._ZN3vex8touchledC2El
                0x200145d4       0x28 d:\C++\VSCODE\data\user-data\User\globalStorage\vexrobotics.vexcode\sdk\cpp\IQ2\IQ2_20231003_10_00_00/vexiq2\libviq2rt.a(vex_touchled.cpp.o)
                0x200145d4                vex::touchled::touchled(long)
                0x200145d4                vex::touchled::touchled(long)
 .text._ZN3vex8touchledD2Ev
                0x200145fc       0x14 d:\C++\VSCODE\data\user-data\User\globalStorage\vexrobotics.vexcode\sdk\cpp\IQ2\IQ2_20231003_10_00_00/vexiq2\libviq2rt.a(vex_touchled.cpp.o)
                0x200145fc                vex::touchled::~touchled()
                0x200145fc                vex::touchled::~touchled()
 .text._ZN3vex8touchled3offEv
                0x20014610       0x12 d:\C++\VSCODE\data\user-data\User\globalStorage\vexrobotics.vexcode\sdk\cpp\IQ2\IQ2_20231003_10_00_00/vexiq2\libviq2rt.a(vex_touchled.cpp.o)
                0x20014610                vex::touchled::off()
 .text._ZN3vex8touchled8pressingEv
                0x20014622       0x10 d:\C++\VSCODE\data\user-data\User\globalStorage\vexrobotics.vexcode\sdk\cpp\IQ2\IQ2_20231003_10_00_00/vexiq2\libviq2rt.a(vex_touchled.cpp.o)
                0x20014622                vex::touchled::pressing()
 .text._ZN3vex8touchled5valueEv
                0x20014632        0x8 d:\C++\VSCODE\data\user-data\User\globalStorage\vexrobotics.vexcode\sdk\cpp\IQ2\IQ2_20231003_10_00_00/vexiq2\libviq2rt.a(vex_touchled.cpp.o)
                0x20014632                vex::touchled::value()
 .text._ZN3vex8touchled14_setBrightnessEm
                0x2001463a       0x22 d:\C++\VSCODE\data\user-data\User\globalStorage\vexrobotics.vexcode\sdk\cpp\IQ2\IQ2_20231003_10_00_00/vexiq2\libviq2rt.a(vex_touchled.cpp.o)
                0x2001463a                vex::touchled::_setBrightness(unsigned long)
 .text._ZN3vex8touchled13setBrightnessEm
                0x2001465c       0x1c d:\C++\VSCODE\data\user-data\User\globalStorage\vexrobotics.vexcode\sdk\cpp\IQ2\IQ2_20231003_10_00_00/vexiq2\libviq2rt.a(vex_touchled.cpp.o)
                0x2001465c                vex::touchled::setBrightness(unsigned long)
 .text._ZN3vex8touchled9_setColorEm
                0x20014678       0x2c d:\C++\VSCODE\data\user-data\User\globalStorage\vexrobotics.vexcode\sdk\cpp\IQ2\IQ2_20231003_10_00_00/vexiq2\libviq2rt.a(vex_touchled.cpp.o)
                0x20014678                vex::touchled::_setColor(unsigned long)
 .text._ZN3vex8touchled8setColorENS_5colorE
                0x200146a4       0x2e d:\C++\VSCODE\data\user-data\User\globalStorage\vexrobotics.vexcode\sdk\cpp\IQ2\IQ2_20231003_10_00_00/vexiq2\libviq2rt.a(vex_touchled.cpp.o)
                0x200146a4                vex::touchled::setColor(vex::color)
 .text._ZN3vex8inertial11getTurnTypeEv
                0x200146d2        0x4 d:\C++\VSCODE\data\user-data\User\globalStorage\vexrobotics.vexcode\sdk\cpp\IQ2\IQ2_20231003_10_00_00/vexiq2\libviq2rt.a(vex_imu.cpp.o)
                0x200146d2                vex::inertial::getTurnType()
 .text._ZThn20_N3vex8inertial11getTurnTypeEv
                0x200146d6        0x8 d:\C++\VSCODE\data\user-data\User\globalStorage\vexrobotics.vexcode\sdk\cpp\IQ2\IQ2_20231003_10_00_00/vexiq2\libviq2rt.a(vex_imu.cpp.o)
                0x200146d6                non-virtual thunk to vex::inertial::getTurnType()
 *fill*         0x200146de        0x2 
 .text._ZN3vex8inertial10setHeadingEdNS_13rotationUnitsE
                0x200146e0       0x48 d:\C++\VSCODE\data\user-data\User\globalStorage\vexrobotics.vexcode\sdk\cpp\IQ2\IQ2_20231003_10_00_00/vexiq2\libviq2rt.a(vex_imu.cpp.o)
                0x200146e0                vex::inertial::setHeading(double, vex::rotationUnits)
 .text._ZThn20_N3vex8inertial10setHeadingEdNS_13rotationUnitsE
                0x20014728        0x8 d:\C++\VSCODE\data\user-data\User\globalStorage\vexrobotics.vexcode\sdk\cpp\IQ2\IQ2_20231003_10_00_00/vexiq2\libviq2rt.a(vex_imu.cpp.o)
                0x20014728                non-virtual thunk to vex::inertial::setHeading(double, vex::rotationUnits)
 .text._ZN3vex8inertial11setRotationEdNS_13rotationUnitsE
                0x20014730       0x48 d:\C++\VSCODE\data\user-data\User\globalStorage\vexrobotics.vexcode\sdk\cpp\IQ2\IQ2_20231003_10_00_00/vexiq2\libviq2rt.a(vex_imu.cpp.o)
                0x20014730                vex::inertial::setRotation(double, vex::rotationUnits)
 .text._ZThn20_N3vex8inertial11setRotationEdNS_13rotationUnitsE
                0x20014778        0x8 d:\C++\VSCODE\data\user-data\User\globalStorage\vexrobotics.vexcode\sdk\cpp\IQ2\IQ2_20231003_10_00_00/vexiq2\libviq2rt.a(vex_imu.cpp.o)
                0x20014778                non-virtual thunk to vex::inertial::setRotation(double, vex::rotationUnits)
 .text._ZN3vex8inertialD2Ev
                0x20014780       0x14 d:\C++\VSCODE\data\user-data\User\globalStorage\vexrobotics.vexcode\sdk\cpp\IQ2\IQ2_20231003_10_00_00/vexiq2\libviq2rt.a(vex_imu.cpp.o)
                0x20014780                vex::inertial::~inertial()
                0x20014780                vex::inertial::~inertial()
 .text._ZThn20_N3vex8inertialD1Ev
                0x20014794        0x8 d:\C++\VSCODE\data\user-data\User\globalStorage\vexrobotics.vexcode\sdk\cpp\IQ2\IQ2_20231003_10_00_00/vexiq2\libviq2rt.a(vex_imu.cpp.o)
                0x20014794                non-virtual thunk to vex::inertial::~inertial()
 .text._ZN3vex8inertialD0Ev
                0x2001479c       0x12 d:\C++\VSCODE\data\user-data\User\globalStorage\vexrobotics.vexcode\sdk\cpp\IQ2\IQ2_20231003_10_00_00/vexiq2\libviq2rt.a(vex_imu.cpp.o)
                0x2001479c                vex::inertial::~inertial()
 .text._ZThn20_N3vex8inertialD0Ev
                0x200147ae        0x8 d:\C++\VSCODE\data\user-data\User\globalStorage\vexrobotics.vexcode\sdk\cpp\IQ2\IQ2_20231003_10_00_00/vexiq2\libviq2rt.a(vex_imu.cpp.o)
                0x200147ae                non-virtual thunk to vex::inertial::~inertial()
 .text._ZN3vex8inertial9installedEv
                0x200147b6       0x10 d:\C++\VSCODE\data\user-data\User\globalStorage\vexrobotics.vexcode\sdk\cpp\IQ2\IQ2_20231003_10_00_00/vexiq2\libviq2rt.a(vex_imu.cpp.o)
                0x200147b6                vex::inertial::installed()
 *fill*         0x200147c6        0x2 
 .text._ZN3vex8inertial5angleENS_13rotationUnitsE
                0x200147c8       0x74 d:\C++\VSCODE\data\user-data\User\globalStorage\vexrobotics.vexcode\sdk\cpp\IQ2\IQ2_20231003_10_00_00/vexiq2\libviq2rt.a(vex_imu.cpp.o)
                0x200147c8                vex::inertial::angle(vex::rotationUnits)
 .text._ZThn20_N3vex8inertial5angleENS_13rotationUnitsE
                0x2001483c        0x8 d:\C++\VSCODE\data\user-data\User\globalStorage\vexrobotics.vexcode\sdk\cpp\IQ2\IQ2_20231003_10_00_00/vexiq2\libviq2rt.a(vex_imu.cpp.o)
                0x2001483c                non-virtual thunk to vex::inertial::angle(vex::rotationUnits)
 .text._ZN3vex8inertial7headingENS_13rotationUnitsE
                0x20014844        0x4 d:\C++\VSCODE\data\user-data\User\globalStorage\vexrobotics.vexcode\sdk\cpp\IQ2\IQ2_20231003_10_00_00/vexiq2\libviq2rt.a(vex_imu.cpp.o)
                0x20014844                vex::inertial::heading(vex::rotationUnits)
 .text._ZThn20_N3vex8inertial7headingENS_13rotationUnitsE
                0x20014848        0x8 d:\C++\VSCODE\data\user-data\User\globalStorage\vexrobotics.vexcode\sdk\cpp\IQ2\IQ2_20231003_10_00_00/vexiq2\libviq2rt.a(vex_imu.cpp.o)
                0x20014848                non-virtual thunk to vex::inertial::heading(vex::rotationUnits)
 .text._ZN3vex8inertial5valueEv
                0x20014850       0x12 d:\C++\VSCODE\data\user-data\User\globalStorage\vexrobotics.vexcode\sdk\cpp\IQ2\IQ2_20231003_10_00_00/vexiq2\libviq2rt.a(vex_imu.cpp.o)
                0x20014850                vex::inertial::value()
 *fill*         0x20014862        0x2 
 .text._ZN3vex8inertial8rotationENS_13rotationUnitsE
                0x20014864       0x38 d:\C++\VSCODE\data\user-data\User\globalStorage\vexrobotics.vexcode\sdk\cpp\IQ2\IQ2_20231003_10_00_00/vexiq2\libviq2rt.a(vex_imu.cpp.o)
                0x20014864                vex::inertial::rotation(vex::rotationUnits)
 .text._ZThn20_N3vex8inertial8rotationENS_13rotationUnitsE
                0x2001489c        0x8 d:\C++\VSCODE\data\user-data\User\globalStorage\vexrobotics.vexcode\sdk\cpp\IQ2\IQ2_20231003_10_00_00/vexiq2\libviq2rt.a(vex_imu.cpp.o)
                0x2001489c                non-virtual thunk to vex::inertial::rotation(vex::rotationUnits)
 .text._ZN3vex8inertial13isCalibratingEv
                0x200148a4       0x22 d:\C++\VSCODE\data\user-data\User\globalStorage\vexrobotics.vexcode\sdk\cpp\IQ2\IQ2_20231003_10_00_00/vexiq2\libviq2rt.a(vex_imu.cpp.o)
                0x200148a4                vex::inertial::isCalibrating()
 .text._ZThn20_N3vex8inertial13isCalibratingEv
                0x200148c6        0x8 d:\C++\VSCODE\data\user-data\User\globalStorage\vexrobotics.vexcode\sdk\cpp\IQ2\IQ2_20231003_10_00_00/vexiq2\libviq2rt.a(vex_imu.cpp.o)
                0x200148c6                non-virtual thunk to vex::inertial::isCalibrating()
 *fill*         0x200148ce        0x2 
 .text._ZN3vex8inertialC2ElNS_8turnTypeE
                0x200148d0       0x30 d:\C++\VSCODE\data\user-data\User\globalStorage\vexrobotics.vexcode\sdk\cpp\IQ2\IQ2_20231003_10_00_00/vexiq2\libviq2rt.a(vex_imu.cpp.o)
                0x200148d0                vex::inertial::inertial(long, vex::turnType)
                0x200148d0                vex::inertial::inertial(long, vex::turnType)
 .text._ZN3vex8inertialC2ENS_8turnTypeE
                0x20014900       0x18 d:\C++\VSCODE\data\user-data\User\globalStorage\vexrobotics.vexcode\sdk\cpp\IQ2\IQ2_20231003_10_00_00/vexiq2\libviq2rt.a(vex_imu.cpp.o)
                0x20014900                vex::inertial::inertial(vex::turnType)
                0x20014900                vex::inertial::inertial(vex::turnType)
 .text._ZN3vex8inertial5pitchENS_13rotationUnitsE
                0x20014918       0x2c d:\C++\VSCODE\data\user-data\User\globalStorage\vexrobotics.vexcode\sdk\cpp\IQ2\IQ2_20231003_10_00_00/vexiq2\libviq2rt.a(vex_imu.cpp.o)
                0x20014918                vex::inertial::pitch(vex::rotationUnits)
 .text._ZN3vex8inertial16startCalibrationEl
                0x20014944       0x16 d:\C++\VSCODE\data\user-data\User\globalStorage\vexrobotics.vexcode\sdk\cpp\IQ2\IQ2_20231003_10_00_00/vexiq2\libviq2rt.a(vex_imu.cpp.o)
                0x20014944                vex::inertial::startCalibration(long)
 .text._ZN3vex8inertial9calibrateEl
                0x2001495a        0xa d:\C++\VSCODE\data\user-data\User\globalStorage\vexrobotics.vexcode\sdk\cpp\IQ2\IQ2_20231003_10_00_00/vexiq2\libviq2rt.a(vex_imu.cpp.o)
                0x2001495a                vex::inertial::calibrate(long)
                0x2001495e                non-virtual thunk to vex::inertial::calibrate(long)
 .text._ZN3vex7optical9installedEv
                0x20014964       0x10 d:\C++\VSCODE\data\user-data\User\globalStorage\vexrobotics.vexcode\sdk\cpp\IQ2\IQ2_20231003_10_00_00/vexiq2\libviq2rt.a(vex_optical.cpp.o)
                0x20014964                vex::optical::installed()
 .text._ZN3vex7opticalD2Ev
                0x20014974       0x14 d:\C++\VSCODE\data\user-data\User\globalStorage\vexrobotics.vexcode\sdk\cpp\IQ2\IQ2_20231003_10_00_00/vexiq2\libviq2rt.a(vex_optical.cpp.o)
                0x20014974                vex::optical::~optical()
                0x20014974                vex::optical::~optical()
 .text._ZN3vex7optical3hueEv
                0x20014988        0x6 d:\C++\VSCODE\data\user-data\User\globalStorage\vexrobotics.vexcode\sdk\cpp\IQ2\IQ2_20231003_10_00_00/vexiq2\libviq2rt.a(vex_optical.cpp.o)
                0x20014988                vex::optical::hue()
 .text._ZN3vex7optical5valueEv
                0x2001498e       0x10 d:\C++\VSCODE\data\user-data\User\globalStorage\vexrobotics.vexcode\sdk\cpp\IQ2\IQ2_20231003_10_00_00/vexiq2\libviq2rt.a(vex_optical.cpp.o)
                0x2001498e                vex::optical::value()
 *fill*         0x2001499e        0x2 
 .text._ZN3vex7optical10brightnessEb
                0x200149a0       0x40 d:\C++\VSCODE\data\user-data\User\globalStorage\vexrobotics.vexcode\sdk\cpp\IQ2\IQ2_20231003_10_00_00/vexiq2\libviq2rt.a(vex_optical.cpp.o)
                0x200149a0                vex::optical::brightness(bool)
 .text._ZN3vex7optical5colorEv
                0x200149e0       0xa0 d:\C++\VSCODE\data\user-data\User\globalStorage\vexrobotics.vexcode\sdk\cpp\IQ2\IQ2_20231003_10_00_00/vexiq2\libviq2rt.a(vex_optical.cpp.o)
                0x200149e0                vex::optical::color()
 .text._ZN3vex7optical8setLightENS_8ledStateE
                0x20014a80       0x10 d:\C++\VSCODE\data\user-data\User\globalStorage\vexrobotics.vexcode\sdk\cpp\IQ2\IQ2_20231003_10_00_00/vexiq2\libviq2rt.a(vex_optical.cpp.o)
                0x20014a80                vex::optical::setLight(vex::ledState)
 .text._ZN3vex7optical13setLightPowerElNS_12percentUnitsE
                0x20014a90       0x1a d:\C++\VSCODE\data\user-data\User\globalStorage\vexrobotics.vexcode\sdk\cpp\IQ2\IQ2_20231003_10_00_00/vexiq2\libviq2rt.a(vex_optical.cpp.o)
                0x20014a90                vex::optical::setLightPower(long, vex::percentUnits)
 .text._ZN3vex7optical13gestureEnableEv
                0x20014aaa        0x6 d:\C++\VSCODE\data\user-data\User\globalStorage\vexrobotics.vexcode\sdk\cpp\IQ2\IQ2_20231003_10_00_00/vexiq2\libviq2rt.a(vex_optical.cpp.o)
                0x20014aaa                vex::optical::gestureEnable()
 .text._ZN3vex7optical14gestureDisableEv
                0x20014ab0        0x6 d:\C++\VSCODE\data\user-data\User\globalStorage\vexrobotics.vexcode\sdk\cpp\IQ2\IQ2_20231003_10_00_00/vexiq2\libviq2rt.a(vex_optical.cpp.o)
                0x20014ab0                vex::optical::gestureDisable()
 *fill*         0x20014ab6        0x2 
 .text._ZN3vex7opticalC2Elb
                0x20014ab8       0x34 d:\C++\VSCODE\data\user-data\User\globalStorage\vexrobotics.vexcode\sdk\cpp\IQ2\IQ2_20231003_10_00_00/vexiq2\libviq2rt.a(vex_optical.cpp.o)
                0x20014ab8                vex::optical::optical(long, bool)
                0x20014ab8                vex::optical::optical(long, bool)
 .text._ZN3vex5event9userindexEv
                0x20014aec        0x4 d:\C++\VSCODE\data\user-data\User\globalStorage\vexrobotics.vexcode\sdk\cpp\IQ2\IQ2_20231003_10_00_00/vexiq2\libviq2rt.a(vex_event.cpp.o)
                0x20014aec                vex::event::userindex()
 .text._ZN3vex6device5valueEv
                0x20014af0        0x4 d:\C++\VSCODE\data\user-data\User\globalStorage\vexrobotics.vexcode\sdk\cpp\IQ2\IQ2_20231003_10_00_00/vexiq2\libviq2rt.a(vex_device.cpp.o)
                0x20014af0                vex::device::value()
 .text._ZN3vex6deviceD2Ev
                0x20014af4        0x2 d:\C++\VSCODE\data\user-data\User\globalStorage\vexrobotics.vexcode\sdk\cpp\IQ2\IQ2_20231003_10_00_00/vexiq2\libviq2rt.a(vex_device.cpp.o)
                0x20014af4                vex::device::~device()
                0x20014af4                vex::device::~device()
 .text._ZN3vex6device4initEl
                0x20014af6       0x22 d:\C++\VSCODE\data\user-data\User\globalStorage\vexrobotics.vexcode\sdk\cpp\IQ2\IQ2_20231003_10_00_00/vexiq2\libviq2rt.a(vex_device.cpp.o)
                0x20014af6                vex::device::init(long)
 .text._ZN3vex6deviceC2El
                0x20014b18       0x14 d:\C++\VSCODE\data\user-data\User\globalStorage\vexrobotics.vexcode\sdk\cpp\IQ2\IQ2_20231003_10_00_00/vexiq2\libviq2rt.a(vex_device.cpp.o)
                0x20014b18                vex::device::device(long)
                0x20014b18                vex::device::device(long)
 .text._ZN3vex6device4typeEv
                0x20014b2c        0x8 d:\C++\VSCODE\data\user-data\User\globalStorage\vexrobotics.vexcode\sdk\cpp\IQ2\IQ2_20231003_10_00_00/vexiq2\libviq2rt.a(vex_device.cpp.o)
                0x20014b2c                vex::device::type()
 .text._ZN3vex6device9installedEv
                0x20014b34        0xe d:\C++\VSCODE\data\user-data\User\globalStorage\vexrobotics.vexcode\sdk\cpp\IQ2\IQ2_20231003_10_00_00/vexiq2\libviq2rt.a(vex_device.cpp.o)
                0x20014b34                vex::device::installed()
 .text.__aeabi_atexit
                0x20014b42        0xa d:\C++\VSCODE\data\user-data\User\globalStorage\vexrobotics.vexcode\sdk\cpp\IQ2\IQ2_20231003_10_00_00/vexiq2/gcc/libs\libc_nano.a(lib_a-aeabi_atexit.o)
                0x20014b42                __aeabi_atexit
 .text.__libc_init_array
                0x20014b4c       0x48 d:\C++\VSCODE\data\user-data\User\globalStorage\vexrobotics.vexcode\sdk\cpp\IQ2\IQ2_20231003_10_00_00/vexiq2/gcc/libs\libc_nano.a(lib_a-init.o)
                0x20014b4c                __libc_init_array
 .text._free_r  0x20014b94       0x9c d:\C++\VSCODE\data\user-data\User\globalStorage\vexrobotics.vexcode\sdk\cpp\IQ2\IQ2_20231003_10_00_00/vexiq2/gcc/libs\libc_nano.a(lib_a-nano-freer.o)
                0x20014b94                _free_r
 .text._malloc_r
                0x20014c30       0xb4 d:\C++\VSCODE\data\user-data\User\globalStorage\vexrobotics.vexcode\sdk\cpp\IQ2\IQ2_20231003_10_00_00/vexiq2/gcc/libs\libc_nano.a(lib_a-nano-mallocr.o)
                0x20014c30                _malloc_r
 .text.rand     0x20014ce4       0x68 d:\C++\VSCODE\data\user-data\User\globalStorage\vexrobotics.vexcode\sdk\cpp\IQ2\IQ2_20231003_10_00_00/vexiq2/gcc/libs\libc_nano.a(lib_a-rand.o)
                0x20014ce4                rand
 .text._sbrk_r  0x20014d4c       0x20 d:\C++\VSCODE\data\user-data\User\globalStorage\vexrobotics.vexcode\sdk\cpp\IQ2\IQ2_20231003_10_00_00/vexiq2/gcc/libs\libc_nano.a(lib_a-sbrkr.o)
                0x20014d4c                _sbrk_r
 .text.malloc   0x20014d6c       0x10 d:\C++\VSCODE\data\user-data\User\globalStorage\vexrobotics.vexcode\sdk\cpp\IQ2\IQ2_20231003_10_00_00/vexiq2/gcc/libs\libc_nano.a(lib_a-malloc.o)
                0x20014d6c                malloc
 .text.free     0x20014d7c       0x10 d:\C++\VSCODE\data\user-data\User\globalStorage\vexrobotics.vexcode\sdk\cpp\IQ2\IQ2_20231003_10_00_00/vexiq2/gcc/libs\libc_nano.a(lib_a-malloc.o)
                0x20014d7c                free
 .text.__malloc_lock
                0x20014d8c        0x2 d:\C++\VSCODE\data\user-data\User\globalStorage\vexrobotics.vexcode\sdk\cpp\IQ2\IQ2_20231003_10_00_00/vexiq2/gcc/libs\libc_nano.a(lib_a-mlock.o)
                0x20014d8c                __malloc_lock
 .text.__malloc_unlock
                0x20014d8e        0x2 d:\C++\VSCODE\data\user-data\User\globalStorage\vexrobotics.vexcode\sdk\cpp\IQ2\IQ2_20231003_10_00_00/vexiq2/gcc/libs\libc_nano.a(lib_a-mlock.o)
                0x20014d8e                __malloc_unlock
 .text._ZdlPv   0x20014d90        0x4 d:\C++\VSCODE\data\user-data\User\globalStorage\vexrobotics.vexcode\sdk\cpp\IQ2\IQ2_20231003_10_00_00/vexiq2/gcc/libs\libstdc++_nano.a(del_op.o)
                0x20014d90                operator delete(void*)
 .text._Znwj    0x20014d94       0x22 d:\C++\VSCODE\data\user-data\User\globalStorage\vexrobotics.vexcode\sdk\cpp\IQ2\IQ2_20231003_10_00_00/vexiq2/gcc/libs\libstdc++_nano.a(new_op.o)
                0x20014d94                operator new(unsigned int)
 .text._ZStL25local_Rb_tree_rotate_leftPSt18_Rb_tree_node_baseRS0_
                0x20014db6       0x2a d:\C++\VSCODE\data\user-data\User\globalStorage\vexrobotics.vexcode\sdk\cpp\IQ2\IQ2_20231003_10_00_00/vexiq2/gcc/libs\libstdc++_nano.a(tree.o)
 .text._ZStL26local_Rb_tree_rotate_rightPSt18_Rb_tree_node_baseRS0_
                0x20014de0       0x2a d:\C++\VSCODE\data\user-data\User\globalStorage\vexrobotics.vexcode\sdk\cpp\IQ2\IQ2_20231003_10_00_00/vexiq2/gcc/libs\libstdc++_nano.a(tree.o)
 .text._ZStL23local_Rb_tree_decrementPSt18_Rb_tree_node_base
                0x20014e0a       0x2e d:\C++\VSCODE\data\user-data\User\globalStorage\vexrobotics.vexcode\sdk\cpp\IQ2\IQ2_20231003_10_00_00/vexiq2/gcc/libs\libstdc++_nano.a(tree.o)
 .text._ZSt18_Rb_tree_incrementPSt18_Rb_tree_node_base
                0x20014e38       0x28 d:\C++\VSCODE\data\user-data\User\globalStorage\vexrobotics.vexcode\sdk\cpp\IQ2\IQ2_20231003_10_00_00/vexiq2/gcc/libs\libstdc++_nano.a(tree.o)
                0x20014e38                std::_Rb_tree_increment(std::_Rb_tree_node_base*)
 .text._ZSt18_Rb_tree_decrementPSt18_Rb_tree_node_base
                0x20014e60        0x4 d:\C++\VSCODE\data\user-data\User\globalStorage\vexrobotics.vexcode\sdk\cpp\IQ2\IQ2_20231003_10_00_00/vexiq2/gcc/libs\libstdc++_nano.a(tree.o)
                0x20014e60                std::_Rb_tree_decrement(std::_Rb_tree_node_base*)
 .text._ZSt29_Rb_tree_insert_and_rebalancebPSt18_Rb_tree_node_baseS0_RS_
                0x20014e64       0xc4 d:\C++\VSCODE\data\user-data\User\globalStorage\vexrobotics.vexcode\sdk\cpp\IQ2\IQ2_20231003_10_00_00/vexiq2/gcc/libs\libstdc++_nano.a(tree.o)
                0x20014e64                std::_Rb_tree_insert_and_rebalance(bool, std::_Rb_tree_node_base*, std::_Rb_tree_node_base*, std::_Rb_tree_node_base&)
 .text._ZSt15get_new_handlerv
                0x20014f28       0x10 d:\C++\VSCODE\data\user-data\User\globalStorage\vexrobotics.vexcode\sdk\cpp\IQ2\IQ2_20231003_10_00_00/vexiq2/gcc/libs\libstdc++_nano.a(new_handler.o)
                0x20014f28                std::get_new_handler()
 .text.floor    0x20014f38      0x110 d:\C++\VSCODE\data\user-data\User\globalStorage\vexrobotics.vexcode\sdk\cpp\IQ2\IQ2_20231003_10_00_00/vexiq2/gcc/libs\libm.a(lib_a-s_floor.o)
                0x20014f38                floor
 .text.fmod     0x20015048       0xd0 d:\C++\VSCODE\data\user-data\User\globalStorage\vexrobotics.vexcode\sdk\cpp\IQ2\IQ2_20231003_10_00_00/vexiq2/gcc/libs\libm.a(lib_a-w_fmod.o)
                0x20015048                fmod
 .text.sqrt     0x20015118       0xb8 d:\C++\VSCODE\data\user-data\User\globalStorage\vexrobotics.vexcode\sdk\cpp\IQ2\IQ2_20231003_10_00_00/vexiq2/gcc/libs\libm.a(lib_a-w_sqrt.o)
                0x20015118                sqrt
 .text.__ieee754_fmod
                0x200151d0      0x248 d:\C++\VSCODE\data\user-data\User\globalStorage\vexrobotics.vexcode\sdk\cpp\IQ2\IQ2_20231003_10_00_00/vexiq2/gcc/libs\libm.a(lib_a-e_fmod.o)
                0x200151d0                __ieee754_fmod
 .text.__ieee754_sqrt
                0x20015418      0x194 d:\C++\VSCODE\data\user-data\User\globalStorage\vexrobotics.vexcode\sdk\cpp\IQ2\IQ2_20231003_10_00_00/vexiq2/gcc/libs\libm.a(lib_a-e_sqrt.o)
                0x20015418                __ieee754_sqrt
 .text.matherr  0x200155ac        0x4 d:\C++\VSCODE\data\user-data\User\globalStorage\vexrobotics.vexcode\sdk\cpp\IQ2\IQ2_20231003_10_00_00/vexiq2/gcc/libs\libm.a(lib_a-s_matherr.o)
                0x200155ac                matherr
 .text.__errno  0x200155b0        0xc d:\C++\VSCODE\data\user-data\User\globalStorage\vexrobotics.vexcode\sdk\cpp\IQ2\IQ2_20231003_10_00_00/vexiq2\libviq2rt.a(iq2_fstubs.c.o)
                0x200155b0                __errno
 .text.abort    0x200155bc        0xe d:\C++\VSCODE\data\user-data\User\globalStorage\vexrobotics.vexcode\sdk\cpp\IQ2\IQ2_20231003_10_00_00/vexiq2/gcc/libs\libc_nano.a(lib_a-abort.o)
                0x200155bc                abort
 .text._raise_r
                0x200155ca       0x50 d:\C++\VSCODE\data\user-data\User\globalStorage\vexrobotics.vexcode\sdk\cpp\IQ2\IQ2_20231003_10_00_00/vexiq2/gcc/libs\libc_nano.a(lib_a-signal.o)
                0x200155ca                _raise_r
 *fill*         0x2001561a        0x2 
 .text.raise    0x2001561c       0x10 d:\C++\VSCODE\data\user-data\User\globalStorage\vexrobotics.vexcode\sdk\cpp\IQ2\IQ2_20231003_10_00_00/vexiq2/gcc/libs\libc_nano.a(lib_a-signal.o)
                0x2001561c                raise
 .text._kill_r  0x2001562c       0x24 d:\C++\VSCODE\data\user-data\User\globalStorage\vexrobotics.vexcode\sdk\cpp\IQ2\IQ2_20231003_10_00_00/vexiq2/gcc/libs\libc_nano.a(lib_a-signalr.o)
                0x2001562c                _kill_r
 .text._getpid_r
                0x20015650        0x4 d:\C++\VSCODE\data\user-data\User\globalStorage\vexrobotics.vexcode\sdk\cpp\IQ2\IQ2_20231003_10_00_00/vexiq2/gcc/libs\libc_nano.a(lib_a-signalr.o)
                0x20015650                _getpid_r
 *(.gnu.linkonce.t.*)
 *(.plt)
 *(.gnu_warning)
 *(.gcc_except_table)
 *(.glue_7)
 .glue_7        0x00000000        0x0 linker stubs
 *(.glue_7t)
 .glue_7t       0x00000000        0x0 linker stubs
 *(.vfp11_veneer)
 .vfp11_veneer  0x00000000        0x0 linker stubs
 *(.ARM.extab)
 *(.gnu.linkonce.armextab.*)

.v4_bx          0x20015654        0x0
 .v4_bx         0x00000000        0x0 linker stubs

.iplt           0x20015654        0x0
 .iplt          0x00000000        0x0 build/src/main.o

.init
 *(.init)

.fini
 *(.fini)

.rodata         0x20015658      0x300
                0x20015658                __rodata_start = .
 *(.rodata)
 *(.rodata.*)
 .rodata.str1.1
                0x20015658      0x10d build/src/main.o
 .rodata._ZStL19piecewise_construct
                0x20015765        0x1 build/src/main.o
 .rodata.str1.1
                0x20015766       0x22 d:\C++\VSCODE\data\user-data\User\globalStorage\vexrobotics.vexcode\sdk\cpp\IQ2\IQ2_20231003_10_00_00/vexiq2\libviq2rt.a(iq2_startup.c.o)
 .rodata._ZN3vex6yellowE
                0x20015788        0x4 d:\C++\VSCODE\data\user-data\User\globalStorage\vexrobotics.vexcode\sdk\cpp\IQ2\IQ2_20231003_10_00_00/vexiq2\libviq2rt.a(vex_global.cpp.o)
                0x20015788                vex::yellow
 .rodata._ZN3vex5PORT1E
                0x2001578c        0x4 d:\C++\VSCODE\data\user-data\User\globalStorage\vexrobotics.vexcode\sdk\cpp\IQ2\IQ2_20231003_10_00_00/vexiq2\libviq2rt.a(vex_global.cpp.o)
                0x2001578c                vex::PORT1
 .rodata._ZN3vex7reverseE
                0x20015790        0x4 d:\C++\VSCODE\data\user-data\User\globalStorage\vexrobotics.vexcode\sdk\cpp\IQ2\IQ2_20231003_10_00_00/vexiq2\libviq2rt.a(vex_global.cpp.o)
                0x20015790                vex::reverse
 .rodata._ZN3vex5PORT5E
                0x20015794        0x4 d:\C++\VSCODE\data\user-data\User\globalStorage\vexrobotics.vexcode\sdk\cpp\IQ2\IQ2_20231003_10_00_00/vexiq2\libviq2rt.a(vex_global.cpp.o)
                0x20015794                vex::PORT5
 .rodata._ZN3vex7forwardE
                0x20015798        0x4 d:\C++\VSCODE\data\user-data\User\globalStorage\vexrobotics.vexcode\sdk\cpp\IQ2\IQ2_20231003_10_00_00/vexiq2\libviq2rt.a(vex_global.cpp.o)
                0x20015798                vex::forward
 .rodata._ZN3vex3secE
                0x2001579c        0x4 d:\C++\VSCODE\data\user-data\User\globalStorage\vexrobotics.vexcode\sdk\cpp\IQ2\IQ2_20231003_10_00_00/vexiq2\libviq2rt.a(vex_global.cpp.o)
                0x2001579c                vex::sec
 .rodata._ZN3vex3redE
                0x200157a0        0x4 d:\C++\VSCODE\data\user-data\User\globalStorage\vexrobotics.vexcode\sdk\cpp\IQ2\IQ2_20231003_10_00_00/vexiq2\libviq2rt.a(vex_global.cpp.o)
                0x200157a0                vex::red
 .rodata._ZN3vex5blackE
                0x200157a4        0x4 d:\C++\VSCODE\data\user-data\User\globalStorage\vexrobotics.vexcode\sdk\cpp\IQ2\IQ2_20231003_10_00_00/vexiq2\libviq2rt.a(vex_global.cpp.o)
                0x200157a4                vex::black
 .rodata._ZN3vex4msecE
                0x200157a8        0x4 d:\C++\VSCODE\data\user-data\User\globalStorage\vexrobotics.vexcode\sdk\cpp\IQ2\IQ2_20231003_10_00_00/vexiq2\libviq2rt.a(vex_global.cpp.o)
                0x200157a8                vex::msec
 .rodata._ZN3vex4blueE
                0x200157ac        0x4 d:\C++\VSCODE\data\user-data\User\globalStorage\vexrobotics.vexcode\sdk\cpp\IQ2\IQ2_20231003_10_00_00/vexiq2\libviq2rt.a(vex_global.cpp.o)
                0x200157ac                vex::blue
 .rodata._ZN3vex5PORT2E
                0x200157b0        0x4 d:\C++\VSCODE\data\user-data\User\globalStorage\vexrobotics.vexcode\sdk\cpp\IQ2\IQ2_20231003_10_00_00/vexiq2\libviq2rt.a(vex_global.cpp.o)
                0x200157b0                vex::PORT2
 .rodata._ZN3vex5PORT6E
                0x200157b4        0x4 d:\C++\VSCODE\data\user-data\User\globalStorage\vexrobotics.vexcode\sdk\cpp\IQ2\IQ2_20231003_10_00_00/vexiq2\libviq2rt.a(vex_global.cpp.o)
                0x200157b4                vex::PORT6
 .rodata._ZN3vex7percentE
                0x200157b8        0x4 d:\C++\VSCODE\data\user-data\User\globalStorage\vexrobotics.vexcode\sdk\cpp\IQ2\IQ2_20231003_10_00_00/vexiq2\libviq2rt.a(vex_global.cpp.o)
                0x200157b8                vex::percent
 .rodata._ZN3vex7degreesE
                0x200157bc        0x4 d:\C++\VSCODE\data\user-data\User\globalStorage\vexrobotics.vexcode\sdk\cpp\IQ2\IQ2_20231003_10_00_00/vexiq2\libviq2rt.a(vex_global.cpp.o)
                0x200157bc                vex::degrees
 .rodata._ZN3vex6orangeE
                0x200157c0        0x4 d:\C++\VSCODE\data\user-data\User\globalStorage\vexrobotics.vexcode\sdk\cpp\IQ2\IQ2_20231003_10_00_00/vexiq2\libviq2rt.a(vex_global.cpp.o)
                0x200157c0                vex::orange
 .rodata._ZN3vex5PORT7E
                0x200157c4        0x4 d:\C++\VSCODE\data\user-data\User\globalStorage\vexrobotics.vexcode\sdk\cpp\IQ2\IQ2_20231003_10_00_00/vexiq2\libviq2rt.a(vex_global.cpp.o)
                0x200157c4                vex::PORT7
 .rodata._ZN3vex5PORT4E
                0x200157c8        0x4 d:\C++\VSCODE\data\user-data\User\globalStorage\vexrobotics.vexcode\sdk\cpp\IQ2\IQ2_20231003_10_00_00/vexiq2\libviq2rt.a(vex_global.cpp.o)
                0x200157c8                vex::PORT4
 .rodata._ZN3vex10red_orangeE
                0x200157cc        0x4 d:\C++\VSCODE\data\user-data\User\globalStorage\vexrobotics.vexcode\sdk\cpp\IQ2\IQ2_20231003_10_00_00/vexiq2\libviq2rt.a(vex_global.cpp.o)
                0x200157cc                vex::red_orange
 .rodata._ZN3vex5PORT8E
                0x200157d0        0x4 d:\C++\VSCODE\data\user-data\User\globalStorage\vexrobotics.vexcode\sdk\cpp\IQ2\IQ2_20231003_10_00_00/vexiq2\libviq2rt.a(vex_global.cpp.o)
                0x200157d0                vex::PORT8
 .rodata.str1.1
                0x200157d4       0x14 d:\C++\VSCODE\data\user-data\User\globalStorage\vexrobotics.vexcode\sdk\cpp\IQ2\IQ2_20231003_10_00_00/vexiq2\libviq2rt.a(vex_task.cpp.o)
 .rodata.str1.1
                0x200157e8       0x14 d:\C++\VSCODE\data\user-data\User\globalStorage\vexrobotics.vexcode\sdk\cpp\IQ2\IQ2_20231003_10_00_00/vexiq2\libviq2rt.a(vex_thread.cpp.o)
 .rodata.str1.1
                0x200157fc       0x20 d:\C++\VSCODE\data\user-data\User\globalStorage\vexrobotics.vexcode\sdk\cpp\IQ2\IQ2_20231003_10_00_00/vexiq2\libviq2rt.a(vex_brain.cpp.o)
 .rodata.CSWTCH.121
                0x2001581c       0x10 d:\C++\VSCODE\data\user-data\User\globalStorage\vexrobotics.vexcode\sdk\cpp\IQ2\IQ2_20231003_10_00_00/vexiq2\libviq2rt.a(vex_brain.cpp.o)
 *fill*         0x2001582c        0x4 
 .rodata._ZTVN3vex5motorE
                0x20015830       0x10 d:\C++\VSCODE\data\user-data\User\globalStorage\vexrobotics.vexcode\sdk\cpp\IQ2\IQ2_20231003_10_00_00/vexiq2\libviq2rt.a(vex_motor.cpp.o)
                0x20015830                vtable for vex::motor
 .rodata._ZTVN3vex8touchledE
                0x20015840       0x10 d:\C++\VSCODE\data\user-data\User\globalStorage\vexrobotics.vexcode\sdk\cpp\IQ2\IQ2_20231003_10_00_00/vexiq2\libviq2rt.a(vex_touchled.cpp.o)
                0x20015840                vtable for vex::touchled
 .rodata._ZTVN3vex8inertialE
                0x20015850       0x68 d:\C++\VSCODE\data\user-data\User\globalStorage\vexrobotics.vexcode\sdk\cpp\IQ2\IQ2_20231003_10_00_00/vexiq2\libviq2rt.a(vex_imu.cpp.o)
                0x20015850                vtable for vex::inertial
 .rodata._ZTVN3vex7opticalE
                0x200158b8       0x10 d:\C++\VSCODE\data\user-data\User\globalStorage\vexrobotics.vexcode\sdk\cpp\IQ2\IQ2_20231003_10_00_00/vexiq2\libviq2rt.a(vex_optical.cpp.o)
                0x200158b8                vtable for vex::optical
 .rodata._ZTVN3vex6deviceE
                0x200158c8       0x10 d:\C++\VSCODE\data\user-data\User\globalStorage\vexrobotics.vexcode\sdk\cpp\IQ2\IQ2_20231003_10_00_00/vexiq2\libviq2rt.a(vex_device.cpp.o)
                0x200158c8                vtable for vex::device
 .rodata.__sf_fake_stderr
                0x200158d8       0x20 d:\C++\VSCODE\data\user-data\User\globalStorage\vexrobotics.vexcode\sdk\cpp\IQ2\IQ2_20231003_10_00_00/vexiq2/gcc/libs\libc_nano.a(lib_a-findfp.o)
                0x200158d8                __sf_fake_stderr
 .rodata.__sf_fake_stdin
                0x200158f8       0x20 d:\C++\VSCODE\data\user-data\User\globalStorage\vexrobotics.vexcode\sdk\cpp\IQ2\IQ2_20231003_10_00_00/vexiq2/gcc/libs\libc_nano.a(lib_a-findfp.o)
                0x200158f8                __sf_fake_stdin
 .rodata.__sf_fake_stdout
                0x20015918       0x20 d:\C++\VSCODE\data\user-data\User\globalStorage\vexrobotics.vexcode\sdk\cpp\IQ2\IQ2_20231003_10_00_00/vexiq2/gcc/libs\libc_nano.a(lib_a-findfp.o)
                0x20015918                __sf_fake_stdout
 .rodata.fmod.str1.4
                0x20015938        0x5 d:\C++\VSCODE\data\user-data\User\globalStorage\vexrobotics.vexcode\sdk\cpp\IQ2\IQ2_20231003_10_00_00/vexiq2/gcc/libs\libm.a(lib_a-w_fmod.o)
 *fill*         0x2001593d        0x3 
 .rodata.sqrt.str1.4
                0x20015940        0x8 d:\C++\VSCODE\data\user-data\User\globalStorage\vexrobotics.vexcode\sdk\cpp\IQ2\IQ2_20231003_10_00_00/vexiq2/gcc/libs\libm.a(lib_a-w_sqrt.o)
                                  0x5 (size before relaxing)
 .rodata.Zero   0x20015948       0x10 d:\C++\VSCODE\data\user-data\User\globalStorage\vexrobotics.vexcode\sdk\cpp\IQ2\IQ2_20231003_10_00_00/vexiq2/gcc/libs\libm.a(lib_a-e_fmod.o)
 *(.gnu.linkonce.r.*)
                0x20015958                __rodata_end = .

.rodata1        0x20015958        0x0
                0x20015958                __rodata1_start = .
 *(.rodata1)
 *(.rodata1.*)
                0x20015958                __rodata1_end = .

.sdata2         0x20015958        0x0
                0x20015958                __sdata2_start = .
 *(.sdata2)
 *(.sdata2.*)
 *(.gnu.linkonce.s2.*)
                0x20015958                __sdata2_end = .

.sbss2          0x20015958        0x0
                0x20015958                __sbss2_start = .
 *(.sbss2)
 *(.sbss2.*)
 *(.gnu.linkonce.sb2.*)
                0x20015958                __sbss2_end = .

.data           0x20015958       0x7d
                0x20015958                __data_start = .
                0x20015958                __data_load = .
 *(.data)
 *(.data.*)
 .data.turning  0x20015958        0x1 build/src/main.o
                0x20015958                turning
 *fill*         0x20015959        0x3 
 .data.DefaultLeftMotorSpeed
                0x2001595c        0x4 build/src/main.o
                0x2001595c                DefaultLeftMotorSpeed
 .data.DefaultRightMotorSpeed
                0x20015960        0x4 build/src/main.o
                0x20015960                DefaultRightMotorSpeed
 .data.running  0x20015964        0x1 build/src/main.o
                0x20015964                running
 *fill*         0x20015965        0x3 
 .data.__yoff   0x20015968        0x4 d:\C++\VSCODE\data\user-data\User\globalStorage\vexrobotics.vexcode\sdk\cpp\IQ2\IQ2_20231003_10_00_00/vexiq2\libviq2rt.a(iq2_apijump.c.o)
 .data._ZN3vex24__default_motor_velocityE
                0x2001596c        0x4 d:\C++\VSCODE\data\user-data\User\globalStorage\vexrobotics.vexcode\sdk\cpp\IQ2\IQ2_20231003_10_00_00/vexiq2\libviq2rt.a(vex_motor.cpp.o)
                0x2001596c                vex::__default_motor_velocity
 .data._impure_ptr
                0x20015970        0x4 d:\C++\VSCODE\data\user-data\User\globalStorage\vexrobotics.vexcode\sdk\cpp\IQ2\IQ2_20231003_10_00_00/vexiq2/gcc/libs\libc_nano.a(lib_a-impure.o)
                0x20015970                _impure_ptr
 .data.impure_data
                0x20015974       0x60 d:\C++\VSCODE\data\user-data\User\globalStorage\vexrobotics.vexcode\sdk\cpp\IQ2\IQ2_20231003_10_00_00/vexiq2/gcc/libs\libc_nano.a(lib_a-impure.o)
 .data.__fdlib_version
                0x200159d4        0x1 d:\C++\VSCODE\data\user-data\User\globalStorage\vexrobotics.vexcode\sdk\cpp\IQ2\IQ2_20231003_10_00_00/vexiq2/gcc/libs\libm.a(lib_a-s_lib_ver.o)
                0x200159d4                __fdlib_version
 *(.gnu.linkonce.d.*)
 *(.jcr)
 *(.got)
 *(.got.plt)
                0x200159d5                __data_end = .

.igot.plt       0x200159d8        0x0
 .igot.plt      0x00000000        0x0 build/src/main.o

.data1          0x200159d5        0x0
                0x200159d5                __data1_start = .
                0x200159d5                __data1_load = .
 *(.data1)
 *(.data1.*)
                0x200159d5                __data1_end = .

.got
 *(.got)

.ctors          0x200159d5        0x0
                0x200159d5                __CTOR_LIST__ = .
                0x200159d5                ___CTORS_LIST___ = .
 *crtbegin.o(.ctors)
 *(EXCLUDE_FILE(*crtend.o) .ctors)
 *(SORT(.ctors.*))
 *(.ctors)
                0x200159d5                __CTOR_END__ = .
                0x200159d5                ___CTORS_END___ = .

.dtors          0x200159d5        0x0
                0x200159d5                __DTOR_LIST__ = .
                0x200159d5                ___DTORS_LIST___ = .
 *crtbegin.o(.dtors)
 *(EXCLUDE_FILE(*crtend.o) .dtors)
 *(SORT(.dtors.*))
 *(.dtors)
                0x200159d5                __DTOR_END__ = .
                0x200159d5                ___DTORS_END___ = .

.fixup          0x200159d5        0x0
                0x200159d5                __fixup_start = .
 *(.fixup)
                0x200159d5                __fixup_end = .

.eh_frame
 *(.eh_frame)

.eh_framehdr    0x200159d5        0x0
                0x200159d5                __eh_framehdr_start = .
 *(.eh_framehdr)
                0x200159d5                __eh_framehdr_end = .

.gcc_except_table
 *(.gcc_except_table)

.mmu_tbl        0x20018000        0x0
                0x20018000                __mmu_tbl_start = .
 *(.mmu_tbl)
                0x20018000                __mmu_tbl_end = .

.ARM.exidx      0x200159d8        0x8
                0x200159d8                __exidx_start = .
 *(.ARM.exidx*)
 .ARM.exidx.text._ZNSt3mapIPN3vex5motorEiSt4lessIS2_ESaISt4pairIKS2_iEEEC2ESt16initializer_listIS7_ERKS4_RKS8_
                0x200159d8        0x8 build/src/main.o
 .ARM.exidx.text._ZNSt3mapIPN3vex5motorEiSt4lessIS2_ESaISt4pairIKS2_iEEED2Ev
                0x200159e0        0x0 build/src/main.o
                                  0x8 (size before relaxing)
 .ARM.exidx.text._Z12sleepForTimei
                0x200159e0        0x0 build/src/main.o
                                  0x8 (size before relaxing)
 .ARM.exidx.text._Z8setSpeedPN3vex5motorEi
                0x200159e0        0x0 build/src/main.o
                                  0x8 (size before relaxing)
 .ARM.exidx.text._ZNSt3mapIPN3vex5motorEiSt4lessIS2_ESaISt4pairIKS2_iEEEixERS6_
                0x200159e0        0x0 build/src/main.o
                                  0x8 (size before relaxing)
 .ARM.exidx.text._Z10taskTuringv
                0x200159e0        0x0 build/src/main.o
                                  0x8 (size before relaxing)
 .ARM.exidx.text._Z13drawCoolFace1v
                0x200159e0        0x0 build/src/main.o
                                  0x8 (size before relaxing)
 .ARM.exidx.text._Z13drawCoolFace2v
                0x200159e0        0x0 build/src/main.o
                                  0x8 (size before relaxing)
 .ARM.exidx.text._Z13drawCoolFace3v
                0x200159e0        0x0 build/src/main.o
                                  0x8 (size before relaxing)
 .ARM.exidx.text._Z7setTurnii
                0x200159e0        0x0 build/src/main.o
                                  0x8 (size before relaxing)
 .ARM.exidx.text._Z13followLinePIDv
                0x200159e0        0x0 build/src/main.o
                                  0x8 (size before relaxing)
 .ARM.exidx.text._Z8redColorv
                0x200159e0        0x0 build/src/main.o